Archive member included to satisfy reference by file (symbol)

/usr/bin/../lib/gcc/arm-none-eabi/7.3.1/../../../../arm-none-eabi/lib/thumb/v7e-m/fpv4-sp/hard/libc.a(lib_a-abs.o)
                              _build/kobukiActuator.o (abs)
/usr/bin/../lib/gcc/arm-none-eabi/7.3.1/../../../../arm-none-eabi/lib/thumb/v7e-m/fpv4-sp/hard/libc.a(lib_a-assert.o)
                              _build/main.o (__assert_func)
/usr/bin/../lib/gcc/arm-none-eabi/7.3.1/../../../../arm-none-eabi/lib/thumb/v7e-m/fpv4-sp/hard/libc.a(lib_a-exit.o)
                              /usr/bin/../lib/gcc/arm-none-eabi/7.3.1/../../../../arm-none-eabi/lib/thumb/v7e-m/fpv4-sp/hard/crt0.o (exit)
/usr/bin/../lib/gcc/arm-none-eabi/7.3.1/../../../../arm-none-eabi/lib/thumb/v7e-m/fpv4-sp/hard/libc.a(lib_a-fiprintf.o)
                              /usr/bin/../lib/gcc/arm-none-eabi/7.3.1/../../../../arm-none-eabi/lib/thumb/v7e-m/fpv4-sp/hard/libc.a(lib_a-assert.o) (fiprintf)
/usr/bin/../lib/gcc/arm-none-eabi/7.3.1/../../../../arm-none-eabi/lib/thumb/v7e-m/fpv4-sp/hard/libc.a(lib_a-impure.o)
                              /usr/bin/../lib/gcc/arm-none-eabi/7.3.1/../../../../arm-none-eabi/lib/thumb/v7e-m/fpv4-sp/hard/libc.a(lib_a-exit.o) (_global_impure_ptr)
/usr/bin/../lib/gcc/arm-none-eabi/7.3.1/../../../../arm-none-eabi/lib/thumb/v7e-m/fpv4-sp/hard/libc.a(lib_a-init.o)
                              /usr/bin/../lib/gcc/arm-none-eabi/7.3.1/../../../../arm-none-eabi/lib/thumb/v7e-m/fpv4-sp/hard/crt0.o (__libc_init_array)
/usr/bin/../lib/gcc/arm-none-eabi/7.3.1/../../../../arm-none-eabi/lib/thumb/v7e-m/fpv4-sp/hard/libc.a(lib_a-locale.o)
                              _build/nrf_log_str_formatter.o (__locale_ctype_ptr)
/usr/bin/../lib/gcc/arm-none-eabi/7.3.1/../../../../arm-none-eabi/lib/thumb/v7e-m/fpv4-sp/hard/libc.a(lib_a-mbtowc_r.o)
                              /usr/bin/../lib/gcc/arm-none-eabi/7.3.1/../../../../arm-none-eabi/lib/thumb/v7e-m/fpv4-sp/hard/libc.a(lib_a-locale.o) (__ascii_mbtowc)
/usr/bin/../lib/gcc/arm-none-eabi/7.3.1/../../../../arm-none-eabi/lib/thumb/v7e-m/fpv4-sp/hard/libc.a(lib_a-memcmp.o)
                              _build/nrf_twi_mngr.o (memcmp)
/usr/bin/../lib/gcc/arm-none-eabi/7.3.1/../../../../arm-none-eabi/lib/thumb/v7e-m/fpv4-sp/hard/libc.a(lib_a-memcpy.o)
                              _build/kobukiUART.o (memcpy)
/usr/bin/../lib/gcc/arm-none-eabi/7.3.1/../../../../arm-none-eabi/lib/thumb/v7e-m/fpv4-sp/hard/libc.a(lib_a-memset.o)
                              /usr/bin/../lib/gcc/arm-none-eabi/7.3.1/../../../../arm-none-eabi/lib/thumb/v7e-m/fpv4-sp/hard/crt0.o (memset)
/usr/bin/../lib/gcc/arm-none-eabi/7.3.1/../../../../arm-none-eabi/lib/thumb/v7e-m/fpv4-sp/hard/libc.a(lib_a-printf.o)
                              _build/main.o (printf)
/usr/bin/../lib/gcc/arm-none-eabi/7.3.1/../../../../arm-none-eabi/lib/thumb/v7e-m/fpv4-sp/hard/libc.a(lib_a-setbuf.o)
                              _build/before_startup.o (setbuf)
/usr/bin/../lib/gcc/arm-none-eabi/7.3.1/../../../../arm-none-eabi/lib/thumb/v7e-m/fpv4-sp/hard/libc.a(lib_a-setvbuf.o)
                              /usr/bin/../lib/gcc/arm-none-eabi/7.3.1/../../../../arm-none-eabi/lib/thumb/v7e-m/fpv4-sp/hard/libc.a(lib_a-setbuf.o) (setvbuf)
/usr/bin/../lib/gcc/arm-none-eabi/7.3.1/../../../../arm-none-eabi/lib/thumb/v7e-m/fpv4-sp/hard/libc.a(lib_a-sprintf.o)
                              _build/main.o (sprintf)
/usr/bin/../lib/gcc/arm-none-eabi/7.3.1/../../../../arm-none-eabi/lib/thumb/v7e-m/fpv4-sp/hard/libc.a(lib_a-strcmp.o)
                              /usr/bin/../lib/gcc/arm-none-eabi/7.3.1/../../../../arm-none-eabi/lib/thumb/v7e-m/fpv4-sp/hard/libc.a(lib_a-locale.o) (strcmp)
/usr/bin/../lib/gcc/arm-none-eabi/7.3.1/../../../../arm-none-eabi/lib/thumb/v7e-m/fpv4-sp/hard/libc.a(lib_a-strcpy.o)
                              _build/SEGGER_RTT.o (strcpy)
/usr/bin/../lib/gcc/arm-none-eabi/7.3.1/../../../../arm-none-eabi/lib/thumb/v7e-m/fpv4-sp/hard/libc.a(lib_a-strlen.o)
                              _build/display.o (strlen)
/usr/bin/../lib/gcc/arm-none-eabi/7.3.1/../../../../arm-none-eabi/lib/thumb/v7e-m/fpv4-sp/hard/libc.a(lib_a-svfprintf.o)
                              /usr/bin/../lib/gcc/arm-none-eabi/7.3.1/../../../../arm-none-eabi/lib/thumb/v7e-m/fpv4-sp/hard/libc.a(lib_a-sprintf.o) (_svfprintf_r)
/usr/bin/../lib/gcc/arm-none-eabi/7.3.1/../../../../arm-none-eabi/lib/thumb/v7e-m/fpv4-sp/hard/libc.a(lib_a-vfiprintf.o)
                              /usr/bin/../lib/gcc/arm-none-eabi/7.3.1/../../../../arm-none-eabi/lib/thumb/v7e-m/fpv4-sp/hard/libc.a(lib_a-fiprintf.o) (_vfiprintf_r)
/usr/bin/../lib/gcc/arm-none-eabi/7.3.1/../../../../arm-none-eabi/lib/thumb/v7e-m/fpv4-sp/hard/libc.a(lib_a-vfprintf.o)
                              /usr/bin/../lib/gcc/arm-none-eabi/7.3.1/../../../../arm-none-eabi/lib/thumb/v7e-m/fpv4-sp/hard/libc.a(lib_a-printf.o) (_vfprintf_r)
[...]
Memory Configuration

Name             Origin             Length             Attributes
FLASH            0x0000000000026000 0x0000000000059000 xr
RAM              0x00000000200098a8 0x0000000000006758 xrw
bootloader_settings_page 0x000000000007f000 0x0000000000001000 r
uicr_bootloader_start_address 0x0000000010001014 0x0000000000000004 r
*default*        0x0000000000000000 0xffffffffffffffff

Linker script and memory map


.text           0x0000000000026000     0xbda8
 *(.isr_vector)
 .isr_vector    0x0000000000026000      0x200 _build/gcc_startup_nrf52.os
                0x0000000000026000                __isr_vector
 *(.text*)
 .text          0x0000000000026200       0x40 /usr/bin/../lib/gcc/arm-none-eabi/7.3.1/thumb/v7e-m/fpv4-sp/hard/crtbegin.o
 .text          0x0000000000026240       0x74 /usr/bin/../lib/gcc/arm-none-eabi/7.3.1/../../../../arm-none-eabi/lib/thumb/v7e-m/fpv4-sp/hard/crt0.o
                0x0000000000026240                _mainCRTStartup
                0x0000000000026240                _start
 .text.nrf_delay_ms
                0x00000000000262b4       0x1c _build/main.o
 .text.pixy_spi_open
                0x00000000000262d0       0x30 _build/main.o
                0x00000000000262d0                pixy_spi_open
 .text.pixy_spi_recv
                0x0000000000026300       0x4c _build/main.o
                0x0000000000026300                pixy_spi_recv
 .text.pixy_spi_send
                0x000000000002634c       0x34 _build/main.o
                0x000000000002634c                pixy_spi_send
 .text.getSync  0x0000000000026380       0xb4 _build/main.o
                0x0000000000026380                getSync
 .text.recvPacket
                0x0000000000026434       0xac _build/main.o
                0x0000000000026434                recvPacket
 .text.sendPacket
                0x00000000000264e0       0x2c _build/main.o
                0x00000000000264e0                sendPacket
 .text.getVersion
                0x000000000002650c       0x50 _build/main.o
                0x000000000002650c                getVersion
 .text.getResolution
                0x000000000002655c       0x60 _build/main.o
                0x000000000002655c                getResolution
 .text.pixyInit
                0x00000000000265bc       0x48 _build/main.o
                0x00000000000265bc                pixyInit
 .text.setLED   0x0000000000026604       0x50 _build/main.o
                0x0000000000026604                setLED
 .text.getBlocks
                0x0000000000026654       0x80 _build/main.o
                0x0000000000026654                getBlocks
 .text.pixy_ftl_init
                0x00000000000266d4       0x4c _build/main.o
                0x00000000000266d4                pixy_ftl_init
 .text.pixy_ftl_change_tolerance
                0x0000000000026720       0x7c _build/main.o
                0x0000000000026720                pixy_ftl_change_tolerance
 .text.pixy_ftl_locate_leader
                0x000000000002679c       0xa0 _build/main.o
                0x000000000002679c                pixy_ftl_locate_leader
 .text.startup.main
                0x000000000002683c       0x58 _build/main.o
                0x000000000002683c                main
 .text.nrf_delay_ms.part.0
                0x0000000000026894       0x1c _build/better_error_handling.o
 .text.app_error_fault_handler
                0x00000000000268b0      0x128 _build/better_error_handling.o
                0x00000000000268b0                app_error_fault_handler
 .text.HardFault_process
                0x00000000000269d8       0x9a _build/better_error_handling.o
                0x00000000000269d8                HardFault_process
 .text._GetAvailWriteSpace
                0x0000000000026a72       0x1c _build/SEGGER_RTT.o
 .text._WriteNoCheck
                0x0000000000026a8e       0x3a _build/SEGGER_RTT.o
 .text._WriteBlocking
                0x0000000000026ac8       0x52 _build/SEGGER_RTT.o
 *fill*         0x0000000000026b1a        0x2 
 .text._DoInit  0x0000000000026b1c       0x60 _build/SEGGER_RTT.o
 .text.SEGGER_RTT_WriteNoLock
                0x0000000000026b7c       0x68 _build/SEGGER_RTT.o
                0x0000000000026b7c                SEGGER_RTT_WriteNoLock
 .text.SEGGER_RTT_Write
                0x0000000000026be4       0x3c _build/SEGGER_RTT.o
                0x0000000000026be4                SEGGER_RTT_Write
 .text._write_r
                0x0000000000026c20       0x12 _build/SEGGER_RTT_Syscalls_GCC.o
                0x0000000000026c20                _write_r
 .text.app_error_handler
                0x0000000000026c32       0x1a _build/app_error_handler_gcc.o
                0x0000000000026c32                app_error_handler
 .text.user_op_alloc
                0x0000000000026c4c       0x2c _build/app_timer.o
 .text.timer_stop_op_schedule
                0x0000000000026c78       0x50 _build/app_timer.o
 .text.nrfx_coredep_delay_us.constprop.3
                0x0000000000026cc8       0x10 _build/app_timer.o
 .text.RTC1_IRQHandler
                0x0000000000026cd8       0x9c _build/app_timer.o
                0x0000000000026cd8                RTC1_IRQHandler
 .text.SWI0_EGU0_IRQHandler
                0x0000000000026d74      0x2a4 _build/app_timer.o
                0x0000000000026d74                SWI0_EGU0_IRQHandler
 .text.app_timer_start
                0x0000000000027018       0x88 _build/app_timer.o
                0x0000000000027018                app_timer_start
 .text.app_timer_stop
                0x00000000000270a0       0x20 _build/app_timer.o
                0x00000000000270a0                app_timer_stop
 .text.privilege_level_get
                0x00000000000270c0       0x1a _build/app_util_platform.o
                0x00000000000270c0                privilege_level_get
 *fill*         0x00000000000270da        0x2 
 .text.app_util_critical_region_enter
                0x00000000000270dc       0x60 _build/app_util_platform.o
                0x00000000000270dc                app_util_critical_region_enter
 .text.app_util_critical_region_exit
                0x000000000002713c       0x40 _build/app_util_platform.o
                0x000000000002713c                app_util_critical_region_exit
 .text.startup.called_first
                0x000000000002717c       0x10 _build/before_startup.o
                0x000000000002717c                called_first
 .text.HardFault_Handler
                0x000000000002718c       0x34 _build/hardfault_handler_gcc.o
                0x000000000002718c                HardFault_Handler
 .text.HardFault_c_handler
                0x00000000000271c0      0x104 _build/hardfault_implementation.o
                0x00000000000271c0                HardFault_c_handler
 .text.nrf_atomic_u32_fetch_store
                0x00000000000272c4       0x14 _build/nrf_atomic.o
                0x00000000000272c4                nrf_atomic_u32_fetch_store
 .text.nrf_atomic_u32_or
                0x00000000000272d8       0x16 _build/nrf_atomic.o
                0x00000000000272d8                nrf_atomic_u32_or
 .text.nrf_atomic_u32_fetch_and
                0x00000000000272ee       0x16 _build/nrf_atomic.o
                0x00000000000272ee                nrf_atomic_u32_fetch_and
 .text.nrf_atomic_u32_add
                0x0000000000027304       0x16 _build/nrf_atomic.o
                0x0000000000027304                nrf_atomic_u32_add
 .text.nrf_atomic_u32_sub
                0x000000000002731a       0x16 _build/nrf_atomic.o
                0x000000000002731a                nrf_atomic_u32_sub
 .text.nrf_atomic_flag_set
                0x0000000000027330        0x6 _build/nrf_atomic.o
                0x0000000000027330                nrf_atomic_flag_set
 .text.nrf_atomic_flag_clear_fetch
                0x0000000000027336        0x6 _build/nrf_atomic.o
                0x0000000000027336                nrf_atomic_flag_clear_fetch
 .text.nrf_balloc_alloc
                0x000000000002733c       0x5c _build/nrf_balloc.o
                0x000000000002733c                nrf_balloc_alloc
 .text.nrf_balloc_free
                0x0000000000027398       0x50 _build/nrf_balloc.o
                0x0000000000027398                nrf_balloc_free
 .text.clock_clk_started_notify
                0x00000000000273e8       0x28 _build/nrf_drv_clock.o
 .text.clock_irq_handler
                0x0000000000027410       0x1c _build/nrf_drv_clock.o
 .text.soc_evt_handler
                0x000000000002742c       0x14 _build/nrf_drv_clock.o
 .text.nrf_drv_clock_init
                0x0000000000027440       0x38 _build/nrf_drv_clock.o
                0x0000000000027440                nrf_drv_clock_init
 .text.nrf_drv_clock_lfclk_release
                0x0000000000027478       0x60 _build/nrf_drv_clock.o
                0x0000000000027478                nrf_drv_clock_lfclk_release
 .text.sd_state_evt_handler
                0x00000000000274d8       0x6c _build/nrf_drv_clock.o
 .text.spim_evt_handler
                0x0000000000027544       0x3c _build/nrf_drv_spi.o
 .text.nrf_drv_spi_init
                0x0000000000027580       0x80 _build/nrf_drv_spi.o
                0x0000000000027580                nrf_drv_spi_init
 .text.invalid_packets_omit
                0x0000000000027600       0x3a _build/nrf_log_frontend.o
 *fill*         0x000000000002763a        0x2 
 .text.buf_prealloc
                0x000000000002763c      0x138 _build/nrf_log_frontend.o
 .text.buffer_is_empty
                0x0000000000027774       0x14 _build/nrf_log_frontend.o
                0x0000000000027774                buffer_is_empty
 .text.nrf_log_frontend_dequeue
                0x0000000000027788      0x228 _build/nrf_log_frontend.o
                0x0000000000027788                nrf_log_frontend_dequeue
 .text.std_n    0x00000000000279b0       0xd8 _build/nrf_log_frontend.o
 .text.nrf_log_frontend_std_0
                0x0000000000027a88        0x8 _build/nrf_log_frontend.o
                0x0000000000027a88                nrf_log_frontend_std_0
 .text.nrf_log_frontend_std_1
                0x0000000000027a90       0x14 _build/nrf_log_frontend.o
                0x0000000000027a90                nrf_log_frontend_std_1
 .text.nrf_log_frontend_std_2
                0x0000000000027aa4       0x14 _build/nrf_log_frontend.o
                0x0000000000027aa4                nrf_log_frontend_std_2
 .text.nrf_log_frontend_std_3
                0x0000000000027ab8       0x18 _build/nrf_log_frontend.o
                0x0000000000027ab8                nrf_log_frontend_std_3
 .text.nrf_log_frontend_std_4
                0x0000000000027ad0       0x1c _build/nrf_log_frontend.o
                0x0000000000027ad0                nrf_log_frontend_std_4
 .text.nrf_log_panic
                0x0000000000027aec       0x2c _build/nrf_log_frontend.o
                0x0000000000027aec                nrf_log_panic
 .text.memobj_op
                0x0000000000027b18       0xa4 _build/nrf_memobj.o
 .text.nrf_memobj_free
                0x0000000000027bbc       0x2c _build/nrf_memobj.o
                0x0000000000027bbc                nrf_memobj_free
 .text.nrf_memobj_alloc
                0x0000000000027be8       0x5e _build/nrf_memobj.o
                0x0000000000027be8                nrf_memobj_alloc
 .text.nrf_memobj_get
                0x0000000000027c46        0x8 _build/nrf_memobj.o
                0x0000000000027c46                nrf_memobj_get
 .text.nrf_memobj_put
                0x0000000000027c4e       0x1e _build/nrf_memobj.o
                0x0000000000027c4e                nrf_memobj_put
 .text.nrf_memobj_write
                0x0000000000027c6c       0x2c _build/nrf_memobj.o
                0x0000000000027c6c                nrf_memobj_write
 .text.nrf_section_iter_init
                0x0000000000027c98       0x30 _build/nrf_section_iter.o
                0x0000000000027c98                nrf_section_iter_init
 .text.nrf_section_iter_next
                0x0000000000027cc8       0x38 _build/nrf_section_iter.o
                0x0000000000027cc8                nrf_section_iter_next
 .text.nrf_strerror_find
                0x0000000000027d00       0x3c _build/nrf_strerror.o
                0x0000000000027d00                nrf_strerror_find
 .text.nrf_strerror_get
                0x0000000000027d3c       0x14 _build/nrf_strerror.o
                0x0000000000027d3c                nrf_strerror_get
 .text.nrfx_clock_init
                0x0000000000027d50       0x2c _build/nrfx_clock.o
                0x0000000000027d50                nrfx_clock_init
 .text.nrfx_clock_enable
                0x0000000000027d7c       0x3c _build/nrfx_clock.o
                0x0000000000027d7c                nrfx_clock_enable
 .text.nrfx_clock_lfclk_stop
                0x0000000000027db8       0x30 _build/nrfx_clock.o
                0x0000000000027db8                nrfx_clock_lfclk_stop
 .text.POWER_CLOCK_IRQHandler
                0x0000000000027de8       0x64 _build/nrfx_clock.o
                0x0000000000027de8                POWER_CLOCK_IRQHandler
 .text.nrf_gpiote_event_clear
                0x0000000000027e4c       0x18 _build/nrfx_gpiote.o
 .text.channel_free
                0x0000000000027e64       0x1c _build/nrfx_gpiote.o
 .text.nrf_gpio_pin_port_decode.isra.0.part.1
                0x0000000000027e80       0x10 _build/nrfx_gpiote.o
 .text.nrf_gpio_cfg_sense_set
                0x0000000000027e90       0x2e _build/nrfx_gpiote.o
 *fill*         0x0000000000027ebe        0x2 
 .text.nrfx_gpiote_init
                0x0000000000027ec0       0x6c _build/nrfx_gpiote.o
                0x0000000000027ec0                nrfx_gpiote_init
 .text.nrfx_gpiote_is_init
                0x0000000000027f2c       0x14 _build/nrfx_gpiote.o
                0x0000000000027f2c                nrfx_gpiote_is_init
 .text.nrfx_gpiote_out_init
                0x0000000000027f40      0x11c _build/nrfx_gpiote.o
                0x0000000000027f40                nrfx_gpiote_out_init
 .text.nrfx_gpiote_out_set
                0x000000000002805c       0x5c _build/nrfx_gpiote.o
                0x000000000002805c                nrfx_gpiote_out_set
 .text.nrfx_gpiote_out_clear
                0x00000000000280b8       0x5c _build/nrfx_gpiote.o
                0x00000000000280b8                nrfx_gpiote_out_clear
 .text.GPIOTE_IRQHandler
                0x0000000000028114      0x18c _build/nrfx_gpiote.o
                0x0000000000028114                GPIOTE_IRQHandler
 .text.UARTE0_UART0_IRQHandler
                0x00000000000282a0       0x20 _build/nrfx_prs.o
                0x00000000000282a0                UARTE0_UART0_IRQHandler
 .text.nrfx_prs_acquire
                0x00000000000282c0       0x50 _build/nrfx_prs.o
                0x00000000000282c0                nrfx_prs_acquire
 .text.nrf_pwm_event_clear
                0x0000000000028310       0x10 _build/nrfx_pwm.o
 .text.irq_handler
                0x0000000000028320       0x80 _build/nrfx_pwm.o
 .text.PWM0_IRQHandler
                0x00000000000283a0       0x10 _build/nrfx_pwm.o
                0x00000000000283a0                PWM0_IRQHandler
 .text.PWM1_IRQHandler
                0x00000000000283b0       0x10 _build/nrfx_pwm.o
                0x00000000000283b0                PWM1_IRQHandler
 .text.PWM2_IRQHandler
                0x00000000000283c0       0x10 _build/nrfx_pwm.o
                0x00000000000283c0                PWM2_IRQHandler
 .text.nrf_saadc_event_clear
                0x00000000000283d0       0x18 _build/nrfx_saadc.o
 .text.SAADC_IRQHandler
                0x00000000000283e8      0x164 _build/nrfx_saadc.o
                0x00000000000283e8                SAADC_IRQHandler
 .text.nrf_gpio_pin_port_decode.isra.0.part.1
                0x000000000002854c       0x10 _build/nrfx_spim.o
 .text.nrf_gpio_pin_clear
                0x000000000002855c       0x1c _build/nrfx_spim.o
 .text.nrf_gpio_pin_set
                0x0000000000028578       0x1c _build/nrfx_spim.o
 .text.SPIM1_SPIS1_TWIM1_TWIS1_SPI1_TWI1_IRQHandler
                0x0000000000028594       0x64 _build/nrfx_spim.o
                0x0000000000028594                SPIM1_SPIS1_TWIM1_TWIS1_SPI1_TWI1_IRQHandler
 .text.nrfx_spim_init
                0x00000000000285f8      0x21c _build/nrfx_spim.o
                0x00000000000285f8                nrfx_spim_init
 .text.nrfx_spim_xfer
                0x0000000000028814      0x170 _build/nrfx_spim.o
                0x0000000000028814                nrfx_spim_xfer
 .text.irq_handler.constprop.0
                0x0000000000028984       0x4c _build/nrfx_timer.o
 .text.TIMER0_IRQHandler
                0x00000000000289d0       0x10 _build/nrfx_timer.o
                0x00000000000289d0                TIMER0_IRQHandler
 .text.TIMER1_IRQHandler
                0x00000000000289e0       0x10 _build/nrfx_timer.o
                0x00000000000289e0                TIMER1_IRQHandler
 .text.nrf_twim_event_clear
                0x00000000000289f0       0x10 _build/nrfx_twim.o
 .text.SPIM0_SPIS0_TWIM0_TWIS0_SPI0_TWI0_IRQHandler
                0x0000000000028a00      0x158 _build/nrfx_twim.o
                0x0000000000028a00                SPIM0_SPIS0_TWIM0_TWIS0_SPI0_TWI0_IRQHandler
 .text.ble_advdata_search
                0x0000000000028b58       0x38 _build/ble_advdata.o
                0x0000000000028b58                ble_advdata_search
 .text.ble_advdata_parse
                0x0000000000028b90       0x20 _build/ble_advdata.o
                0x0000000000028b90                ble_advdata_parse
 .text.sd_ble_gap_adv_set_configure
                0x0000000000028bb0        0x4 _build/ble_advertising.o
 .text.sd_ble_gap_adv_start
                0x0000000000028bb4        0x4 _build/ble_advertising.o
 .text.flags_set
                0x0000000000028bb8       0x2c _build/ble_advertising.o
 .text.ble_advertising_start
                0x0000000000028be4      0x21c _build/ble_advertising.o
                0x0000000000028be4                ble_advertising_start
 .text.ble_advertising_on_ble_evt
                0x0000000000028e00       0x6a _build/ble_advertising.o
                0x0000000000028e00                ble_advertising_on_ble_evt
 .text.ble_advertising_on_sys_evt
                0x0000000000028e6a        0x2 _build/ble_advertising.o
                0x0000000000028e6a                ble_advertising_on_sys_evt
 .text.instance_get
                0x0000000000028e6c       0x14 _build/ble_conn_params.o
 .text.send_error_evt
                0x0000000000028e80       0x10 _build/ble_conn_params.o
 .text.conn_params_negotiation
                0x0000000000028e90       0x48 _build/ble_conn_params.o
 .text.is_conn_params_ok.constprop.3
                0x0000000000028ed8       0x3a _build/ble_conn_params.o
 *fill*         0x0000000000028f12        0x2 
 .text.ble_evt_handler
                0x0000000000028f14       0xe0 _build/ble_conn_params.o
 .text.ble_srv_is_notification_enabled
                0x0000000000028ff4        0x8 _build/ble_srv_common.o
                0x0000000000028ff4                ble_srv_is_notification_enabled
 .text.sd_ble_gap_data_length_update
                0x0000000000028ffc        0x4 _build/nrf_ble_gatt.o
 .text.sd_ble_gattc_exchange_mtu_request
                0x0000000000029000        0x4 _build/nrf_ble_gatt.o
 .text.sd_ble_gatts_exchange_mtu_reply
                0x0000000000029004        0x4 _build/nrf_ble_gatt.o
 .text.data_length_update
                0x0000000000029008       0x7c _build/nrf_ble_gatt.o
 .text.nrf_ble_gatt_on_ble_evt
                0x0000000000029084      0x1b0 _build/nrf_ble_gatt.o
                0x0000000000029084                nrf_ble_gatt_on_ble_evt
 .text.sd_ble_gatts_rw_authorize_reply
                0x0000000000029234        0x4 _build/nrf_ble_qwr.o
 .text.sd_ble_user_mem_reply
                0x0000000000029238        0x4 _build/nrf_ble_qwr.o
 .text.user_mem_reply.part.0
                0x000000000002923c       0x24 _build/nrf_ble_qwr.o
 .text.nrf_ble_qwr_conn_handle_assign
                0x0000000000029260       0x16 _build/nrf_ble_qwr.o
                0x0000000000029260                nrf_ble_qwr_conn_handle_assign
 .text.nrf_ble_qwr_on_ble_evt
                0x0000000000029276       0xa0 _build/nrf_ble_qwr.o
                0x0000000000029276                nrf_ble_qwr_on_ble_evt
 *fill*         0x0000000000029316        0x2 
 .text.nrf_sdh_is_enabled
                0x0000000000029318        0xc _build/nrf_sdh.o
                0x0000000000029318                nrf_sdh_is_enabled
 .text.nrf_sdh_evts_poll
                0x0000000000029324       0x28 _build/nrf_sdh.o
                0x0000000000029324                nrf_sdh_evts_poll
 .text.SWI2_EGU2_IRQHandler
                0x000000000002934c        0x4 _build/nrf_sdh.o
                0x000000000002934c                SWI2_EGU2_IRQHandler
 .text.sd_ble_evt_get
                0x0000000000029350        0x4 _build/nrf_sdh_ble.o
 .text.nrf_sdh_ble_evts_poll.part.0
                0x0000000000029354       0x58 _build/nrf_sdh_ble.o
 .text.nrf_sdh_ble_evts_poll
                0x00000000000293ac       0x10 _build/nrf_sdh_ble.o
 .text.sd_ble_gap_disconnect
                0x00000000000293bc        0x4 _build/simple_ble.o
 .text.sd_ble_gap_sec_params_reply
                0x00000000000293c0        0x4 _build/simple_ble.o
 .text.sd_ble_gap_sec_info_reply
                0x00000000000293c4        0x4 _build/simple_ble.o
 .text.sd_ble_gap_scan_start
                0x00000000000293c8        0x4 _build/simple_ble.o
 .text.sd_ble_gap_phy_update
                0x00000000000293cc        0x4 _build/simple_ble.o
 .text.sd_ble_gatts_sys_attr_set
                0x00000000000293d0        0x4 _build/simple_ble.o
 .text.sd_power_system_off
                0x00000000000293d4        0x4 _build/simple_ble.o
 .text.on_ble_evt
                0x00000000000293d8      0x1d0 _build/simple_ble.o
 .text.assert_nrf_callback
                0x00000000000295a8       0x20 _build/simple_ble.o
                0x00000000000295a8                assert_nrf_callback
 .text.errata_12
                0x00000000000295c8       0x40 _build/system_nrf52.o
 .text.errata_16
                0x0000000000029608       0x34 _build/system_nrf52.o
 .text.SystemInit
                0x000000000002963c      0x25c _build/system_nrf52.o
                0x000000000002963c                SystemInit
 .text          0x0000000000029898       0x3c _build/gcc_startup_nrf52.os
                0x0000000000029898                Reset_Handler
                0x00000000000298c0                NMI_Handler
                0x00000000000298c4                MemoryManagement_Handler
                0x00000000000298c6                BusFault_Handler
                0x00000000000298c8                UsageFault_Handler
                0x00000000000298ca                SVC_Handler
                0x00000000000298cc                DebugMon_Handler
                0x00000000000298ce                PendSV_Handler
                0x00000000000298d0                SysTick_Handler
                0x00000000000298d2                TIMER2_IRQHandler
                0x00000000000298d2                RTC0_IRQHandler
                0x00000000000298d2                RADIO_IRQHandler
                0x00000000000298d2                PDM_IRQHandler
                0x00000000000298d2                TEMP_IRQHandler
                0x00000000000298d2                QDEC_IRQHandler
                0x00000000000298d2                TIMER3_IRQHandler
                0x00000000000298d2                FPU_IRQHandler
                0x00000000000298d2                TIMER4_IRQHandler
                0x00000000000298d2                I2S_IRQHandler
                0x00000000000298d2                SWI4_EGU4_IRQHandler
                0x00000000000298d2                ECB_IRQHandler
                0x00000000000298d2                Default_Handler
                0x00000000000298d2                CCM_AAR_IRQHandler
                0x00000000000298d2                WDT_IRQHandler
                0x00000000000298d2                SWI5_EGU5_IRQHandler
                0x00000000000298d2                RNG_IRQHandler
                0x00000000000298d2                RTC2_IRQHandler
                0x00000000000298d2                SWI3_EGU3_IRQHandler
                0x00000000000298d2                SWI1_EGU1_IRQHandler
                0x00000000000298d2                SPIM2_SPIS2_SPI2_IRQHandler
                0x00000000000298d2                NFCT_IRQHandler
                0x00000000000298d2                MWU_IRQHandler
                0x00000000000298d2                COMP_LPCOMP_IRQHandler
 .text.__assert_func
                0x00000000000298d4       0x3c /usr/bin/../lib/gcc/arm-none-eabi/7.3.1/../../../../arm-none-eabi/lib/thumb/v7e-m/fpv4-sp/hard/libc.a(lib_a-assert.o)
                0x00000000000298d4                __assert_func
 .text.exit     0x0000000000029910       0x20 /usr/bin/../lib/gcc/arm-none-eabi/7.3.1/../../../../arm-none-eabi/lib/thumb/v7e-m/fpv4-sp/hard/libc.a(lib_a-exit.o)
                0x0000000000029910                exit
 .text.fiprintf
                0x0000000000029930       0x28 /usr/bin/../lib/gcc/arm-none-eabi/7.3.1/../../../../arm-none-eabi/lib/thumb/v7e-m/fpv4-sp/hard/libc.a(lib_a-fiprintf.o)
                0x0000000000029930                fiprintf
 .text.__libc_init_array
                0x0000000000029958       0x48 /usr/bin/../lib/gcc/arm-none-eabi/7.3.1/../../../../arm-none-eabi/lib/thumb/v7e-m/fpv4-sp/hard/libc.a(lib_a-init.o)
                0x0000000000029958                __libc_init_array
 .text.__locale_mb_cur_max
                0x00000000000299a0       0x1c /usr/bin/../lib/gcc/arm-none-eabi/7.3.1/../../../../arm-none-eabi/lib/thumb/v7e-m/fpv4-sp/hard/libc.a(lib_a-locale.o)
                0x00000000000299a0                __locale_mb_cur_max
 .text.__ascii_mbtowc
                0x00000000000299bc       0x2c /usr/bin/../lib/gcc/arm-none-eabi/7.3.1/../../../../arm-none-eabi/lib/thumb/v7e-m/fpv4-sp/hard/libc.a(lib_a-mbtowc_r.o)
                0x00000000000299bc                __ascii_mbtowc
 .text          0x00000000000299e8      0x134 /usr/bin/../lib/gcc/arm-none-eabi/7.3.1/../../../../arm-none-eabi/lib/thumb/v7e-m/fpv4-sp/hard/libc.a(lib_a-memcpy.o)
                0x00000000000299e8                memcpy
 .text.memset   0x0000000000029b1c       0x94 /usr/bin/../lib/gcc/arm-none-eabi/7.3.1/../../../../arm-none-eabi/lib/thumb/v7e-m/fpv4-sp/hard/libc.a(lib_a-memset.o)
                0x0000000000029b1c                memset
 .text.printf   0x0000000000029bb0       0x28 /usr/bin/../lib/gcc/arm-none-eabi/7.3.1/../../../../arm-none-eabi/lib/thumb/v7e-m/fpv4-sp/hard/libc.a(lib_a-printf.o)
                0x0000000000029bb0                printf
 .text.setbuf   0x0000000000029bd8       0x10 /usr/bin/../lib/gcc/arm-none-eabi/7.3.1/../../../../arm-none-eabi/lib/thumb/v7e-m/fpv4-sp/hard/libc.a(lib_a-setbuf.o)
                0x0000000000029bd8                setbuf
 .text.setvbuf  0x0000000000029be8      0x180 /usr/bin/../lib/gcc/arm-none-eabi/7.3.1/../../../../arm-none-eabi/lib/thumb/v7e-m/fpv4-sp/hard/libc.a(lib_a-setvbuf.o)
                0x0000000000029be8                setvbuf
 .text.strcpy   0x0000000000029d68       0xbc /usr/bin/../lib/gcc/arm-none-eabi/7.3.1/../../../../arm-none-eabi/lib/thumb/v7e-m/fpv4-sp/hard/libc.a(lib_a-strcpy.o)
                0x0000000000029d68                strcpy
 *fill*         0x0000000000029e24       0x1c 
 .text          0x0000000000029e40       0xdc /usr/bin/../lib/gcc/arm-none-eabi/7.3.1/../../../../arm-none-eabi/lib/thumb/v7e-m/fpv4-sp/hard/libc.a(lib_a-strlen.o)
                0x0000000000029e40                strlen
 .text.__sprint_r.part.0
                0x0000000000029f1c       0x78 /usr/bin/../lib/gcc/arm-none-eabi/7.3.1/../../../../arm-none-eabi/lib/thumb/v7e-m/fpv4-sp/hard/libc.a(lib_a-vfiprintf.o)
 .text.__sprint_r
                0x0000000000029f94       0x14 /usr/bin/../lib/gcc/arm-none-eabi/7.3.1/../../../../arm-none-eabi/lib/thumb/v7e-m/fpv4-sp/hard/libc.a(lib_a-vfiprintf.o)
                0x0000000000029f94                __sprint_r
 .text._vfiprintf_r
                0x0000000000029fa8      0xce4 /usr/bin/../lib/gcc/arm-none-eabi/7.3.1/../../../../arm-none-eabi/lib/thumb/v7e-m/fpv4-sp/hard/libc.a(lib_a-vfiprintf.o)
                0x0000000000029fa8                _vfiprintf_r
 .text.__sbprintf
                0x000000000002ac8c       0x84 /usr/bin/../lib/gcc/arm-none-eabi/7.3.1/../../../../arm-none-eabi/lib/thumb/v7e-m/fpv4-sp/hard/libc.a(lib_a-vfiprintf.o)
 .text._vfprintf_r
                0x000000000002ad10     0x1a7c /usr/bin/../lib/gcc/arm-none-eabi/7.3.1/../../../../arm-none-eabi/lib/thumb/v7e-m/fpv4-sp/hard/libc.a(lib_a-vfprintf.o)
                0x000000000002ad10                _vfprintf_r
 .text.__sbprintf
                0x000000000002c78c       0x84 /usr/bin/../lib/gcc/arm-none-eabi/7.3.1/../../../../arm-none-eabi/lib/thumb/v7e-m/fpv4-sp/hard/libc.a(lib_a-vfprintf.o)
 .text.__ascii_wctomb
                0x000000000002c810       0x1c /usr/bin/../lib/gcc/arm-none-eabi/7.3.1/../../../../arm-none-eabi/lib/thumb/v7e-m/fpv4-sp/hard/libc.a(lib_a-wctomb_r.o)
                0x000000000002c810                __ascii_wctomb
 .text.__swsetup_r
                0x000000000002c82c       0xcc /usr/bin/../lib/gcc/arm-none-eabi/7.3.1/../../../../arm-none-eabi/lib/thumb/v7e-m/fpv4-sp/hard/libc.a(lib_a-wsetup.o)
                0x000000000002c82c                __swsetup_r
 .text.startup.register_fini
                0x000000000002c8f8       0x14 /usr/bin/../lib/gcc/arm-none-eabi/7.3.1/../../../../arm-none-eabi/lib/thumb/v7e-m/fpv4-sp/hard/libc.a(lib_a-__call_atexit.o)
 .text.__call_exitprocs
                0x000000000002c90c       0xe8 /usr/bin/../lib/gcc/arm-none-eabi/7.3.1/../../../../arm-none-eabi/lib/thumb/v7e-m/fpv4-sp/hard/libc.a(lib_a-__call_atexit.o)
                0x000000000002c90c                __call_exitprocs
 .text.abort    0x000000000002c9f4       0x10 /usr/bin/../lib/gcc/arm-none-eabi/7.3.1/../../../../arm-none-eabi/lib/thumb/v7e-m/fpv4-sp/hard/libc.a(lib_a-abort.o)
                0x000000000002c9f4                abort
 .text.atexit   0x000000000002ca04        0xc /usr/bin/../lib/gcc/arm-none-eabi/7.3.1/../../../../arm-none-eabi/lib/thumb/v7e-m/fpv4-sp/hard/libc.a(lib_a-atexit.o)
                0x000000000002ca04                atexit
 .text.quorem   0x000000000002ca10      0x124 /usr/bin/../lib/gcc/arm-none-eabi/7.3.1/../../../../arm-none-eabi/lib/thumb/v7e-m/fpv4-sp/hard/libc.a(lib_a-dtoa.o)
 *fill*         0x000000000002cb34        0x4 
 .text._dtoa_r  0x000000000002cb38      0xe20 /usr/bin/../lib/gcc/arm-none-eabi/7.3.1/../../../../arm-none-eabi/lib/thumb/v7e-m/fpv4-sp/hard/libc.a(lib_a-dtoa.o)
                0x000000000002cb38                _dtoa_r
 .text.__sflush_r
                0x000000000002d958      0x154 /usr/bin/../lib/gcc/arm-none-eabi/7.3.1/../../../../arm-none-eabi/lib/thumb/v7e-m/fpv4-sp/hard/libc.a(lib_a-fflush.o)
                0x000000000002d958                __sflush_r
 .text._fflush_r
                0x000000000002daac       0x5c /usr/bin/../lib/gcc/arm-none-eabi/7.3.1/../../../../arm-none-eabi/lib/thumb/v7e-m/fpv4-sp/hard/libc.a(lib_a-fflush.o)
                0x000000000002daac                _fflush_r
 .text.std      0x000000000002db08       0x50 /usr/bin/../lib/gcc/arm-none-eabi/7.3.1/../../../../arm-none-eabi/lib/thumb/v7e-m/fpv4-sp/hard/libc.a(lib_a-findfp.o)
 .text._cleanup_r
                0x000000000002db58        0xc /usr/bin/../lib/gcc/arm-none-eabi/7.3.1/../../../../arm-none-eabi/lib/thumb/v7e-m/fpv4-sp/hard/libc.a(lib_a-findfp.o)
                0x000000000002db58                _cleanup_r
 .text.__sinit  0x000000000002db64       0x58 /usr/bin/../lib/gcc/arm-none-eabi/7.3.1/../../../../arm-none-eabi/lib/thumb/v7e-m/fpv4-sp/hard/libc.a(lib_a-findfp.o)
                0x000000000002db64                __sinit
 .text.__sfp_lock_acquire
                0x000000000002dbbc        0xc /usr/bin/../lib/gcc/arm-none-eabi/7.3.1/../../../../arm-none-eabi/lib/thumb/v7e-m/fpv4-sp/hard/libc.a(lib_a-findfp.o)
                0x000000000002dbbc                __sfp_lock_acquire
 .text.__sfp_lock_release
                0x000000000002dbc8        0xc /usr/bin/../lib/gcc/arm-none-eabi/7.3.1/../../../../arm-none-eabi/lib/thumb/v7e-m/fpv4-sp/hard/libc.a(lib_a-findfp.o)
                0x000000000002dbc8                __sfp_lock_release
 .text.__libc_fini_array
                0x000000000002dbd4       0x34 /usr/bin/../lib/gcc/arm-none-eabi/7.3.1/../../../../arm-none-eabi/lib/thumb/v7e-m/fpv4-sp/hard/libc.a(lib_a-fini.o)
                0x000000000002dbd4                __libc_fini_array
 .text.__fputwc
                0x000000000002dc08       0xa0 /usr/bin/../lib/gcc/arm-none-eabi/7.3.1/../../../../arm-none-eabi/lib/thumb/v7e-m/fpv4-sp/hard/libc.a(lib_a-fputwc.o)
                0x000000000002dc08                __fputwc
 .text._fputwc_r
                0x000000000002dca8       0x64 /usr/bin/../lib/gcc/arm-none-eabi/7.3.1/../../../../arm-none-eabi/lib/thumb/v7e-m/fpv4-sp/hard/libc.a(lib_a-fputwc.o)
                0x000000000002dca8                _fputwc_r
 .text._malloc_trim_r
                0x000000000002dd0c       0xa0 /usr/bin/../lib/gcc/arm-none-eabi/7.3.1/../../../../arm-none-eabi/lib/thumb/v7e-m/fpv4-sp/hard/libc.a(lib_a-freer.o)
                0x000000000002dd0c                _malloc_trim_r
 .text._free_r  0x000000000002ddac      0x1e8 /usr/bin/../lib/gcc/arm-none-eabi/7.3.1/../../../../arm-none-eabi/lib/thumb/v7e-m/fpv4-sp/hard/libc.a(lib_a-freer.o)
                0x000000000002ddac                _free_r
 .text.__sfvwrite_r
                0x000000000002df94      0x2fc /usr/bin/../lib/gcc/arm-none-eabi/7.3.1/../../../../arm-none-eabi/lib/thumb/v7e-m/fpv4-sp/hard/libc.a(lib_a-fvwrite.o)
                0x000000000002df94                __sfvwrite_r
 .text._fwalk_reent
                0x000000000002e290       0x54 /usr/bin/../lib/gcc/arm-none-eabi/7.3.1/../../../../arm-none-eabi/lib/thumb/v7e-m/fpv4-sp/hard/libc.a(lib_a-fwalk.o)
                0x000000000002e290                _fwalk_reent
 .text._localeconv_r
                0x000000000002e2e4       0x1c /usr/bin/../lib/gcc/arm-none-eabi/7.3.1/../../../../arm-none-eabi/lib/thumb/v7e-m/fpv4-sp/hard/libc.a(lib_a-localeconv.o)
                0x000000000002e2e4                _localeconv_r
 .text.__retarget_lock_init_recursive
                0x000000000002e300        0x4 /usr/bin/../lib/gcc/arm-none-eabi/7.3.1/../../../../arm-none-eabi/lib/thumb/v7e-m/fpv4-sp/hard/libc.a(lib_a-lock.o)
                0x000000000002e300                __retarget_lock_init_recursive
 .text.__retarget_lock_close_recursive
                0x000000000002e304        0x4 /usr/bin/../lib/gcc/arm-none-eabi/7.3.1/../../../../arm-none-eabi/lib/thumb/v7e-m/fpv4-sp/hard/libc.a(lib_a-lock.o)
                0x000000000002e304                __retarget_lock_close_recursive
 .text.__retarget_lock_acquire_recursive
                0x000000000002e308        0x4 /usr/bin/../lib/gcc/arm-none-eabi/7.3.1/../../../../arm-none-eabi/lib/thumb/v7e-m/fpv4-sp/hard/libc.a(lib_a-lock.o)
                0x000000000002e308                __retarget_lock_acquire_recursive
 .text.__retarget_lock_release_recursive
                0x000000000002e30c        0x4 /usr/bin/../lib/gcc/arm-none-eabi/7.3.1/../../../../arm-none-eabi/lib/thumb/v7e-m/fpv4-sp/hard/libc.a(lib_a-lock.o)
                0x000000000002e30c                __retarget_lock_release_recursive
 .text.__swhatbuf_r
                0x000000000002e310       0x5c /usr/bin/../lib/gcc/arm-none-eabi/7.3.1/../../../../arm-none-eabi/lib/thumb/v7e-m/fpv4-sp/hard/libc.a(lib_a-makebuf.o)
                0x000000000002e310                __swhatbuf_r
 .text.__smakebuf_r
                0x000000000002e36c       0x94 /usr/bin/../lib/gcc/arm-none-eabi/7.3.1/../../../../arm-none-eabi/lib/thumb/v7e-m/fpv4-sp/hard/libc.a(lib_a-makebuf.o)
                0x000000000002e36c                __smakebuf_r
 .text.malloc   0x000000000002e400       0x10 /usr/bin/../lib/gcc/arm-none-eabi/7.3.1/../../../../arm-none-eabi/lib/thumb/v7e-m/fpv4-sp/hard/libc.a(lib_a-malloc.o)
                0x000000000002e400                malloc
 .text.free     0x000000000002e410       0x10 /usr/bin/../lib/gcc/arm-none-eabi/7.3.1/../../../../arm-none-eabi/lib/thumb/v7e-m/fpv4-sp/hard/libc.a(lib_a-malloc.o)
                0x000000000002e410                free
 .text._malloc_r
                0x000000000002e420      0x548 /usr/bin/../lib/gcc/arm-none-eabi/7.3.1/../../../../arm-none-eabi/lib/thumb/v7e-m/fpv4-sp/hard/libc.a(lib_a-mallocr.o)
                0x000000000002e420                _malloc_r
 *fill*         0x000000000002e968        0x8 
 .text          0x000000000002e970       0xa0 /usr/bin/../lib/gcc/arm-none-eabi/7.3.1/../../../../arm-none-eabi/lib/thumb/v7e-m/fpv4-sp/hard/libc.a(lib_a-memchr.o)
                0x000000000002e970                memchr
 .text.memmove  0x000000000002ea10       0xc8 /usr/bin/../lib/gcc/arm-none-eabi/7.3.1/../../../../arm-none-eabi/lib/thumb/v7e-m/fpv4-sp/hard/libc.a(lib_a-memmove.o)
                0x000000000002ea10                memmove
 .text.__malloc_lock
                0x000000000002ead8        0xc /usr/bin/../lib/gcc/arm-none-eabi/7.3.1/../../../../arm-none-eabi/lib/thumb/v7e-m/fpv4-sp/hard/libc.a(lib_a-mlock.o)
                0x000000000002ead8                __malloc_lock
 .text.__malloc_unlock
                0x000000000002eae4        0xc /usr/bin/../lib/gcc/arm-none-eabi/7.3.1/../../../../arm-none-eabi/lib/thumb/v7e-m/fpv4-sp/hard/libc.a(lib_a-mlock.o)
                0x000000000002eae4                __malloc_unlock
 .text._Balloc  0x000000000002eaf0       0x4c /usr/bin/../lib/gcc/arm-none-eabi/7.3.1/../../../../arm-none-eabi/lib/thumb/v7e-m/fpv4-sp/hard/libc.a(lib_a-mprec.o)
                0x000000000002eaf0                _Balloc
 .text._Bfree   0x000000000002eb3c       0x14 /usr/bin/../lib/gcc/arm-none-eabi/7.3.1/../../../../arm-none-eabi/lib/thumb/v7e-m/fpv4-sp/hard/libc.a(lib_a-mprec.o)
                0x000000000002eb3c                _Bfree
 .text.__multadd
                0x000000000002eb50       0x80 /usr/bin/../lib/gcc/arm-none-eabi/7.3.1/../../../../arm-none-eabi/lib/thumb/v7e-m/fpv4-sp/hard/libc.a(lib_a-mprec.o)
                0x000000000002eb50                __multadd
 .text.__hi0bits
                0x000000000002ebd0       0x40 /usr/bin/../lib/gcc/arm-none-eabi/7.3.1/../../../../arm-none-eabi/lib/thumb/v7e-m/fpv4-sp/hard/libc.a(lib_a-mprec.o)
                0x000000000002ebd0                __hi0bits
 .text.__lo0bits
                0x000000000002ec10       0x60 /usr/bin/../lib/gcc/arm-none-eabi/7.3.1/../../../../arm-none-eabi/lib/thumb/v7e-m/fpv4-sp/hard/libc.a(lib_a-mprec.o)
                0x000000000002ec10                __lo0bits
 .text.__i2b    0x000000000002ec70       0x14 /usr/bin/../lib/gcc/arm-none-eabi/7.3.1/../../../../arm-none-eabi/lib/thumb/v7e-m/fpv4-sp/hard/libc.a(lib_a-mprec.o)
                0x000000000002ec70                __i2b
 .text.__multiply
                0x000000000002ec84      0x14c /usr/bin/../lib/gcc/arm-none-eabi/7.3.1/../../../../arm-none-eabi/lib/thumb/v7e-m/fpv4-sp/hard/libc.a(lib_a-mprec.o)
                0x000000000002ec84                __multiply
 .text.__pow5mult
                0x000000000002edd0       0xa0 /usr/bin/../lib/gcc/arm-none-eabi/7.3.1/../../../../arm-none-eabi/lib/thumb/v7e-m/fpv4-sp/hard/libc.a(lib_a-mprec.o)
                0x000000000002edd0                __pow5mult
 .text.__lshift
                0x000000000002ee70       0xac /usr/bin/../lib/gcc/arm-none-eabi/7.3.1/../../../../arm-none-eabi/lib/thumb/v7e-m/fpv4-sp/hard/libc.a(lib_a-mprec.o)
                0x000000000002ee70                __lshift
 .text.__mcmp   0x000000000002ef1c       0x38 /usr/bin/../lib/gcc/arm-none-eabi/7.3.1/../../../../arm-none-eabi/lib/thumb/v7e-m/fpv4-sp/hard/libc.a(lib_a-mprec.o)
                0x000000000002ef1c                __mcmp
 .text.__mdiff  0x000000000002ef54       0xec /usr/bin/../lib/gcc/arm-none-eabi/7.3.1/../../../../arm-none-eabi/lib/thumb/v7e-m/fpv4-sp/hard/libc.a(lib_a-mprec.o)
                0x000000000002ef54                __mdiff
 .text.__d2b    0x000000000002f040       0xc4 /usr/bin/../lib/gcc/arm-none-eabi/7.3.1/../../../../arm-none-eabi/lib/thumb/v7e-m/fpv4-sp/hard/libc.a(lib_a-mprec.o)
                0x000000000002f040                __d2b
 .text._realloc_r
                0x000000000002f104      0x35c /usr/bin/../lib/gcc/arm-none-eabi/7.3.1/../../../../arm-none-eabi/lib/thumb/v7e-m/fpv4-sp/hard/libc.a(lib_a-reallocr.o)
                0x000000000002f104                _realloc_r
 .text.frexp    0x000000000002f460       0x68 /usr/bin/../lib/gcc/arm-none-eabi/7.3.1/../../../../arm-none-eabi/lib/thumb/v7e-m/fpv4-sp/hard/libc.a(lib_a-s_frexp.o)
                0x000000000002f460                frexp
 .text._sbrk_r  0x000000000002f4c8       0x24 /usr/bin/../lib/gcc/arm-none-eabi/7.3.1/../../../../arm-none-eabi/lib/thumb/v7e-m/fpv4-sp/hard/libc.a(lib_a-sbrkr.o)
                0x000000000002f4c8                _sbrk_r
 .text._raise_r
                0x000000000002f4ec       0x58 /usr/bin/../lib/gcc/arm-none-eabi/7.3.1/../../../../arm-none-eabi/lib/thumb/v7e-m/fpv4-sp/hard/libc.a(lib_a-signal.o)
                0x000000000002f4ec                _raise_r
 .text.raise    0x000000000002f544       0x10 /usr/bin/../lib/gcc/arm-none-eabi/7.3.1/../../../../arm-none-eabi/lib/thumb/v7e-m/fpv4-sp/hard/libc.a(lib_a-signal.o)
                0x000000000002f544                raise
 .text._kill_r  0x000000000002f554       0x28 /usr/bin/../lib/gcc/arm-none-eabi/7.3.1/../../../../arm-none-eabi/lib/thumb/v7e-m/fpv4-sp/hard/libc.a(lib_a-signalr.o)
                0x000000000002f554                _kill_r
 .text._getpid_r
                0x000000000002f57c        0x4 /usr/bin/../lib/gcc/arm-none-eabi/7.3.1/../../../../arm-none-eabi/lib/thumb/v7e-m/fpv4-sp/hard/libc.a(lib_a-signalr.o)
                0x000000000002f57c                _getpid_r
 .text.__sread  0x000000000002f580       0x24 /usr/bin/../lib/gcc/arm-none-eabi/7.3.1/../../../../arm-none-eabi/lib/thumb/v7e-m/fpv4-sp/hard/libc.a(lib_a-stdio.o)
                0x000000000002f580                __sread
 .text.__swrite
                0x000000000002f5a4       0x3c /usr/bin/../lib/gcc/arm-none-eabi/7.3.1/../../../../arm-none-eabi/lib/thumb/v7e-m/fpv4-sp/hard/libc.a(lib_a-stdio.o)
                0x000000000002f5a4                __swrite
 .text.__sseek  0x000000000002f5e0       0x20 /usr/bin/../lib/gcc/arm-none-eabi/7.3.1/../../../../arm-none-eabi/lib/thumb/v7e-m/fpv4-sp/hard/libc.a(lib_a-stdio.o)
                0x000000000002f5e0                __sseek
 .text.__sclose
                0x000000000002f600        0x8 /usr/bin/../lib/gcc/arm-none-eabi/7.3.1/../../../../arm-none-eabi/lib/thumb/v7e-m/fpv4-sp/hard/libc.a(lib_a-stdio.o)
                0x000000000002f600                __sclose
 .text.strncpy  0x000000000002f608       0x64 /usr/bin/../lib/gcc/arm-none-eabi/7.3.1/../../../../arm-none-eabi/lib/thumb/v7e-m/fpv4-sp/hard/libc.a(lib_a-strncpy.o)
                0x000000000002f608                strncpy
 .text.__swbuf_r
                0x000000000002f66c       0xb0 /usr/bin/../lib/gcc/arm-none-eabi/7.3.1/../../../../arm-none-eabi/lib/thumb/v7e-m/fpv4-sp/hard/libc.a(lib_a-wbuf.o)
                0x000000000002f66c                __swbuf_r
 .text._wcrtomb_r
                0x000000000002f71c       0x50 /usr/bin/../lib/gcc/arm-none-eabi/7.3.1/../../../../arm-none-eabi/lib/thumb/v7e-m/fpv4-sp/hard/libc.a(lib_a-wcrtomb.o)
                0x000000000002f71c                _wcrtomb_r
 .text.__register_exitproc
                0x000000000002f76c       0xc0 /usr/bin/../lib/gcc/arm-none-eabi/7.3.1/../../../../arm-none-eabi/lib/thumb/v7e-m/fpv4-sp/hard/libc.a(lib_a-__atexit.o)
                0x000000000002f76c                __register_exitproc
 .text._calloc_r
                0x000000000002f82c       0x68 /usr/bin/../lib/gcc/arm-none-eabi/7.3.1/../../../../arm-none-eabi/lib/thumb/v7e-m/fpv4-sp/hard/libc.a(lib_a-callocr.o)
                0x000000000002f82c                _calloc_r
 .text._close_r
                0x000000000002f894       0x24 /usr/bin/../lib/gcc/arm-none-eabi/7.3.1/../../../../arm-none-eabi/lib/thumb/v7e-m/fpv4-sp/hard/libc.a(lib_a-closer.o)
                0x000000000002f894                _close_r
 .text._fclose_r
                0x000000000002f8b8       0xd0 /usr/bin/../lib/gcc/arm-none-eabi/7.3.1/../../../../arm-none-eabi/lib/thumb/v7e-m/fpv4-sp/hard/libc.a(lib_a-fclose.o)
                0x000000000002f8b8                _fclose_r
 .text._fstat_r
                0x000000000002f988       0x28 /usr/bin/../lib/gcc/arm-none-eabi/7.3.1/../../../../arm-none-eabi/lib/thumb/v7e-m/fpv4-sp/hard/libc.a(lib_a-fstatr.o)
                0x000000000002f988                _fstat_r
 .text._isatty_r
                0x000000000002f9b0       0x24 /usr/bin/../lib/gcc/arm-none-eabi/7.3.1/../../../../arm-none-eabi/lib/thumb/v7e-m/fpv4-sp/hard/libc.a(lib_a-isattyr.o)
                0x000000000002f9b0                _isatty_r
 .text._lseek_r
                0x000000000002f9d4       0x2c /usr/bin/../lib/gcc/arm-none-eabi/7.3.1/../../../../arm-none-eabi/lib/thumb/v7e-m/fpv4-sp/hard/libc.a(lib_a-lseekr.o)
                0x000000000002f9d4                _lseek_r
 .text._read_r  0x000000000002fa00       0x2c /usr/bin/../lib/gcc/arm-none-eabi/7.3.1/../../../../arm-none-eabi/lib/thumb/v7e-m/fpv4-sp/hard/libc.a(lib_a-readr.o)
                0x000000000002fa00                _read_r
 .text._close   0x000000000002fa2c       0x10 /usr/bin/../lib/gcc/arm-none-eabi/7.3.1/../../../../arm-none-eabi/lib/thumb/v7e-m/fpv4-sp/hard/libnosys.a(close.o)
                0x000000000002fa2c                _close
 .text._fstat   0x000000000002fa3c       0x10 /usr/bin/../lib/gcc/arm-none-eabi/7.3.1/../../../../arm-none-eabi/lib/thumb/v7e-m/fpv4-sp/hard/libnosys.a(fstat.o)
                0x000000000002fa3c                _fstat
 .text._getpid  0x000000000002fa4c       0x10 /usr/bin/../lib/gcc/arm-none-eabi/7.3.1/../../../../arm-none-eabi/lib/thumb/v7e-m/fpv4-sp/hard/libnosys.a(getpid.o)
                0x000000000002fa4c                _getpid
 .text._isatty  0x000000000002fa5c       0x10 /usr/bin/../lib/gcc/arm-none-eabi/7.3.1/../../../../arm-none-eabi/lib/thumb/v7e-m/fpv4-sp/hard/libnosys.a(isatty.o)
                0x000000000002fa5c                _isatty
 .text._kill    0x000000000002fa6c       0x10 /usr/bin/../lib/gcc/arm-none-eabi/7.3.1/../../../../arm-none-eabi/lib/thumb/v7e-m/fpv4-sp/hard/libnosys.a(kill.o)
                0x000000000002fa6c                _kill
 .text._lseek   0x000000000002fa7c       0x10 /usr/bin/../lib/gcc/arm-none-eabi/7.3.1/../../../../arm-none-eabi/lib/thumb/v7e-m/fpv4-sp/hard/libnosys.a(lseek.o)
                0x000000000002fa7c                _lseek
 .text._read    0x000000000002fa8c       0x10 /usr/bin/../lib/gcc/arm-none-eabi/7.3.1/../../../../arm-none-eabi/lib/thumb/v7e-m/fpv4-sp/hard/libnosys.a(read.o)
                0x000000000002fa8c                _read
 .text._sbrk    0x000000000002fa9c       0x1c /usr/bin/../lib/gcc/arm-none-eabi/7.3.1/../../../../arm-none-eabi/lib/thumb/v7e-m/fpv4-sp/hard/libnosys.a(sbrk.o)
                0x000000000002fa9c                _sbrk
 .text._exit    0x000000000002fab8        0x4 /usr/bin/../lib/gcc/arm-none-eabi/7.3.1/../../../../arm-none-eabi/lib/thumb/v7e-m/fpv4-sp/hard/libnosys.a(_exit.o)
                0x000000000002fab8                _exit
 .text          0x000000000002fabc      0x378 /usr/bin/../lib/gcc/arm-none-eabi/7.3.1/thumb/v7e-m/fpv4-sp/hard/libgcc.a(_arm_addsubdf3.o)
                0x000000000002fabc                __aeabi_drsub
                0x000000000002fac4                __aeabi_dsub
                0x000000000002fac4                __subdf3
                0x000000000002fac8                __adddf3
                0x000000000002fac8                __aeabi_dadd
                0x000000000002fd40                __aeabi_ui2d
                0x000000000002fd40                __floatunsidf
                0x000000000002fd60                __floatsidf
                0x000000000002fd60                __aeabi_i2d
                0x000000000002fd84                __extendsfdf2
                0x000000000002fd84                __aeabi_f2d
                0x000000000002fdc8                __aeabi_ul2d
                0x000000000002fdc8                __floatundidf
                0x000000000002fdd8                __floatdidf
                0x000000000002fdd8                __aeabi_l2d
 .text          0x000000000002fe34      0x424 /usr/bin/../lib/gcc/arm-none-eabi/7.3.1/thumb/v7e-m/fpv4-sp/hard/libgcc.a(_arm_muldivdf3.o)
                0x000000000002fe34                __aeabi_dmul
                0x000000000002fe34                __muldf3
                0x0000000000030088                __aeabi_ddiv
                0x0000000000030088                __divdf3
 .text          0x0000000000030258      0x110 /usr/bin/../lib/gcc/arm-none-eabi/7.3.1/thumb/v7e-m/fpv4-sp/hard/libgcc.a(_arm_cmpdf2.o)
                0x0000000000030258                __gtdf2
                0x0000000000030258                __gedf2
                0x0000000000030260                __ltdf2
                0x0000000000030260                __ledf2
                0x0000000000030268                __cmpdf2
                0x0000000000030268                __eqdf2
                0x0000000000030268                __nedf2
                0x00000000000302e4                __aeabi_cdrcmple
                0x00000000000302f4                __aeabi_cdcmple
                0x00000000000302f4                __aeabi_cdcmpeq
                0x0000000000030304                __aeabi_dcmpeq
                0x0000000000030318                __aeabi_dcmplt
                0x000000000003032c                __aeabi_dcmple
                0x0000000000030340                __aeabi_dcmpge
                0x0000000000030354                __aeabi_dcmpgt
 .text          0x0000000000030368       0x2c /usr/bin/../lib/gcc/arm-none-eabi/7.3.1/thumb/v7e-m/fpv4-sp/hard/libgcc.a(_arm_unorddf2.o)
                0x0000000000030368                __aeabi_dcmpun
                0x0000000000030368                __unorddf2
 .text          0x0000000000030394       0x50 /usr/bin/../lib/gcc/arm-none-eabi/7.3.1/thumb/v7e-m/fpv4-sp/hard/libgcc.a(_arm_fixdfsi.o)
                0x0000000000030394                __fixdfsi
                0x0000000000030394                __aeabi_d2iz
 .text          0x00000000000303e4       0x30 /usr/bin/../lib/gcc/arm-none-eabi/7.3.1/thumb/v7e-m/fpv4-sp/hard/libgcc.a(_aeabi_uldivmod.o)
                0x00000000000303e4                __aeabi_uldivmod
 .text          0x0000000000030414      0x2cc /usr/bin/../lib/gcc/arm-none-eabi/7.3.1/thumb/v7e-m/fpv4-sp/hard/libgcc.a(_udivmoddi4.o)
                0x0000000000030414                __udivmoddi4
 .text          0x00000000000306e0        0x4 /usr/bin/../lib/gcc/arm-none-eabi/7.3.1/thumb/v7e-m/fpv4-sp/hard/libgcc.a(_dvmd_tls.o)
                0x00000000000306e0                __aeabi_ldiv0
                0x00000000000306e0                __aeabi_idiv0
 *(.init)
 .init          0x00000000000306e4        0x4 /usr/bin/../lib/gcc/arm-none-eabi/7.3.1/thumb/v7e-m/fpv4-sp/hard/crti.o
                0x00000000000306e4                _init
 .init          0x00000000000306e8        0x8 /usr/bin/../lib/gcc/arm-none-eabi/7.3.1/thumb/v7e-m/fpv4-sp/hard/crtn.o
 *(.fini)
 .fini          0x00000000000306f0        0x4 /usr/bin/../lib/gcc/arm-none-eabi/7.3.1/thumb/v7e-m/fpv4-sp/hard/crti.o
                0x00000000000306f0                _fini
 .fini          0x00000000000306f4        0x8 /usr/bin/../lib/gcc/arm-none-eabi/7.3.1/thumb/v7e-m/fpv4-sp/hard/crtn.o
 *crtbegin.o(.ctors)
 *crtbegin?.o(.ctors)
 *(EXCLUDE_FILE(*crtend.o *crtend?.o) .ctors)
 *(SORT_BY_NAME(.ctors.*))
 *(.ctors)
 *crtbegin.o(.dtors)
 *crtbegin?.o(.dtors)
 *(EXCLUDE_FILE(*crtend.o *crtend?.o) .dtors)
 *(SORT_BY_NAME(.dtors.*))
 *(.dtors)
 *(.rodata*)
 .rodata.__func__.10411
                0x00000000000306fc       0x1a _build/main.o
 *fill*         0x0000000000030716        0xa 
 .rodata.delay_machine_code.8617
                0x0000000000030720        0x6 _build/main.o
 .rodata.getResolution.str1.1
                0x0000000000030726       0x1c _build/main.o
 .rodata.main.str1.1
                0x0000000000030742       0x41 _build/main.o
 .rodata.pixy_ftl_change_tolerance.str1.1
                0x0000000000030783       0x20 _build/main.o
 .rodata.pixy_ftl_locate_leader.str1.1
                0x00000000000307a3        0x4 _build/main.o
 *fill*         0x00000000000307a7        0x1 
 .rodata.spi_instance
                0x00000000000307a8       0x10 _build/main.o
 .rodata.app_error_fault_handler.str1.1
                0x00000000000307b8       0xb7 _build/better_error_handling.o
 *fill*         0x000000000003086f        0x1 
 .rodata.delay_machine_code.8629
                0x0000000000030870        0x6 _build/better_error_handling.o
 .rodata._DoInit.str1.1
                0x0000000000030876       0x14 _build/SEGGER_RTT.o
 *fill*         0x000000000003088a        0x6 
 .rodata.delay_machine_code.9273
                0x0000000000030890        0x6 _build/app_timer.o
 .rodata.app_util_critical_region_enter.str1.1
                0x0000000000030896       0x55 _build/app_util_platform.o
 .rodata.HardFault_c_handler.str1.1
                0x00000000000308eb      0x12e _build/hardfault_implementation.o
 *fill*         0x0000000000030a19        0x3 
 .rodata.cfsr_msgs.9468
                0x0000000000030a1c       0x68 _build/hardfault_implementation.o
 .rodata.str1.1
                0x0000000000030a84      0x4c0 _build/hardfault_implementation.o
 .rodata.nrf_balloc_init.str1.1
                0x0000000000030f44       0x50 _build/nrf_balloc.o
 .rodata.nrf_drv_clock_uninit.str1.1
                0x0000000000030f94       0x4f _build/nrf_drv_clock.o
 .rodata.str1.1
                0x0000000000030fe3        0x6 _build/nrf_drv_clock.o
 *fill*         0x0000000000030fe9        0x3 
 .rodata        0x0000000000030fec       0x10 _build/nrf_drv_spi.o
 .rodata.str1.1
                0x0000000000030ffc        0xd _build/nrf_fstorage.o
 .rodata.buf_prealloc.str1.1
                0x0000000000031009       0x57 _build/nrf_log_frontend.o
 .rodata.nrf_log_frontend_dequeue.str1.1
                0x0000000000031060       0x11 _build/nrf_log_frontend.o
 .rodata.str1.1
                0x0000000000031071        0x4 _build/nrf_log_frontend.o
 .rodata.memobj_op.str1.1
                0x0000000000031075       0x50 _build/nrf_memobj.o
 .rodata.str1.1
                0x00000000000310c5        0x9 _build/nrf_pwr_mgmt.o
 .rodata.nrf_section_iter_init.str1.1
                0x00000000000310ce       0x69 _build/nrf_section_iter.o
 .rodata.m_unknown_str
                0x0000000000031137       0x13 _build/nrf_strerror.o
 *fill*         0x000000000003114a        0x2 
 .rodata.nrf_strerror_array
                0x000000000003114c      0x128 _build/nrf_strerror.o
 .rodata.str1.1
                0x0000000000031274      0x3ba _build/nrf_strerror.o
 .rodata.nrfx_clock_init.str1.1
                0x000000000003162e       0x4d _build/nrfx_clock.o
 .rodata.str1.1
                0x000000000003167b        0x6 _build/nrfx_clock.o
 .rodata.nrf_gpio_pin_port_decode.isra.0.part.1.str1.1
                0x0000000000031681       0x43 _build/nrfx_gpiote.o
 .rodata.nrfx_gpiote_out_init.str1.1
                0x00000000000316c4       0x4e _build/nrfx_gpiote.o
 .rodata.str1.1
                0x0000000000031712        0x7 _build/nrfx_gpiote.o
 .rodata.str1.1
                0x0000000000031719        0x4 _build/nrfx_ppi.o
 .rodata.UARTE0_UART0_IRQHandler.str1.1
                0x000000000003171d       0x4f _build/nrfx_prs.o
 .rodata.str1.1
                0x000000000003176c        0x4 _build/nrfx_prs.o
 .rodata.str1.1
                0x0000000000031770        0x4 _build/nrfx_pwm.o
 .rodata.str1.1
                0x0000000000031774        0x6 _build/nrfx_saadc.o
 .rodata.SPIM1_SPIS1_TWIM1_TWIS1_SPI1_TWI1_IRQHandler.str1.1
                0x000000000003177a       0x4c _build/nrfx_spim.o
 .rodata.nrf_gpio_pin_port_decode.isra.0.part.1.str1.1
                0x00000000000317c6       0x43 _build/nrfx_spim.o
 .rodata.nrfx_spim_init.str1.1
                0x00000000000317c6       0x44 _build/nrfx_spim.o
 .rodata.str1.1
                0x000000000003180a        0x5 _build/nrfx_spim.o
 .rodata.str1.1
                0x000000000003180f        0x6 _build/nrfx_timer.o
 .rodata.SPIM0_SPIS0_TWIM0_TWIS0_SPI0_TWI0_IRQHandler.str1.1
                0x0000000000031815       0x4c _build/nrfx_twim.o
 .rodata.str1.1
                0x0000000000031861        0x5 _build/nrfx_twim.o
 .rodata.str1.1
                0x0000000000031866        0x5 _build/nrfx_uart.o
 .rodata.str1.1
                0x000000000003186b        0x6 _build/nrfx_uarte.o
 .rodata.data_length_update.str1.1
                0x0000000000031871       0xdf _build/nrf_ble_gatt.o
 .rodata.nrf_ble_gatt_on_ble_evt.str1.1
                0x0000000000031950       0x60 _build/nrf_ble_gatt.o
 .rodata.str1.1
                0x00000000000319b0        0xd _build/nrf_ble_gatt.o
 *fill*         0x00000000000319bd        0x3 
 .rodata.sdh_stack_observers
                0x00000000000319c0        0xc _build/nrf_sdh.o
 .rodata.str1.1
                0x00000000000319cc        0x8 _build/nrf_sdh.o
 .rodata.nrf_sdh_ble_evts_poll.part.0.str1.1
                0x00000000000319d4       0x52 _build/nrf_sdh_ble.o
 *fill*         0x0000000000031a26        0x2 
 .rodata.sdh_ble_observers
                0x0000000000031a28        0xc _build/nrf_sdh_ble.o
 .rodata.str1.1
                0x0000000000031a34        0xc _build/nrf_sdh_ble.o
 .rodata.assert_nrf_callback.str1.1
                0x0000000000031a40       0x25 _build/simple_ble.o
 .rodata.on_ble_evt.str1.1
                0x0000000000031a65       0x51 _build/simple_ble.o
 *fill*         0x0000000000031ab6        0x2 
 .rodata.__assert_func.str1.4
                0x0000000000031ab8       0x3f /usr/bin/../lib/gcc/arm-none-eabi/7.3.1/../../../../arm-none-eabi/lib/thumb/v7e-m/fpv4-sp/hard/libc.a(lib_a-assert.o)
                                         0x43 (size before relaxing)
 *fill*         0x0000000000031af7        0x1 
 .rodata._global_impure_ptr
                0x0000000000031af8        0x4 /usr/bin/../lib/gcc/arm-none-eabi/7.3.1/../../../../arm-none-eabi/lib/thumb/v7e-m/fpv4-sp/hard/libc.a(lib_a-impure.o)
                0x0000000000031af8                _global_impure_ptr
 .rodata._setlocale_r.str1.4
                0x0000000000031afc        0xa /usr/bin/../lib/gcc/arm-none-eabi/7.3.1/../../../../arm-none-eabi/lib/thumb/v7e-m/fpv4-sp/hard/libc.a(lib_a-locale.o)
                                          0xd (size before relaxing)
 *fill*         0x0000000000031b06        0x2 
 .rodata.str1.4
                0x0000000000031b08        0x2 /usr/bin/../lib/gcc/arm-none-eabi/7.3.1/../../../../arm-none-eabi/lib/thumb/v7e-m/fpv4-sp/hard/libc.a(lib_a-locale.o)
 *fill*         0x0000000000031b0a        0x2 
 .rodata._vfiprintf_r.str1.4
                0x0000000000031b0c       0x2f /usr/bin/../lib/gcc/arm-none-eabi/7.3.1/../../../../arm-none-eabi/lib/thumb/v7e-m/fpv4-sp/hard/libc.a(lib_a-vfiprintf.o)
 *fill*         0x0000000000031b3b        0x1 
 .rodata.blanks.8583
                0x0000000000031b3c       0x10 /usr/bin/../lib/gcc/arm-none-eabi/7.3.1/../../../../arm-none-eabi/lib/thumb/v7e-m/fpv4-sp/hard/libc.a(lib_a-vfiprintf.o)
 .rodata.zeroes.8584
                0x0000000000031b4c       0x10 /usr/bin/../lib/gcc/arm-none-eabi/7.3.1/../../../../arm-none-eabi/lib/thumb/v7e-m/fpv4-sp/hard/libc.a(lib_a-vfiprintf.o)
 .rodata._vfprintf_r.str1.4
                0x0000000000031b5c       0x12 /usr/bin/../lib/gcc/arm-none-eabi/7.3.1/../../../../arm-none-eabi/lib/thumb/v7e-m/fpv4-sp/hard/libc.a(lib_a-vfprintf.o)
                                         0x42 (size before relaxing)
 *fill*         0x0000000000031b6e        0x2 
 .rodata.blanks.8605
                0x0000000000031b70       0x10 /usr/bin/../lib/gcc/arm-none-eabi/7.3.1/../../../../arm-none-eabi/lib/thumb/v7e-m/fpv4-sp/hard/libc.a(lib_a-vfprintf.o)
 .rodata.zeroes.8606
                0x0000000000031b80       0x10 /usr/bin/../lib/gcc/arm-none-eabi/7.3.1/../../../../arm-none-eabi/lib/thumb/v7e-m/fpv4-sp/hard/libc.a(lib_a-vfprintf.o)
 .rodata._ctype_
                0x0000000000031b90      0x101 /usr/bin/../lib/gcc/arm-none-eabi/7.3.1/../../../../arm-none-eabi/lib/thumb/v7e-m/fpv4-sp/hard/libc.a(lib_a-ctype_.o)
                0x0000000000031b90                _ctype_
 *fill*         0x0000000000031c91        0x3 
 .rodata._dtoa_r.str1.4
                0x0000000000031c94       0x10 /usr/bin/../lib/gcc/arm-none-eabi/7.3.1/../../../../arm-none-eabi/lib/thumb/v7e-m/fpv4-sp/hard/libc.a(lib_a-dtoa.o)
                                         0x12 (size before relaxing)
 *fill*         0x0000000000031ca4        0x4 
 .rodata.__mprec_bigtens
                0x0000000000031ca8       0x28 /usr/bin/../lib/gcc/arm-none-eabi/7.3.1/../../../../arm-none-eabi/lib/thumb/v7e-m/fpv4-sp/hard/libc.a(lib_a-mprec.o)
                0x0000000000031ca8                __mprec_bigtens
 .rodata.__mprec_tens
                0x0000000000031cd0       0xc8 /usr/bin/../lib/gcc/arm-none-eabi/7.3.1/../../../../arm-none-eabi/lib/thumb/v7e-m/fpv4-sp/hard/libc.a(lib_a-mprec.o)
                0x0000000000031cd0                __mprec_tens
 .rodata.p05.7367
                0x0000000000031d98        0xc /usr/bin/../lib/gcc/arm-none-eabi/7.3.1/../../../../arm-none-eabi/lib/thumb/v7e-m/fpv4-sp/hard/libc.a(lib_a-mprec.o)
 *(.eh_frame*)
 .eh_frame      0x0000000000031da4        0x0 /usr/bin/../lib/gcc/arm-none-eabi/7.3.1/thumb/v7e-m/fpv4-sp/hard/crtbegin.o
 .eh_frame      0x0000000000031da4        0x4 /usr/bin/../lib/gcc/arm-none-eabi/7.3.1/thumb/v7e-m/fpv4-sp/hard/crtend.o

.glue_7         0x0000000000031da8        0x0
 .glue_7        0x0000000000031da8        0x0 linker stubs

.glue_7t        0x0000000000031da8        0x0
 .glue_7t       0x0000000000031da8        0x0 linker stubs

.vfp11_veneer   0x0000000000031da8        0x0
 .vfp11_veneer  0x0000000000031da8        0x0 linker stubs

.v4_bx          0x0000000000031da8        0x0
 .v4_bx         0x0000000000031da8        0x0 linker stubs

.iplt           0x0000000000031da8        0x0
 .iplt          0x0000000000031da8        0x0 /usr/bin/../lib/gcc/arm-none-eabi/7.3.1/thumb/v7e-m/fpv4-sp/hard/crtbegin.o

.mem_section_dummy_rom

.sdh_soc_observers
                0x0000000000031da8       0x10
                [!provide]                        PROVIDE (__start_sdh_soc_observers = .)
 *(SORT_BY_NAME(.sdh_soc_observers*))
 .sdh_soc_observers0
                0x0000000000031da8        0x8 _build/nrf_drv_clock.o
 .sdh_soc_observers1
                0x0000000000031db0        0x8 _build/simple_ble.o
                [!provide]                        PROVIDE (__stop_sdh_soc_observers = .)

.crypto_data    0x0000000000031db8        0x0
                [!provide]                        PROVIDE (__start_crypto_data = .)
 *(SORT_BY_NAME(.crypto_data*))
                [!provide]                        PROVIDE (__stop_crypto_data = .)

.log_const_data
                0x0000000000031db8       0x98
                0x0000000000031db8                PROVIDE (__start_log_const_data = .)
 *(SORT_BY_NAME(.log_const_data*))
 .log_const_data_CLOCK
                0x0000000000031db8        0x8 _build/nrfx_clock.o
                0x0000000000031db8                m_nrf_log_CLOCK_logs_data_const
 .log_const_data_GPIOTE
                0x0000000000031dc0        0x8 _build/nrfx_gpiote.o
                0x0000000000031dc0                m_nrf_log_GPIOTE_logs_data_const
 .log_const_data_PPI
                0x0000000000031dc8        0x8 _build/nrfx_ppi.o
                0x0000000000031dc8                m_nrf_log_PPI_logs_data_const
 .log_const_data_PRS
                0x0000000000031dd0        0x8 _build/nrfx_prs.o
                0x0000000000031dd0                m_nrf_log_PRS_logs_data_const
 .log_const_data_PWM
                0x0000000000031dd8        0x8 _build/nrfx_pwm.o
                0x0000000000031dd8                m_nrf_log_PWM_logs_data_const
 .log_const_data_SAADC
                0x0000000000031de0        0x8 _build/nrfx_saadc.o
                0x0000000000031de0                m_nrf_log_SAADC_logs_data_const
 .log_const_data_SPIM
                0x0000000000031de8        0x8 _build/nrfx_spim.o
                0x0000000000031de8                m_nrf_log_SPIM_logs_data_const
 .log_const_data_TIMER
                0x0000000000031df0        0x8 _build/nrfx_timer.o
                0x0000000000031df0                m_nrf_log_TIMER_logs_data_const
 .log_const_data_TWIM
                0x0000000000031df8        0x8 _build/nrfx_twim.o
                0x0000000000031df8                m_nrf_log_TWIM_logs_data_const
 .log_const_data_UART
                0x0000000000031e00        0x8 _build/nrfx_uart.o
                0x0000000000031e00                m_nrf_log_UART_logs_data_const
 .log_const_data_UARTE
                0x0000000000031e08        0x8 _build/nrfx_uarte.o
                0x0000000000031e08                m_nrf_log_UARTE_logs_data_const
 .log_const_data_app
                0x0000000000031e10        0x8 _build/nrf_log_frontend.o
                0x0000000000031e10                m_nrf_log_app_logs_data_const
 .log_const_data_clock
                0x0000000000031e18        0x8 _build/nrf_drv_clock.o
                0x0000000000031e18                m_nrf_log_clock_logs_data_const
 .log_const_data_hardfault
                0x0000000000031e20        0x8 _build/hardfault_implementation.o
                0x0000000000031e20                m_nrf_log_hardfault_logs_data_const
 .log_const_data_nrf_ble_gatt
                0x0000000000031e28        0x8 _build/nrf_ble_gatt.o
                0x0000000000031e28                m_nrf_log_nrf_ble_gatt_logs_data_const
 .log_const_data_nrf_fstorage
                0x0000000000031e30        0x8 _build/nrf_fstorage.o
                0x0000000000031e30                m_nrf_log_nrf_fstorage_logs_data_const
 .log_const_data_nrf_sdh
                0x0000000000031e38        0x8 _build/nrf_sdh.o
                0x0000000000031e38                m_nrf_log_nrf_sdh_logs_data_const
 .log_const_data_nrf_sdh_ble
                0x0000000000031e40        0x8 _build/nrf_sdh_ble.o
                0x0000000000031e40                m_nrf_log_nrf_sdh_ble_logs_data_const
 .log_const_data_pwr_mgmt
                0x0000000000031e48        0x8 _build/nrf_pwr_mgmt.o
                0x0000000000031e48                m_nrf_log_pwr_mgmt_logs_data_const
                0x0000000000031e50                PROVIDE (__stop_log_const_data = .)

.nrf_balloc     0x0000000000031e50       0x14
                [!provide]                        PROVIDE (__start_nrf_balloc = .)
 *(.nrf_balloc)
 .nrf_balloc    0x0000000000031e50       0x14 _build/nrf_log_frontend.o
                0x0000000000031e50                log_mempool
                [!provide]                        PROVIDE (__stop_nrf_balloc = .)

.nrf_queue      0x0000000000031e64       0x28
                [!provide]                        PROVIDE (__start_nrf_queue = .)
 *(.nrf_queue)
 .nrf_queue     0x0000000000031e64       0x28 _build/kobukiUtilities.o
                0x0000000000031e64                serial_queues_txq
                0x0000000000031e78                serial_queues_rxq
                [!provide]                        PROVIDE (__stop_nrf_queue = .)

.sdh_state_observers
                0x0000000000031e8c        0x8
                0x0000000000031e8c                PROVIDE (__start_sdh_state_observers = .)
 *(SORT_BY_NAME(.sdh_state_observers*))
 .sdh_state_observers0
                0x0000000000031e8c        0x8 _build/nrf_drv_clock.o
                0x0000000000031e94                PROVIDE (__stop_sdh_state_observers = .)

.sdh_stack_observers
                0x0000000000031e94        0x8
                0x0000000000031e94                PROVIDE (__start_sdh_stack_observers = .)
 *(SORT_BY_NAME(.sdh_stack_observers*))
 .sdh_stack_observers0
                0x0000000000031e94        0x8 _build/nrf_sdh_ble.o
                0x0000000000031e9c                PROVIDE (__stop_sdh_stack_observers = .)

.sdh_req_observers
                0x0000000000031e9c        0x0
                0x0000000000031e9c                PROVIDE (__start_sdh_req_observers = .)
 *(SORT_BY_NAME(.sdh_req_observers*))
                0x0000000000031e9c                PROVIDE (__stop_sdh_req_observers = .)

.cli_command    0x0000000000031e9c        0x0
                [!provide]                        PROVIDE (__start_cli_command = .)
 *(.cli_command)
                [!provide]                        PROVIDE (__stop_cli_command = .)

.pwr_mgmt_data  0x0000000000031e9c        0x0
                0x0000000000031e9c                PROVIDE (__start_pwr_mgmt_data = .)
 *(SORT_BY_NAME(.pwr_mgmt_data*))
                0x0000000000031e9c                PROVIDE (__stop_pwr_mgmt_data = .)

.sdh_ble_observers
                0x0000000000031e9c       0x28
                0x0000000000031e9c                PROVIDE (__start_sdh_ble_observers = .)
 *(SORT_BY_NAME(.sdh_ble_observers*))
 .sdh_ble_observers1
                0x0000000000031e9c        0x8 _build/ble_conn_params.o
 .sdh_ble_observers1
                0x0000000000031ea4       0x10 _build/simple_ble.o
 .sdh_ble_observers2
                0x0000000000031eb4        0x8 _build/simple_ble.o
 .sdh_ble_observers3
                0x0000000000031ebc        0x8 _build/simple_ble.o
                0x0000000000031ec4                PROVIDE (__stop_sdh_ble_observers = .)

.dfu_trans      0x0000000000031ec4        0x0
                [!provide]                        PROVIDE (__start_dfu_trans = .)
 *(SORT_BY_NAME(.dfu_trans*))
                [!provide]                        PROVIDE (__stop_dfu_trans = .)

.ARM.extab
 *(.ARM.extab* .gnu.linkonce.armextab.*)
                0x0000000000031ec4                __exidx_start = .

.ARM.exidx      0x0000000000031ec4        0x8
 *(.ARM.exidx* .gnu.linkonce.armexidx.*)
 .ARM.exidx     0x0000000000031ec4        0x8 /usr/bin/../lib/gcc/arm-none-eabi/7.3.1/../../../../arm-none-eabi/lib/thumb/v7e-m/fpv4-sp/hard/crt0.o
 .ARM.exidx     0x0000000000031ecc        0x0 /usr/bin/../lib/gcc/arm-none-eabi/7.3.1/thumb/v7e-m/fpv4-sp/hard/libgcc.a(_udivmoddi4.o)
                                          0x8 (size before relaxing)
                0x0000000000031ecc                __exidx_end = .
                0x0000000000031ecc                __etext = .

.rel.dyn        0x0000000000031ecc        0x0
 .rel.iplt      0x0000000000031ecc        0x0 /usr/bin/../lib/gcc/arm-none-eabi/7.3.1/thumb/v7e-m/fpv4-sp/hard/crtbegin.o

.data           0x00000000200098a8      0x9e0 load address 0x0000000000031ecc
                0x00000000200098a8                __data_start__ = .
 *(vtable)
 *(.data*)
 .data.FTL_TOLERANCE
                0x00000000200098a8        0x4 _build/main.o
                0x00000000200098a8                FTL_TOLERANCE
 .data.m_bufPayload
                0x00000000200098ac        0x4 _build/main.o
                0x00000000200098ac                m_bufPayload
 .data.spi_config
                0x00000000200098b0       0x10 _build/main.o
 .data.m_scan_buffer
                0x00000000200098c0        0x8 _build/simple_ble.o
 .data.SystemCoreClock
                0x00000000200098c8        0x4 _build/system_nrf52.o
                0x00000000200098c8                SystemCoreClock
 .data._impure_ptr
                0x00000000200098cc        0x4 /usr/bin/../lib/gcc/arm-none-eabi/7.3.1/../../../../arm-none-eabi/lib/thumb/v7e-m/fpv4-sp/hard/libc.a(lib_a-impure.o)
                0x00000000200098cc                _impure_ptr
 .data.impure_data
                0x00000000200098d0      0x428 /usr/bin/../lib/gcc/arm-none-eabi/7.3.1/../../../../arm-none-eabi/lib/thumb/v7e-m/fpv4-sp/hard/libc.a(lib_a-impure.o)
 .data.__global_locale
                0x0000000020009cf8      0x16c /usr/bin/../lib/gcc/arm-none-eabi/7.3.1/../../../../arm-none-eabi/lib/thumb/v7e-m/fpv4-sp/hard/libc.a(lib_a-locale.o)
                0x0000000020009cf8                __global_locale
 .data.__atexit_recursive_mutex
                0x0000000020009e64        0x4 /usr/bin/../lib/gcc/arm-none-eabi/7.3.1/../../../../arm-none-eabi/lib/thumb/v7e-m/fpv4-sp/hard/libc.a(lib_a-__call_atexit.o)
                0x0000000020009e64                __atexit_recursive_mutex
 .data.__malloc_av_
                0x0000000020009e68      0x408 /usr/bin/../lib/gcc/arm-none-eabi/7.3.1/../../../../arm-none-eabi/lib/thumb/v7e-m/fpv4-sp/hard/libc.a(lib_a-mallocr.o)
                0x0000000020009e68                __malloc_av_
 .data.__malloc_sbrk_base
                0x000000002000a270        0x4 /usr/bin/../lib/gcc/arm-none-eabi/7.3.1/../../../../arm-none-eabi/lib/thumb/v7e-m/fpv4-sp/hard/libc.a(lib_a-mallocr.o)
                0x000000002000a270                __malloc_sbrk_base
 .data.__malloc_trim_threshold
                0x000000002000a274        0x4 /usr/bin/../lib/gcc/arm-none-eabi/7.3.1/../../../../arm-none-eabi/lib/thumb/v7e-m/fpv4-sp/hard/libc.a(lib_a-mallocr.o)
                0x000000002000a274                __malloc_trim_threshold
                0x000000002000a278                . = ALIGN (0x4)
                0x000000002000a278                PROVIDE (__preinit_array_start = .)
 *(.preinit_array)
                0x000000002000a278                PROVIDE (__preinit_array_end = .)
                0x000000002000a278                . = ALIGN (0x4)
                0x000000002000a278                PROVIDE (__init_array_start = .)
 *(SORT_BY_NAME(.init_array.*))
 .init_array.00000
                0x000000002000a278        0x4 /usr/bin/../lib/gcc/arm-none-eabi/7.3.1/../../../../arm-none-eabi/lib/thumb/v7e-m/fpv4-sp/hard/libc.a(lib_a-__call_atexit.o)
 *(.init_array)
 .init_array    0x000000002000a27c        0x4 /usr/bin/../lib/gcc/arm-none-eabi/7.3.1/thumb/v7e-m/fpv4-sp/hard/crtbegin.o
 .init_array    0x000000002000a280        0x4 _build/before_startup.o
                0x000000002000a284                PROVIDE (__init_array_end = .)
                0x000000002000a284                . = ALIGN (0x4)
                0x000000002000a284                PROVIDE (__fini_array_start = .)
 *(SORT_BY_NAME(.fini_array.*))
 *(.fini_array)
 .fini_array    0x000000002000a284        0x4 /usr/bin/../lib/gcc/arm-none-eabi/7.3.1/thumb/v7e-m/fpv4-sp/hard/crtbegin.o
                0x000000002000a288                PROVIDE (__fini_array_end = .)
 *(.jcr*)
                0x000000002000a288                . = ALIGN (0x4)
                0x000000002000a288                __data_end__ = .
LOAD /usr/bin/../lib/gcc/arm-none-eabi/7.3.1/thumb/v7e-m/fpv4-sp/hard/crti.o
LOAD /usr/bin/../lib/gcc/arm-none-eabi/7.3.1/thumb/v7e-m/fpv4-sp/hard/crtbegin.o
LOAD /usr/bin/../lib/gcc/arm-none-eabi/7.3.1/../../../../arm-none-eabi/lib/thumb/v7e-m/fpv4-sp/hard/crt0.o
START GROUP
LOAD _build/main.o
LOAD _build/display.o
LOAD _build/mpu9250.o
LOAD _build/kobukiUART.o
LOAD _build/kobukiSensor.o
LOAD _build/kobukiUtilities.o
LOAD _build/kobukiSensorPoll.o
LOAD _build/kobukiActuator.o
LOAD _build/better_error_handling.o
LOAD _build/max44009.o
LOAD _build/SEGGER_RTT.o
LOAD _build/SEGGER_RTT_Syscalls_GCC.o
LOAD _build/SEGGER_RTT_printf.o
LOAD _build/app_error.o
LOAD _build/app_error_handler_gcc.o
LOAD _build/app_pwm.o
LOAD _build/app_scheduler.o
LOAD _build/app_timer.o
LOAD _build/app_uart.o
LOAD _build/app_util_platform.o
LOAD _build/before_startup.o
LOAD _build/ff.o
LOAD _build/hardfault_handler_gcc.o
LOAD _build/hardfault_implementation.o
LOAD _build/mmc_nrf.o
LOAD _build/nrf_assert.o
LOAD _build/nrf_atomic.o
LOAD _build/nrf_balloc.o
LOAD _build/nrf_drv_clock.o
LOAD _build/nrf_drv_ppi.o
LOAD _build/nrf_drv_spi.o
LOAD _build/nrf_drv_twi.o
LOAD _build/nrf_drv_uart.o
LOAD _build/nrf_fprintf.o
LOAD _build/nrf_fprintf_format.o
LOAD _build/nrf_fstorage.o
LOAD _build/nrf_log_backend_rtt.o
LOAD _build/nrf_log_backend_serial.o
LOAD _build/nrf_log_backend_uart.o
LOAD _build/nrf_log_default_backends.o
LOAD _build/nrf_log_frontend.o
LOAD _build/nrf_log_str_formatter.o
LOAD _build/nrf_memobj.o
LOAD _build/nrf_pwr_mgmt.o
LOAD _build/nrf_ringbuf.o
LOAD _build/nrf_queue.o
LOAD _build/nrf_section_iter.o
LOAD _build/nrf_serial.o
LOAD _build/nrf_strerror.o
LOAD _build/nrf_twi_mngr.o
LOAD _build/nrfx_clock.o
LOAD _build/nrfx_gpiote.o
LOAD _build/nrfx_ppi.o
LOAD _build/nrfx_prs.o
LOAD _build/nrfx_pwm.o
LOAD _build/nrfx_saadc.o
LOAD _build/nrfx_spi.o
LOAD _build/nrfx_spim.o
LOAD _build/nrfx_timer.o
LOAD _build/nrfx_twi.o
LOAD _build/nrfx_twim.o
LOAD _build/nrfx_uart.o
LOAD _build/nrfx_uarte.o
LOAD _build/simple_logger.o
LOAD _build/ble_advdata.o
LOAD _build/ble_advertising.o
LOAD _build/ble_conn_params.o
LOAD _build/ble_srv_common.o
LOAD _build/nrf_ble_gatt.o
LOAD _build/nrf_ble_qwr.o
LOAD _build/nrf_sdh.o
LOAD _build/nrf_sdh_ble.o
LOAD _build/simple_ble.o
LOAD _build/system_nrf52.o
LOAD _build/app_error_weak.o
LOAD _build/gcc_startup_nrf52.os
LOAD /usr/bin/../lib/gcc/arm-none-eabi/7.3.1/../../../../arm-none-eabi/lib/thumb/v7e-m/fpv4-sp/hard/libc.a
LOAD /usr/bin/../lib/gcc/arm-none-eabi/7.3.1/../../../../arm-none-eabi/lib/thumb/v7e-m/fpv4-sp/hard/libnosys.a
LOAD /usr/bin/../lib/gcc/arm-none-eabi/7.3.1/../../../../arm-none-eabi/lib/thumb/v7e-m/fpv4-sp/hard/libm.a
LOAD /usr/bin/../lib/gcc/arm-none-eabi/7.3.1/../../../../arm-none-eabi/lib/thumb/v7e-m/fpv4-sp/hard/libstdc++.a
END GROUP
START GROUP
LOAD /usr/bin/../lib/gcc/arm-none-eabi/7.3.1/thumb/v7e-m/fpv4-sp/hard/libgcc.a
LOAD /usr/bin/../lib/gcc/arm-none-eabi/7.3.1/../../../../arm-none-eabi/lib/thumb/v7e-m/fpv4-sp/hard/libc.a
END GROUP
LOAD /usr/bin/../lib/gcc/arm-none-eabi/7.3.1/thumb/v7e-m/fpv4-sp/hard/crtend.o
LOAD /usr/bin/../lib/gcc/arm-none-eabi/7.3.1/thumb/v7e-m/fpv4-sp/hard/crtn.o
START GROUP
LOAD /usr/bin/../lib/gcc/arm-none-eabi/7.3.1/thumb/v7e-m/fpv4-sp/hard/libgcc.a
LOAD /usr/bin/../lib/gcc/arm-none-eabi/7.3.1/../../../../arm-none-eabi/lib/thumb/v7e-m/fpv4-sp/hard/libc.a
LOAD /usr/bin/../lib/gcc/arm-none-eabi/7.3.1/../../../../arm-none-eabi/lib/thumb/v7e-m/fpv4-sp/hard/libnosys.a
END GROUP

.igot.plt       0x000000002000a288        0x0 load address 0x00000000000328ac
 .igot.plt      0x000000002000a288        0x0 /usr/bin/../lib/gcc/arm-none-eabi/7.3.1/thumb/v7e-m/fpv4-sp/hard/crtbegin.o

.bootloader_settings_page
                0x000000000007f000        0x0
                [!provide]                        PROVIDE (__start_bootloader_settings_page = .)
 *(SORT_BY_NAME(.bootloader_settings_page*))
                [!provide]                        PROVIDE (__stop_bootloader_settings_page = .)

.uicr_bootloader_start_address
                0x0000000010001014        0x0
                [!provide]                        PROVIDE (__start_uicr_bootloader_start_address = .)
 *(SORT_BY_NAME(.uicr_bootloader_start_address*))
                [!provide]                        PROVIDE (__stop_uicr_bootloader_start_address = .)
                0x0000000010001014                . = ALIGN (0x4)

.mem_section_dummy_ram

.log_dynamic_data
                0x000000002000a288        0x0
                0x000000002000a288                PROVIDE (__start_log_dynamic_data = .)
 *(SORT_BY_NAME(.log_dynamic_data*))
                [!provide]                        PROVIDE (__stop_log_dynamic_data = .)

.cli_sorted_cmd_ptrs
                0x000000002000a288        0x0
                [!provide]                        PROVIDE (__start_cli_sorted_cmd_ptrs = .)
 *(.cli_sorted_cmd_ptrs)
                [!provide]                        PROVIDE (__stop_cli_sorted_cmd_ptrs = .)

.fs_data        0x000000002000a288        0x0
                0x000000002000a288                PROVIDE (__start_fs_data = .)
 *(.fs_data)
                0x000000002000a288                PROVIDE (__stop_fs_data = .)

.bss            0x000000002000a288     0x1194 load address 0x00000000000328ac
                0x000000002000a288                . = ALIGN (0x4)
                0x000000002000a288                __bss_start__ = .
 *(.bss*)
 .bss           0x000000002000a288       0x1c /usr/bin/../lib/gcc/arm-none-eabi/7.3.1/thumb/v7e-m/fpv4-sp/hard/crtbegin.o
 .bss.blocks    0x000000002000a2a4        0x4 _build/main.o
                0x000000002000a2a4                blocks
 .bss.numBlocks
                0x000000002000a2a8        0x1 _build/main.o
                0x000000002000a2a8                numBlocks
 .bss.serial_queues_rxq_nrf_queue_buffer
                0x000000002000a2a9      0x101 _build/kobukiUtilities.o
 *fill*         0x000000002000a3aa        0x2 
 .bss.serial_queues_rxq_nrf_queue_cb
                0x000000002000a3ac        0xc _build/kobukiUtilities.o
 .bss.serial_queues_txq_nrf_queue_buffer
                0x000000002000a3b8      0x101 _build/kobukiUtilities.o
 *fill*         0x000000002000a4b9        0x3 
 .bss.serial_queues_txq_nrf_queue_cb
                0x000000002000a4bc        0xc _build/kobukiUtilities.o
 .bss._acDownBuffer
                0x000000002000a4c8       0x10 _build/SEGGER_RTT.o
 .bss._acUpBuffer
                0x000000002000a4d8      0x200 _build/SEGGER_RTT.o
 .bss.m_op_queue
                0x000000002000a6d8      0x10c _build/app_timer.o
 .bss.m_rtc1_reset
                0x000000002000a7e4        0x1 _build/app_timer.o
 .bss.m_rtc1_running
                0x000000002000a7e5        0x1 _build/app_timer.o
 *fill*         0x000000002000a7e6        0x2 
 .bss.m_ticks_elapsed
                0x000000002000a7e8        0x8 _build/app_timer.o
 .bss.m_ticks_elapsed_q_read_ind
                0x000000002000a7f0        0x1 _build/app_timer.o
 .bss.m_ticks_elapsed_q_write_ind
                0x000000002000a7f1        0x1 _build/app_timer.o
 *fill*         0x000000002000a7f2        0x2 
 .bss.m_ticks_latest
                0x000000002000a7f4        0x4 _build/app_timer.o
 .bss.mp_timer_id_head
                0x000000002000a7f8        0x4 _build/app_timer.o
 .bss.m_clock_cb
                0x000000002000a7fc       0x14 _build/nrf_drv_clock.o
 .bss.m_contexts
                0x000000002000a810        0xc _build/nrf_drv_spi.o
 .bss.m_handlers
                0x000000002000a81c        0xc _build/nrf_drv_spi.o
 .bss.log_mempool_nrf_balloc_cb
                0x000000002000a828        0x8 _build/nrf_log_frontend.o
 .bss.log_mempool_nrf_balloc_pool_mem
                0x000000002000a830       0xc0 _build/nrf_log_frontend.o
 .bss.log_mempool_nrf_balloc_pool_stack
                0x000000002000a8f0        0x8 _build/nrf_log_frontend.o
 .bss.m_log_data
                0x000000002000a8f8      0x424 _build/nrf_log_frontend.o
 .bss.m_clock_cb
                0x000000002000ad1c        0x8 _build/nrfx_clock.o
 .bss.m_cb      0x000000002000ad24       0x5c _build/nrfx_gpiote.o
 .bss.m_prs_box_4
                0x000000002000ad80        0x8 _build/nrfx_prs.o
 .bss.m_cb      0x000000002000ad88       0x18 _build/nrfx_pwm.o
 .bss.m_cb      0x000000002000ada0       0x30 _build/nrfx_saadc.o
 .bss.m_cb      0x000000002000add0       0x24 _build/nrfx_spim.o
 .bss.m_cb      0x000000002000adf4       0x18 _build/nrfx_timer.o
 .bss.m_cb      0x000000002000ae0c       0x34 _build/nrfx_twim.o
 .bss.m_conn_params_config
                0x000000002000ae40       0x1c _build/ble_conn_params.o
 .bss.m_conn_params_instances
                0x000000002000ae5c       0x14 _build/ble_conn_params.o
 .bss.m_preferred_conn_params
                0x000000002000ae70        0x8 _build/ble_conn_params.o
 .bss.m_nrf_sdh_enabled
                0x000000002000ae78        0x1 _build/nrf_sdh.o
 .bss.m_stack_is_enabled
                0x000000002000ae79        0x1 _build/nrf_sdh_ble.o
 *fill*         0x000000002000ae7a        0x2 
 .bss.m_advertising
                0x000000002000ae7c      0x258 _build/simple_ble.o
 .bss.m_gatt    0x000000002000b0d4       0x14 _build/simple_ble.o
 .bss.m_qwr     0x000000002000b0e8        0xc _build/simple_ble.o
 .bss.scan_buffer
                0x000000002000b0f4       0x1f _build/simple_ble.o
 *fill*         0x000000002000b113        0x1 
 .bss.__malloc_current_mallinfo
                0x000000002000b114       0x28 /usr/bin/../lib/gcc/arm-none-eabi/7.3.1/../../../../arm-none-eabi/lib/thumb/v7e-m/fpv4-sp/hard/libc.a(lib_a-mallocr.o)
                0x000000002000b114                __malloc_current_mallinfo
 .bss.__malloc_max_sbrked_mem
                0x000000002000b13c        0x4 /usr/bin/../lib/gcc/arm-none-eabi/7.3.1/../../../../arm-none-eabi/lib/thumb/v7e-m/fpv4-sp/hard/libc.a(lib_a-mallocr.o)
                0x000000002000b13c                __malloc_max_sbrked_mem
 .bss.__malloc_max_total_mem
                0x000000002000b140        0x4 /usr/bin/../lib/gcc/arm-none-eabi/7.3.1/../../../../arm-none-eabi/lib/thumb/v7e-m/fpv4-sp/hard/libc.a(lib_a-mallocr.o)
                0x000000002000b140                __malloc_max_total_mem
 .bss.__malloc_top_pad
                0x000000002000b144        0x4 /usr/bin/../lib/gcc/arm-none-eabi/7.3.1/../../../../arm-none-eabi/lib/thumb/v7e-m/fpv4-sp/hard/libc.a(lib_a-mallocr.o)
                0x000000002000b144                __malloc_top_pad
 .bss.heap_end.5377
                0x000000002000b148        0x4 /usr/bin/../lib/gcc/arm-none-eabi/7.3.1/../../../../arm-none-eabi/lib/thumb/v7e-m/fpv4-sp/hard/libnosys.a(sbrk.o)
 *(COMMON)
 COMMON         0x000000002000b14c      0x21d _build/main.o
                0x000000002000b14c                xpos
                0x000000002000b14e                frameHeight
                0x000000002000b150                FTL_MIN
                0x000000002000b154                pixyVersion
                0x000000002000b158                direction
                0x000000002000b15a                frameWidth
                0x000000002000b15c                pixy_spi_buf
                0x000000002000b25b                m_length
                0x000000002000b25c                m_type
                0x000000002000b25d                offset
                0x000000002000b25e                m_buf
                0x000000002000b364                FTL_MAX
                0x000000002000b368                m_cs
 *fill*         0x000000002000b369        0x3 
 COMMON         0x000000002000b36c       0x78 _build/SEGGER_RTT.o
                0x000000002000b36c                _SEGGER_RTT
 COMMON         0x000000002000b3e4        0xc _build/app_util_platform.o
                0x000000002000b3e4                nrf_nvic_state
 COMMON         0x000000002000b3f0        0x2 _build/simple_ble.o
                0x000000002000b3f0                app
 *fill*         0x000000002000b3f2        0x2 
 COMMON         0x000000002000b3f4       0x21 /usr/bin/../lib/gcc/arm-none-eabi/7.3.1/../../../../arm-none-eabi/lib/thumb/v7e-m/fpv4-sp/hard/libc.a(lib_a-lock.o)
                0x000000002000b3f4                __lock___atexit_recursive_mutex
                0x000000002000b3f8                __lock___arc4random_mutex
                0x000000002000b3fc                __lock___env_recursive_mutex
                0x000000002000b400                __lock___sinit_recursive_mutex
                0x000000002000b404                __lock___malloc_recursive_mutex
                0x000000002000b408                __lock___at_quick_exit_mutex
                0x000000002000b40c                __lock___dd_hash_mutex
                0x000000002000b410                __lock___tz_mutex
                0x000000002000b414                __lock___sfp_recursive_mutex
 *fill*         0x000000002000b415        0x3 
 COMMON         0x000000002000b418        0x4 /usr/bin/../lib/gcc/arm-none-eabi/7.3.1/../../../../arm-none-eabi/lib/thumb/v7e-m/fpv4-sp/hard/libc.a(lib_a-reent.o)
                0x000000002000b418                errno
                0x000000002000b41c                . = ALIGN (0x4)
                0x000000002000b41c                __bss_end__ = .

.heap           0x000000002000b420     0x2000
                0x000000002000b420                __HeapBase = .
                0x000000002000b420                __end__ = .
                0x000000002000b420                PROVIDE (end = .)
 *(.heap*)
 .heap          0x000000002000b420     0x2000 _build/gcc_startup_nrf52.os
                0x000000002000d420                __HeapLimit = .

.stack_dummy    0x000000002000b420     0x2000
 *(.stack*)
 .stack         0x000000002000b420     0x2000 _build/gcc_startup_nrf52.os
                0x0000000020010000                __StackTop = (ORIGIN (RAM) + LENGTH (RAM))
                0x000000002000e000                __StackLimit = (__StackTop - SIZEOF (.stack_dummy))
                0x0000000020010000                PROVIDE (__stack = __StackTop)
                0x0000000000000001                ASSERT ((__StackLimit >= __HeapLimit), region RAM overflowed with stack)
                0x00000000000009e0                DataInitFlashUsed = (__bss_start__ - __data_start__)
                0x000000000000becc                CodeFlashUsed = (__etext - ORIGIN (FLASH))
                0x000000000000c8ac                TotalFlashUsed = (CodeFlashUsed + DataInitFlashUsed)
                0x0000000000000001                ASSERT ((TotalFlashUsed <= LENGTH (FLASH)), region FLASH overflowed with .data and user data)
OUTPUT(_build/pixy_sdk15_s132.elf elf32-littlearm)

.ARM.attributes
                0x0000000000000000       0x30
 .ARM.attributes
                0x0000000000000000       0x22 /usr/bin/../lib/gcc/arm-none-eabi/7.3.1/thumb/v7e-m/fpv4-sp/hard/crti.o
 .ARM.attributes
                0x0000000000000022       0x34 /usr/bin/../lib/gcc/arm-none-eabi/7.3.1/thumb/v7e-m/fpv4-sp/hard/crtbegin.o
 .ARM.attributes
                0x0000000000000056       0x20 /usr/bin/../lib/gcc/arm-none-eabi/7.3.1/../../../../arm-none-eabi/lib/thumb/v7e-m/fpv4-sp/hard/crt0.o
 .ARM.attributes
                0x0000000000000076       0x39 _build/main.o
 .ARM.attributes
                0x00000000000000af       0x39 _build/kobukiUtilities.o
 .ARM.attributes
                0x00000000000000e8       0x39 _build/better_error_handling.o
 .ARM.attributes
                0x0000000000000121       0x39 _build/SEGGER_RTT.o
 .ARM.attributes
                0x000000000000015a       0x39 _build/SEGGER_RTT_Syscalls_GCC.o
 .ARM.attributes
                0x0000000000000193       0x39 _build/app_error_handler_gcc.o
 .ARM.attributes
                0x00000000000001cc       0x39 _build/app_timer.o
 .ARM.attributes
                0x0000000000000205       0x39 _build/app_util_platform.o
 .ARM.attributes
                0x000000000000023e       0x39 _build/before_startup.o
 .ARM.attributes
                0x0000000000000277       0x39 _build/hardfault_handler_gcc.o
 .ARM.attributes
                0x00000000000002b0       0x39 _build/hardfault_implementation.o
 .ARM.attributes
                0x00000000000002e9       0x39 _build/nrf_atomic.o
 .ARM.attributes
                0x0000000000000322       0x39 _build/nrf_balloc.o
 .ARM.attributes
                0x000000000000035b       0x39 _build/nrf_drv_clock.o
 .ARM.attributes
                0x0000000000000394       0x39 _build/nrf_drv_spi.o
 .ARM.attributes
                0x00000000000003cd       0x39 _build/nrf_fstorage.o
 .ARM.attributes
                0x0000000000000406       0x39 _build/nrf_log_frontend.o
 .ARM.attributes
                0x000000000000043f       0x39 _build/nrf_memobj.o
 .ARM.attributes
                0x0000000000000478       0x39 _build/nrf_pwr_mgmt.o
 .ARM.attributes
                0x00000000000004b1       0x39 _build/nrf_section_iter.o
 .ARM.attributes
                0x00000000000004ea       0x39 _build/nrf_strerror.o
 .ARM.attributes
                0x0000000000000523       0x39 _build/nrfx_clock.o
 .ARM.attributes
                0x000000000000055c       0x39 _build/nrfx_gpiote.o
 .ARM.attributes
                0x0000000000000595       0x39 _build/nrfx_ppi.o
 .ARM.attributes
                0x00000000000005ce       0x39 _build/nrfx_prs.o
 .ARM.attributes
                0x0000000000000607       0x39 _build/nrfx_pwm.o
 .ARM.attributes
                0x0000000000000640       0x39 _build/nrfx_saadc.o
 .ARM.attributes
                0x0000000000000679       0x39 _build/nrfx_spim.o
 .ARM.attributes
                0x00000000000006b2       0x39 _build/nrfx_timer.o
 .ARM.attributes
                0x00000000000006eb       0x39 _build/nrfx_twim.o
 .ARM.attributes
                0x0000000000000724       0x39 _build/nrfx_uart.o
 .ARM.attributes
                0x000000000000075d       0x39 _build/nrfx_uarte.o
 .ARM.attributes
                0x0000000000000796       0x39 _build/ble_advdata.o
 .ARM.attributes
                0x00000000000007cf       0x39 _build/ble_advertising.o
 .ARM.attributes
                0x0000000000000808       0x39 _build/ble_conn_params.o
 .ARM.attributes
                0x0000000000000841       0x39 _build/ble_srv_common.o
 .ARM.attributes
                0x000000000000087a       0x39 _build/nrf_ble_gatt.o
 .ARM.attributes
                0x00000000000008b3       0x39 _build/nrf_ble_qwr.o
 .ARM.attributes
                0x00000000000008ec       0x39 _build/nrf_sdh.o
 .ARM.attributes
                0x0000000000000925       0x39 _build/nrf_sdh_ble.o
 .ARM.attributes
                0x000000000000095e       0x39 _build/simple_ble.o
 .ARM.attributes
                0x0000000000000997       0x39 _build/system_nrf52.o
 .ARM.attributes
                0x00000000000009d0       0x1c _build/gcc_startup_nrf52.os
 .ARM.attributes
                0x00000000000009ec       0x34 /usr/bin/../lib/gcc/arm-none-eabi/7.3.1/../../../../arm-none-eabi/lib/thumb/v7e-m/fpv4-sp/hard/libc.a(lib_a-assert.o)
 .ARM.attributes
                0x0000000000000a20       0x34 /usr/bin/../lib/gcc/arm-none-eabi/7.3.1/../../../../arm-none-eabi/lib/thumb/v7e-m/fpv4-sp/hard/libc.a(lib_a-exit.o)
 .ARM.attributes
                0x0000000000000a54       0x34 /usr/bin/../lib/gcc/arm-none-eabi/7.3.1/../../../../arm-none-eabi/lib/thumb/v7e-m/fpv4-sp/hard/libc.a(lib_a-fiprintf.o)
 .ARM.attributes
                0x0000000000000a88       0x34 /usr/bin/../lib/gcc/arm-none-eabi/7.3.1/../../../../arm-none-eabi/lib/thumb/v7e-m/fpv4-sp/hard/libc.a(lib_a-impure.o)
 .ARM.attributes
                0x0000000000000abc       0x34 /usr/bin/../lib/gcc/arm-none-eabi/7.3.1/../../../../arm-none-eabi/lib/thumb/v7e-m/fpv4-sp/hard/libc.a(lib_a-init.o)
 .ARM.attributes
                0x0000000000000af0       0x34 /usr/bin/../lib/gcc/arm-none-eabi/7.3.1/../../../../arm-none-eabi/lib/thumb/v7e-m/fpv4-sp/hard/libc.a(lib_a-locale.o)