Archive member included to satisfy reference by file (symbol)

/usr/bin/../lib/gcc/arm-none-eabi/7.3.1/../../../../arm-none-eabi/lib/thumb/v7e-m/fpv4-sp/hard/libc.a(lib_a-abs.o)
                              _build/main.o (abs)
/usr/bin/../lib/gcc/arm-none-eabi/7.3.1/../../../../arm-none-eabi/lib/thumb/v7e-m/fpv4-sp/hard/libc.a(lib_a-assert.o)
                              _build/main.o (__assert_func)
/usr/bin/../lib/gcc/arm-none-eabi/7.3.1/../../../../arm-none-eabi/lib/thumb/v7e-m/fpv4-sp/hard/libc.a(lib_a-exit.o)
                              /usr/bin/../lib/gcc/arm-none-eabi/7.3.1/../../../../arm-none-eabi/lib/thumb/v7e-m/fpv4-sp/hard/crt0.o (exit)
/usr/bin/../lib/gcc/arm-none-eabi/7.3.1/../../../../arm-none-eabi/lib/thumb/v7e-m/fpv4-sp/hard/libc.a(lib_a-fiprintf.o)
                              /usr/bin/../lib/gcc/arm-none-eabi/7.3.1/../../../../arm-none-eabi/lib/thumb/v7e-m/fpv4-sp/hard/libc.a(lib_a-assert.o) (fiprintf)
/usr/bin/../lib/gcc/arm-none-eabi/7.3.1/../../../../arm-none-eabi/lib/thumb/v7e-m/fpv4-sp/hard/libc.a(lib_a-impure.o)
                              /usr/bin/../lib/gcc/arm-none-eabi/7.3.1/../../../../arm-none-eabi/lib/thumb/v7e-m/fpv4-sp/hard/libc.a(lib_a-exit.o) (_global_impure_ptr)
/usr/bin/../lib/gcc/arm-none-eabi/7.3.1/../../../../arm-none-eabi/lib/thumb/v7e-m/fpv4-sp/hard/libc.a(lib_a-init.o)
                              /usr/bin/../lib/gcc/arm-none-eabi/7.3.1/../../../../arm-none-eabi/lib/thumb/v7e-m/fpv4-sp/hard/crt0.o (__libc_init_array)
/usr/bin/../lib/gcc/arm-none-eabi/7.3.1/../../../../arm-none-eabi/lib/thumb/v7e-m/fpv4-sp/hard/libc.a(lib_a-locale.o)
                              _build/nrf_log_str_formatter.o (__locale_ctype_ptr)
/usr/bin/../lib/gcc/arm-none-eabi/7.3.1/../../../../arm-none-eabi/lib/thumb/v7e-m/fpv4-sp/hard/libc.a(lib_a-mbtowc_r.o)
                              /usr/bin/../lib/gcc/arm-none-eabi/7.3.1/../../../../arm-none-eabi/lib/thumb/v7e-m/fpv4-sp/hard/libc.a(lib_a-locale.o) (__ascii_mbtowc)
/usr/bin/../lib/gcc/arm-none-eabi/7.3.1/../../../../arm-none-eabi/lib/thumb/v7e-m/fpv4-sp/hard/libc.a(lib_a-memcmp.o)
                              _build/nrf_twi_mngr.o (memcmp)
/usr/bin/../lib/gcc/arm-none-eabi/7.3.1/../../../../arm-none-eabi/lib/thumb/v7e-m/fpv4-sp/hard/libc.a(lib_a-memcpy.o)
                              _build/kobukiUART.o (memcpy)
/usr/bin/../lib/gcc/arm-none-eabi/7.3.1/../../../../arm-none-eabi/lib/thumb/v7e-m/fpv4-sp/hard/libc.a(lib_a-memset.o)
                              /usr/bin/../lib/gcc/arm-none-eabi/7.3.1/../../../../arm-none-eabi/lib/thumb/v7e-m/fpv4-sp/hard/crt0.o (memset)
/usr/bin/../lib/gcc/arm-none-eabi/7.3.1/../../../../arm-none-eabi/lib/thumb/v7e-m/fpv4-sp/hard/libc.a(lib_a-printf.o)
                              _build/main.o (printf)
/usr/bin/../lib/gcc/arm-none-eabi/7.3.1/../../../../arm-none-eabi/lib/thumb/v7e-m/fpv4-sp/hard/libc.a(lib_a-setbuf.o)
                              _build/before_startup.o (setbuf)
/usr/bin/../lib/gcc/arm-none-eabi/7.3.1/../../../../arm-none-eabi/lib/thumb/v7e-m/fpv4-sp/hard/libc.a(lib_a-setvbuf.o)
                              /usr/bin/../lib/gcc/arm-none-eabi/7.3.1/../../../../arm-none-eabi/lib/thumb/v7e-m/fpv4-sp/hard/libc.a(lib_a-setbuf.o) (setvbuf)
/usr/bin/../lib/gcc/arm-none-eabi/7.3.1/../../../../arm-none-eabi/lib/thumb/v7e-m/fpv4-sp/hard/libc.a(lib_a-sprintf.o)
                              _build/main.o (sprintf)
/usr/bin/../lib/gcc/arm-none-eabi/7.3.1/../../../../arm-none-eabi/lib/thumb/v7e-m/fpv4-sp/hard/libc.a(lib_a-strcmp.o)
                              /usr/bin/../lib/gcc/arm-none-eabi/7.3.1/../../../../arm-none-eabi/lib/thumb/v7e-m/fpv4-sp/hard/libc.a(lib_a-locale.o) (strcmp)
/usr/bin/../lib/gcc/arm-none-eabi/7.3.1/../../../../arm-none-eabi/lib/thumb/v7e-m/fpv4-sp/hard/libc.a(lib_a-strcpy.o)
                              _build/SEGGER_RTT.o (strcpy)
/usr/bin/../lib/gcc/arm-none-eabi/7.3.1/../../../../arm-none-eabi/lib/thumb/v7e-m/fpv4-sp/hard/libc.a(lib_a-strlen.o)
                              _build/display.o (strlen)
/usr/bin/../lib/gcc/arm-none-eabi/7.3.1/../../../../arm-none-eabi/lib/thumb/v7e-m/fpv4-sp/hard/libc.a(lib_a-svfprintf.o)
                              /usr/bin/../lib/gcc/arm-none-eabi/7.3.1/../../../../arm-none-eabi/lib/thumb/v7e-m/fpv4-sp/hard/libc.a(lib_a-sprintf.o) (_svfprintf_r)
/usr/bin/../lib/gcc/arm-none-eabi/7.3.1/../../../../arm-none-eabi/lib/thumb/v7e-m/fpv4-sp/hard/libc.a(lib_a-vfiprintf.o)
                              /usr/bin/../lib/gcc/arm-none-eabi/7.3.1/../../../../arm-none-eabi/lib/thumb/v7e-m/fpv4-sp/hard/libc.a(lib_a-fiprintf.o) (_vfiprintf_r)
/usr/bin/../lib/gcc/arm-none-eabi/7.3.1/../../../../arm-none-eabi/lib/thumb/v7e-m/fpv4-sp/hard/libc.a(lib_a-vfprintf.o)
                              /usr/bin/../lib/gcc/arm-none-eabi/7.3.1/../../../../arm-none-eabi/lib/thumb/v7e-m/fpv4-sp/hard/libc.a(lib_a-printf.o) (_vfprintf_r)
/usr/bin/../lib/gcc/arm-none-eabi/7.3.1/../../../../arm-none-eabi/lib/thumb/v7e-m/fpv4-sp/hard/libc.a(lib_a-vsnprintf.o)
[...]
Memory Configuration

Name             Origin             Length             Attributes
FLASH            0x0000000000026000 0x0000000000059000 xr
RAM              0x00000000200098a8 0x0000000000006758 xrw
bootloader_settings_page 0x000000000007f000 0x0000000000001000 r
uicr_bootloader_start_address 0x0000000010001014 0x0000000000000004 r
*default*        0x0000000000000000 0xffffffffffffffff

Linker script and memory map


.text           0x0000000000026000    0x11750
 *(.isr_vector)
 .isr_vector    0x0000000000026000      0x200 _build/gcc_startup_nrf52.os
                0x0000000000026000                __isr_vector
 *(.text*)
 .text          0x0000000000026200       0x40 /usr/bin/../lib/gcc/arm-none-eabi/7.3.1/thumb/v7e-m/fpv4-sp/hard/crtbegin.o
 .text          0x0000000000026240       0x74 /usr/bin/../lib/gcc/arm-none-eabi/7.3.1/../../../../arm-none-eabi/lib/thumb/v7e-m/fpv4-sp/hard/crt0.o
                0x0000000000026240                _mainCRTStartup
                0x0000000000026240                _start
 .text.nrfx_coredep_delay_us
                0x00000000000262b4       0x14 _build/main.o
 .text.timer_callback
                0x00000000000262c8       0x1c _build/main.o
 .text.pixy_spi_init
                0x00000000000262e4       0x14 _build/main.o
                0x00000000000262e4                pixy_spi_init
 .text.pixy_spi_uninit
                0x00000000000262f8        0xc _build/main.o
                0x00000000000262f8                pixy_spi_uninit
 .text.pixy_spi_open
                0x0000000000026304       0x20 _build/main.o
                0x0000000000026304                pixy_spi_open
 .text.pixy_spi_recv
                0x0000000000026324       0x4c _build/main.o
                0x0000000000026324                pixy_spi_recv
 .text.pixy_spi_send
                0x0000000000026370       0x34 _build/main.o
                0x0000000000026370                pixy_spi_send
 .text.getSync  0x00000000000263a4       0xa8 _build/main.o
                0x00000000000263a4                getSync
 .text.recvPacket
                0x000000000002644c       0xbc _build/main.o
                0x000000000002644c                recvPacket
 .text.sendPacket
                0x0000000000026508       0x34 _build/main.o
                0x0000000000026508                sendPacket
 .text.getVersion
                0x000000000002653c       0x50 _build/main.o
                0x000000000002653c                getVersion
 .text.getResolution
                0x000000000002658c       0x60 _build/main.o
                0x000000000002658c                getResolution
 .text.pixyInit
                0x00000000000265ec       0x4c _build/main.o
                0x00000000000265ec                pixyInit
 .text.setLED   0x0000000000026638       0x50 _build/main.o
                0x0000000000026638                setLED
 .text.getBlocks
                0x0000000000026688       0x80 _build/main.o
                0x0000000000026688                getBlocks
 .text.pixy_ftl_init
                0x0000000000026708       0x4c _build/main.o
                0x0000000000026708                pixy_ftl_init
 .text.pixy_ftl_change_tolerance
                0x0000000000026754       0x7c _build/main.o
                0x0000000000026754                pixy_ftl_change_tolerance
 .text.pixy_ftl_locate_leader
                0x00000000000267d0       0x94 _build/main.o
                0x00000000000267d0                pixy_ftl_locate_leader
 .text.pixy_timer_callback
                0x0000000000026864       0x60 _build/main.o
 .text.ble_evt_adv_report
                0x00000000000268c4       0xfc _build/main.o
                0x00000000000268c4                ble_evt_adv_report
 .text.startup.main
                0x00000000000269c0      0x308 _build/main.o
                0x00000000000269c0                main
 .text.gyro_timer_event_handler
                0x0000000000026cc8        0x2 _build/mpu9250.o
 *fill*         0x0000000000026cca        0x2 
 .text.i2c_reg_write
                0x0000000000026ccc       0x48 _build/mpu9250.o
 .text.i2c_reg_read
                0x0000000000026d14       0x64 _build/mpu9250.o
 .text.nrf_delay_ms.part.0
                0x0000000000026d78       0x1c _build/mpu9250.o
 .text.mpu9250_init
                0x0000000000026d94       0xa4 _build/mpu9250.o
                0x0000000000026d94                mpu9250_init
 .text.mpu9250_read_gyro
                0x0000000000026e38       0xc8 _build/mpu9250.o
                0x0000000000026e38                mpu9250_read_gyro
 .text.mpu9250_start_gyro_integration
                0x0000000000026f00       0x3c _build/mpu9250.o
                0x0000000000026f00                mpu9250_start_gyro_integration
 .text.mpu9250_stop_gyro_integration
                0x0000000000026f3c        0xc _build/mpu9250.o
                0x0000000000026f3c                mpu9250_stop_gyro_integration
 .text.mpu9250_read_gyro_integration
                0x0000000000026f48       0xd0 _build/mpu9250.o
                0x0000000000026f48                mpu9250_read_gyro_integration
 .text.kobukiReadFeedbackPacket
                0x0000000000027018       0xe0 _build/kobukiUART.o
                0x0000000000027018                kobukiReadFeedbackPacket
 .text.kobukiParseSensorPacket
                0x00000000000270f8      0x2ac _build/kobukiSensor.o
                0x00000000000270f8                kobukiParseSensorPacket
 .text.kobukiInit
                0x00000000000273a4       0x4c _build/kobukiUtilities.o
                0x00000000000273a4                kobukiInit
 .text.checkSumRead
                0x00000000000273f0       0x18 _build/kobukiUtilities.o
                0x00000000000273f0                checkSumRead
 .text.checkSum
                0x0000000000027408        0x4 _build/kobukiUtilities.o
                0x0000000000027408                checkSum
 .text.is_button_pressed
                0x000000000002740c       0x44 _build/kobukiUtilities.o
                0x000000000002740c                is_button_pressed
 .text.kobukiSensorPoll
                0x0000000000027450       0x2a _build/kobukiSensorPoll.o
                0x0000000000027450                kobukiSensorPoll
 *fill*         0x000000000002747a        0x2 
 .text.kobukiSendPayload
                0x000000000002747c       0x70 _build/kobukiActuator.o
 .text.kobukiDriveRadius
                0x00000000000274ec       0x38 _build/kobukiActuator.o
                0x00000000000274ec                kobukiDriveRadius
 *fill*         0x0000000000027524        0x4 
 .text.kobukiDriveDirect
                0x0000000000027528       0x98 _build/kobukiActuator.o
                0x0000000000027528                kobukiDriveDirect
 .text.nrf_delay_ms.part.0
                0x00000000000275c0       0x1c _build/better_error_handling.o
 .text.app_error_fault_handler
                0x00000000000275dc      0x128 _build/better_error_handling.o
                0x00000000000275dc                app_error_fault_handler
 .text.HardFault_process
                0x0000000000027704       0x9a _build/better_error_handling.o
                0x0000000000027704                HardFault_process
 .text._GetAvailWriteSpace
                0x000000000002779e       0x1c _build/SEGGER_RTT.o
 .text._WriteNoCheck
                0x00000000000277ba       0x3a _build/SEGGER_RTT.o
 .text._WriteBlocking
                0x00000000000277f4       0x52 _build/SEGGER_RTT.o
 *fill*         0x0000000000027846        0x2 
 .text._DoInit  0x0000000000027848       0x60 _build/SEGGER_RTT.o
 .text.SEGGER_RTT_WriteNoLock
                0x00000000000278a8       0x68 _build/SEGGER_RTT.o
                0x00000000000278a8                SEGGER_RTT_WriteNoLock
 .text.SEGGER_RTT_Write
                0x0000000000027910       0x3c _build/SEGGER_RTT.o
                0x0000000000027910                SEGGER_RTT_Write
 .text.SEGGER_RTT_Init
                0x000000000002794c        0x4 _build/SEGGER_RTT.o
                0x000000000002794c                SEGGER_RTT_Init
 .text._write_r
                0x0000000000027950       0x12 _build/SEGGER_RTT_Syscalls_GCC.o
                0x0000000000027950                _write_r
 .text.app_error_handler
                0x0000000000027962       0x1a _build/app_error_handler_gcc.o
                0x0000000000027962                app_error_handler
 .text.user_op_alloc
                0x000000000002797c       0x2c _build/app_timer.o
 .text.timer_stop_op_schedule
                0x00000000000279a8       0x50 _build/app_timer.o
 .text.nrfx_coredep_delay_us.constprop.3
                0x00000000000279f8       0x10 _build/app_timer.o
 .text.RTC1_IRQHandler
                0x0000000000027a08       0x9c _build/app_timer.o
                0x0000000000027a08                RTC1_IRQHandler
 .text.SWI0_EGU0_IRQHandler
                0x0000000000027aa4      0x2a4 _build/app_timer.o
                0x0000000000027aa4                SWI0_EGU0_IRQHandler
 .text.app_timer_init
                0x0000000000027d48       0x88 _build/app_timer.o
                0x0000000000027d48                app_timer_init
 .text.app_timer_create
                0x0000000000027dd0       0x24 _build/app_timer.o
                0x0000000000027dd0                app_timer_create
 .text.app_timer_start
                0x0000000000027df4       0x88 _build/app_timer.o
                0x0000000000027df4                app_timer_start
 .text.app_timer_stop
                0x0000000000027e7c       0x20 _build/app_timer.o
                0x0000000000027e7c                app_timer_stop
 .text.privilege_level_get
                0x0000000000027e9c       0x1a _build/app_util_platform.o
                0x0000000000027e9c                privilege_level_get
 *fill*         0x0000000000027eb6        0x2 
 .text.app_util_critical_region_enter
                0x0000000000027eb8       0x60 _build/app_util_platform.o
                0x0000000000027eb8                app_util_critical_region_enter
 .text.app_util_critical_region_exit
                0x0000000000027f18       0x40 _build/app_util_platform.o
                0x0000000000027f18                app_util_critical_region_exit
 .text.startup.called_first
                0x0000000000027f58       0x10 _build/before_startup.o
                0x0000000000027f58                called_first
 .text.HardFault_Handler
                0x0000000000027f68       0x34 _build/hardfault_handler_gcc.o
                0x0000000000027f68                HardFault_Handler
 .text.HardFault_c_handler
                0x0000000000027f9c      0x104 _build/hardfault_implementation.o
                0x0000000000027f9c                HardFault_c_handler
 .text.nrf_atomic_u32_fetch_store
                0x00000000000280a0       0x14 _build/nrf_atomic.o
                0x00000000000280a0                nrf_atomic_u32_fetch_store
 .text.nrf_atomic_u32_or
                0x00000000000280b4       0x16 _build/nrf_atomic.o
                0x00000000000280b4                nrf_atomic_u32_or
 .text.nrf_atomic_u32_fetch_and
                0x00000000000280ca       0x16 _build/nrf_atomic.o
                0x00000000000280ca                nrf_atomic_u32_fetch_and
 .text.nrf_atomic_u32_add
                0x00000000000280e0       0x16 _build/nrf_atomic.o
                0x00000000000280e0                nrf_atomic_u32_add
 .text.nrf_atomic_u32_sub
                0x00000000000280f6       0x16 _build/nrf_atomic.o
                0x00000000000280f6                nrf_atomic_u32_sub
 .text.nrf_atomic_flag_set
                0x000000000002810c        0x6 _build/nrf_atomic.o
                0x000000000002810c                nrf_atomic_flag_set
 .text.nrf_atomic_flag_clear_fetch
                0x0000000000028112        0x6 _build/nrf_atomic.o
                0x0000000000028112                nrf_atomic_flag_clear_fetch
 .text.nrf_balloc_init
                0x0000000000028118       0x7c _build/nrf_balloc.o
                0x0000000000028118                nrf_balloc_init
 .text.nrf_balloc_alloc
                0x0000000000028194       0x5c _build/nrf_balloc.o
                0x0000000000028194                nrf_balloc_alloc
 .text.nrf_balloc_free
                0x00000000000281f0       0x50 _build/nrf_balloc.o
                0x00000000000281f0                nrf_balloc_free
 .text.clock_clk_started_notify
                0x0000000000028240       0x28 _build/nrf_drv_clock.o
 .text.clock_irq_handler
                0x0000000000028268       0x1c _build/nrf_drv_clock.o
 .text.soc_evt_handler
                0x0000000000028284       0x14 _build/nrf_drv_clock.o
 .text.nrf_drv_clock_init
                0x0000000000028298       0x38 _build/nrf_drv_clock.o
                0x0000000000028298                nrf_drv_clock_init
 .text.nrf_drv_clock_lfclk_request
                0x00000000000282d0       0x84 _build/nrf_drv_clock.o
                0x00000000000282d0                nrf_drv_clock_lfclk_request
 .text.nrf_drv_clock_lfclk_release
                0x0000000000028354       0x60 _build/nrf_drv_clock.o
                0x0000000000028354                nrf_drv_clock_lfclk_release
 .text.sd_state_evt_handler
                0x00000000000283b4       0x6c _build/nrf_drv_clock.o
 .text.spim_evt_handler
                0x0000000000028420       0x3c _build/nrf_drv_spi.o
 .text.nrf_drv_spi_init
                0x000000000002845c       0x80 _build/nrf_drv_spi.o
                0x000000000002845c                nrf_drv_spi_init
 .text.twim_evt_handler
                0x00000000000284dc       0x48 _build/nrf_drv_twi.o
 .text.nrf_gpio_pin_port_decode.isra.0.part.1
                0x0000000000028524       0x10 _build/nrf_drv_twi.o
 .text.nrf_gpio_pin_set
                0x0000000000028534       0x1c _build/nrf_drv_twi.o
 .text.nrfx_coredep_delay_us.constprop.2
                0x0000000000028550       0x10 _build/nrf_drv_twi.o
 .text.nrf_drv_twi_init
                0x0000000000028560       0xf0 _build/nrf_drv_twi.o
                0x0000000000028560                nrf_drv_twi_init
 .text.uarte_evt_handler
                0x0000000000028650       0x34 _build/nrf_drv_uart.o
 .text.uart_evt_handler
                0x0000000000028684       0x34 _build/nrf_drv_uart.o
 .text.nrf_drv_uart_init
                0x00000000000286b8       0x7c _build/nrf_drv_uart.o
                0x00000000000286b8                nrf_drv_uart_init
 .text.nrf_fprintf_buffer_flush
                0x0000000000028734       0x24 _build/nrf_fprintf.o
                0x0000000000028734                nrf_fprintf_buffer_flush
 .text.nrf_fprintf
                0x0000000000028758       0x58 _build/nrf_fprintf.o
                0x0000000000028758                nrf_fprintf
 .text.buffer_add
                0x00000000000287b0       0x1e _build/nrf_fprintf_format.o
 *fill*         0x00000000000287ce        0x2 
 .text.unsigned_print
                0x00000000000287d0       0xac _build/nrf_fprintf_format.o
 .text.nrf_fprintf_fmt
                0x000000000002887c      0x2c4 _build/nrf_fprintf_format.o
                0x000000000002887c                nrf_fprintf_fmt
 .text.nrf_log_backend_rtt_flush
                0x0000000000028b40        0x2 _build/nrf_log_backend_rtt.o
 *fill*         0x0000000000028b42        0x2 
 .text.nrf_log_backend_rtt_put
                0x0000000000028b44       0x1c _build/nrf_log_backend_rtt.o
 .text.serial_tx
                0x0000000000028b60       0x50 _build/nrf_log_backend_rtt.o
 .text.nrf_log_backend_rtt_panic_set
                0x0000000000028bb0        0x2 _build/nrf_log_backend_rtt.o
 .text.nrf_log_backend_rtt_init
                0x0000000000028bb2        0x4 _build/nrf_log_backend_rtt.o
                0x0000000000028bb2                nrf_log_backend_rtt_init
 .text.nrf_log_backend_serial_put
                0x0000000000028bb6       0xcc _build/nrf_log_backend_serial.o
                0x0000000000028bb6                nrf_log_backend_serial_put
 *fill*         0x0000000000028c82        0x2 
 .text.nrf_log_default_backends_init
                0x0000000000028c84       0x30 _build/nrf_log_default_backends.o
                0x0000000000028c84                nrf_log_default_backends_init
 .text.invalid_packets_omit
                0x0000000000028cb4       0x3a _build/nrf_log_frontend.o
 *fill*         0x0000000000028cee        0x2 
 .text.buf_prealloc
                0x0000000000028cf0      0x138 _build/nrf_log_frontend.o
 .text.nrf_log_init
                0x0000000000028e28       0x3c _build/nrf_log_frontend.o
                0x0000000000028e28                nrf_log_init
 .text.nrf_log_module_name_get
                0x0000000000028e64       0x38 _build/nrf_log_frontend.o
                0x0000000000028e64                nrf_log_module_name_get
 .text.nrf_log_color_id_get
                0x0000000000028e9c       0x2c _build/nrf_log_frontend.o
                0x0000000000028e9c                nrf_log_color_id_get
 .text.buffer_is_empty
                0x0000000000028ec8       0x14 _build/nrf_log_frontend.o
                0x0000000000028ec8                buffer_is_empty
 .text.nrf_log_frontend_dequeue
                0x0000000000028edc      0x228 _build/nrf_log_frontend.o
                0x0000000000028edc                nrf_log_frontend_dequeue
 .text.std_n    0x0000000000029104       0xd8 _build/nrf_log_frontend.o
 .text.nrf_log_frontend_std_0
                0x00000000000291dc        0x8 _build/nrf_log_frontend.o
                0x00000000000291dc                nrf_log_frontend_std_0
 .text.nrf_log_frontend_std_1
                0x00000000000291e4       0x14 _build/nrf_log_frontend.o
                0x00000000000291e4                nrf_log_frontend_std_1
 .text.nrf_log_frontend_std_2
                0x00000000000291f8       0x14 _build/nrf_log_frontend.o
                0x00000000000291f8                nrf_log_frontend_std_2
 .text.nrf_log_frontend_std_3
                0x000000000002920c       0x18 _build/nrf_log_frontend.o
                0x000000000002920c                nrf_log_frontend_std_3
 .text.nrf_log_frontend_std_4
                0x0000000000029224       0x1c _build/nrf_log_frontend.o
                0x0000000000029224                nrf_log_frontend_std_4
 .text.nrf_log_backend_add
                0x0000000000029240       0x54 _build/nrf_log_frontend.o
                0x0000000000029240                nrf_log_backend_add
 .text.nrf_log_panic
                0x0000000000029294       0x2c _build/nrf_log_frontend.o
                0x0000000000029294                nrf_log_panic
 .text.postfix_process
                0x00000000000292c0       0x3c _build/nrf_log_str_formatter.o
 .text.prefix_process
                0x00000000000292fc       0x78 _build/nrf_log_str_formatter.o
 .text.nrf_log_std_entry_process
                0x0000000000029374       0xc8 _build/nrf_log_str_formatter.o
                0x0000000000029374                nrf_log_std_entry_process
 .text.nrf_log_hexdump_entry_process
                0x000000000002943c       0xbc _build/nrf_log_str_formatter.o
                0x000000000002943c                nrf_log_hexdump_entry_process
 .text.memobj_op
                0x00000000000294f8       0xa4 _build/nrf_memobj.o
 .text.nrf_memobj_pool_init
                0x000000000002959c        0x4 _build/nrf_memobj.o
                0x000000000002959c                nrf_memobj_pool_init
 .text.nrf_memobj_free
                0x00000000000295a0       0x2c _build/nrf_memobj.o
                0x00000000000295a0                nrf_memobj_free
 .text.nrf_memobj_alloc
                0x00000000000295cc       0x5e _build/nrf_memobj.o
                0x00000000000295cc                nrf_memobj_alloc
 .text.nrf_memobj_get
                0x000000000002962a        0x8 _build/nrf_memobj.o
                0x000000000002962a                nrf_memobj_get
 .text.nrf_memobj_put
                0x0000000000029632       0x1e _build/nrf_memobj.o
                0x0000000000029632                nrf_memobj_put
 .text.nrf_memobj_write
                0x0000000000029650       0x2c _build/nrf_memobj.o
                0x0000000000029650                nrf_memobj_write
 .text.nrf_memobj_read
                0x000000000002967c       0x2c _build/nrf_memobj.o
                0x000000000002967c                nrf_memobj_read
 .text.nrf_pwr_mgmt_init
                0x00000000000296a8       0x2c _build/nrf_pwr_mgmt.o
                0x00000000000296a8                nrf_pwr_mgmt_init
 .text.nrf_ringbuf_init
                0x00000000000296d4       0x1c _build/nrf_ringbuf.o
                0x00000000000296d4                nrf_ringbuf_init
 .text.queue_utilization_get
                0x00000000000296f0       0x18 _build/nrf_queue.o
 .text.nrf_queue_next_idx
                0x0000000000029708       0x20 _build/nrf_queue.o
 .text.queue_read
                0x0000000000029728       0x66 _build/nrf_queue.o
 *fill*         0x000000000002978e        0x2 
 .text.nrf_queue_is_full
                0x0000000000029790       0x28 _build/nrf_queue.o
                0x0000000000029790                nrf_queue_is_full
 .text.nrf_queue_push
                0x00000000000297b8       0xc8 _build/nrf_queue.o
                0x00000000000297b8                nrf_queue_push
 .text.nrf_queue_out
                0x0000000000029880       0x58 _build/nrf_queue.o
                0x0000000000029880                nrf_queue_out
 .text.nrf_queue_reset
                0x00000000000298d8       0x38 _build/nrf_queue.o
                0x00000000000298d8                nrf_queue_reset
 .text.nrf_queue_utilization_get
                0x0000000000029910       0x38 _build/nrf_queue.o
                0x0000000000029910                nrf_queue_utilization_get
 .text.nrf_queue_is_empty
                0x0000000000029948       0x24 _build/nrf_queue.o
                0x0000000000029948                nrf_queue_is_empty
 .text.nrf_queue_generic_pop
                0x000000000002996c       0xa8 _build/nrf_queue.o
                0x000000000002996c                nrf_queue_generic_pop
 .text.nrf_queue_available_get
                0x0000000000029a14       0x20 _build/nrf_queue.o
                0x0000000000029a14                nrf_queue_available_get
 .text.queue_write
                0x0000000000029a34       0x8a _build/nrf_queue.o
 *fill*         0x0000000000029abe        0x2 
 .text.nrf_queue_in
                0x0000000000029ac0       0x64 _build/nrf_queue.o
                0x0000000000029ac0                nrf_queue_in
 .text.nrf_section_iter_init
                0x0000000000029b24       0x30 _build/nrf_section_iter.o
                0x0000000000029b24                nrf_section_iter_init
 .text.nrf_section_iter_next
                0x0000000000029b54       0x38 _build/nrf_section_iter.o
                0x0000000000029b54                nrf_section_iter_next
 .text.event_handler
                0x0000000000029b8c        0xc _build/nrf_serial.o
 .text.serial_timeout_handler
                0x0000000000029b98        0x6 _build/nrf_serial.o
 *fill*         0x0000000000029b9e        0x2 
 .text.nrf_mtx_unlock
                0x0000000000029ba0       0x2c _build/nrf_serial.o
 .text.nrf_drv_uart_tx
                0x0000000000029bcc       0x24 _build/nrf_serial.o
 .text.nrf_drv_uart_rx
                0x0000000000029bf0       0x24 _build/nrf_serial.o
 .text.uart_event_handler
                0x0000000000029c14       0x9c _build/nrf_serial.o
 .text.nrf_mtx_trylock
                0x0000000000029cb0       0x28 _build/nrf_serial.o
 .text.nrf_drv_uart_tx_in_progress
                0x0000000000029cd8       0x18 _build/nrf_serial.o
 .text.sleep_handler.isra.0
                0x0000000000029cf0        0xe _build/nrf_serial.o
 *fill*         0x0000000000029cfe        0x2 
 .text.timeout_setup.isra.1
                0x0000000000029d00       0x58 _build/nrf_serial.o
 .text.serial_rx
                0x0000000000029d58       0x6c _build/nrf_serial.o
 .text.nrf_serial_init
                0x0000000000029dc4      0x138 _build/nrf_serial.o
                0x0000000000029dc4                nrf_serial_init
 .text.nrf_serial_write
                0x0000000000029efc      0x160 _build/nrf_serial.o
                0x0000000000029efc                nrf_serial_write
 .text.nrf_serial_read
                0x000000000002a05c       0xec _build/nrf_serial.o
                0x000000000002a05c                nrf_serial_read
 .text.nrf_serial_flush
                0x000000000002a148       0xbc _build/nrf_serial.o
                0x000000000002a148                nrf_serial_flush
 .text.nrf_strerror_find
                0x000000000002a204       0x3c _build/nrf_strerror.o
                0x000000000002a204                nrf_strerror_find
 .text.nrf_strerror_get
                0x000000000002a240       0x14 _build/nrf_strerror.o
                0x000000000002a240                nrf_strerror_get
 .text.internal_transaction_cb
                0x000000000002a254        0xa _build/nrf_twi_mngr.o
 *fill*         0x000000000002a25e        0x2 
 .text.transaction_end_signal
                0x000000000002a260       0x30 _build/nrf_twi_mngr.o
 .text.start_transfer
                0x000000000002a290       0xc4 _build/nrf_twi_mngr.o
 .text.start_pending_transaction
                0x000000000002a354       0xb8 _build/nrf_twi_mngr.o
 .text.twi_event_handler
                0x000000000002a40c       0x58 _build/nrf_twi_mngr.o
 .text.nrf_twi_mngr_init
                0x000000000002a464       0x78 _build/nrf_twi_mngr.o
                0x000000000002a464                nrf_twi_mngr_init
 .text.nrf_twi_mngr_schedule
                0x000000000002a4dc       0x60 _build/nrf_twi_mngr.o
                0x000000000002a4dc                nrf_twi_mngr_schedule
 .text.nrf_twi_mngr_perform
                0x000000000002a53c       0x80 _build/nrf_twi_mngr.o
                0x000000000002a53c                nrf_twi_mngr_perform
 .text.nrfx_clock_init
                0x000000000002a5bc       0x2c _build/nrfx_clock.o
                0x000000000002a5bc                nrfx_clock_init
 .text.nrfx_clock_enable
                0x000000000002a5e8       0x3c _build/nrfx_clock.o
                0x000000000002a5e8                nrfx_clock_enable
 .text.nrfx_clock_lfclk_start
                0x000000000002a624       0x6c _build/nrfx_clock.o
                0x000000000002a624                nrfx_clock_lfclk_start
 .text.nrfx_clock_lfclk_stop
                0x000000000002a690       0x30 _build/nrfx_clock.o
                0x000000000002a690                nrfx_clock_lfclk_stop
 .text.POWER_CLOCK_IRQHandler
                0x000000000002a6c0       0x64 _build/nrfx_clock.o
                0x000000000002a6c0                POWER_CLOCK_IRQHandler
 .text.nrf_gpiote_event_clear
                0x000000000002a724       0x18 _build/nrfx_gpiote.o
 .text.channel_free
                0x000000000002a73c       0x1c _build/nrfx_gpiote.o
 .text.nrf_gpio_pin_port_decode.isra.0.part.1
                0x000000000002a758       0x10 _build/nrfx_gpiote.o
 .text.nrf_gpio_cfg_sense_set
                0x000000000002a768       0x2e _build/nrfx_gpiote.o
 *fill*         0x000000000002a796        0x2 
 .text.nrfx_gpiote_init
                0x000000000002a798       0x6c _build/nrfx_gpiote.o
                0x000000000002a798                nrfx_gpiote_init
 .text.nrfx_gpiote_is_init
                0x000000000002a804       0x14 _build/nrfx_gpiote.o
                0x000000000002a804                nrfx_gpiote_is_init
 .text.nrfx_gpiote_out_init
                0x000000000002a818      0x11c _build/nrfx_gpiote.o
                0x000000000002a818                nrfx_gpiote_out_init
 .text.nrfx_gpiote_out_set
                0x000000000002a934       0x5c _build/nrfx_gpiote.o
                0x000000000002a934                nrfx_gpiote_out_set
 .text.nrfx_gpiote_out_clear
                0x000000000002a990       0x5c _build/nrfx_gpiote.o
                0x000000000002a990                nrfx_gpiote_out_clear
 .text.GPIOTE_IRQHandler
                0x000000000002a9ec      0x18c _build/nrfx_gpiote.o
                0x000000000002a9ec                GPIOTE_IRQHandler
 .text.UARTE0_UART0_IRQHandler
                0x000000000002ab78       0x20 _build/nrfx_prs.o
                0x000000000002ab78                UARTE0_UART0_IRQHandler
 .text.nrfx_prs_acquire
                0x000000000002ab98       0x50 _build/nrfx_prs.o
                0x000000000002ab98                nrfx_prs_acquire
 .text.nrfx_prs_release
                0x000000000002abe8       0x28 _build/nrfx_prs.o
                0x000000000002abe8                nrfx_prs_release
 .text.nrf_pwm_event_clear
                0x000000000002ac10       0x10 _build/nrfx_pwm.o
 .text.irq_handler
                0x000000000002ac20       0x80 _build/nrfx_pwm.o
 .text.PWM0_IRQHandler
                0x000000000002aca0       0x10 _build/nrfx_pwm.o
                0x000000000002aca0                PWM0_IRQHandler
 .text.PWM1_IRQHandler
                0x000000000002acb0       0x10 _build/nrfx_pwm.o
                0x000000000002acb0                PWM1_IRQHandler
 .text.PWM2_IRQHandler
                0x000000000002acc0       0x10 _build/nrfx_pwm.o
                0x000000000002acc0                PWM2_IRQHandler
 .text.nrf_saadc_event_clear
                0x000000000002acd0       0x18 _build/nrfx_saadc.o
 .text.SAADC_IRQHandler
                0x000000000002ace8      0x164 _build/nrfx_saadc.o
                0x000000000002ace8                SAADC_IRQHandler
 .text.nrf_gpio_pin_port_decode.isra.0.part.1
                0x000000000002ae4c       0x10 _build/nrfx_spim.o
 .text.nrf_gpio_pin_clear
                0x000000000002ae5c       0x1c _build/nrfx_spim.o
 .text.nrf_gpio_pin_set
                0x000000000002ae78       0x1c _build/nrfx_spim.o
 .text.SPIM1_SPIS1_TWIM1_TWIS1_SPI1_TWI1_IRQHandler
                0x000000000002ae94       0x64 _build/nrfx_spim.o
                0x000000000002ae94                SPIM1_SPIS1_TWIM1_TWIS1_SPI1_TWI1_IRQHandler
 .text.nrfx_spim_init
                0x000000000002aef8      0x21c _build/nrfx_spim.o
                0x000000000002aef8                nrfx_spim_init
 .text.nrfx_spim_uninit
                0x000000000002b114       0xbc _build/nrfx_spim.o
                0x000000000002b114                nrfx_spim_uninit
 .text.nrfx_spim_xfer
                0x000000000002b1d0      0x170 _build/nrfx_spim.o
                0x000000000002b1d0                nrfx_spim_xfer
 .text.irq_handler.constprop.0
                0x000000000002b340       0x4c _build/nrfx_timer.o
 .text.nrfx_timer_init
                0x000000000002b38c      0x170 _build/nrfx_timer.o
                0x000000000002b38c                nrfx_timer_init
 .text.nrfx_timer_enable
                0x000000000002b4fc       0x38 _build/nrfx_timer.o
                0x000000000002b4fc                nrfx_timer_enable
 .text.nrfx_timer_disable
                0x000000000002b534       0x34 _build/nrfx_timer.o
                0x000000000002b534                nrfx_timer_disable
 .text.nrfx_timer_is_enabled
                0x000000000002b568       0x34 _build/nrfx_timer.o
                0x000000000002b568                nrfx_timer_is_enabled
 .text.nrfx_timer_clear
                0x000000000002b59c       0x2c _build/nrfx_timer.o
                0x000000000002b59c                nrfx_timer_clear
 .text.nrfx_timer_capture
                0x000000000002b5c8       0x4c _build/nrfx_timer.o
                0x000000000002b5c8                nrfx_timer_capture
 .text.TIMER0_IRQHandler
                0x000000000002b614       0x10 _build/nrfx_timer.o
                0x000000000002b614                TIMER0_IRQHandler
 .text.TIMER1_IRQHandler
                0x000000000002b624       0x10 _build/nrfx_timer.o
                0x000000000002b624                TIMER1_IRQHandler
 .text.nrf_twim_event_clear
                0x000000000002b634       0x10 _build/nrfx_twim.o
 .text.SPIM0_SPIS0_TWIM0_TWIS0_SPI0_TWI0_IRQHandler
                0x000000000002b644      0x158 _build/nrfx_twim.o
                0x000000000002b644                SPIM0_SPIS0_TWIM0_TWIS0_SPI0_TWI0_IRQHandler
 .text.nrfx_twim_init
                0x000000000002b79c      0x16c _build/nrfx_twim.o
                0x000000000002b79c                nrfx_twim_init
 .text.nrfx_twim_enable
                0x000000000002b908       0x40 _build/nrfx_twim.o
                0x000000000002b908                nrfx_twim_enable
 .text.nrfx_twim_disable
                0x000000000002b948       0x54 _build/nrfx_twim.o
                0x000000000002b948                nrfx_twim_disable
 .text.nrfx_twim_uninit
                0x000000000002b99c       0xb8 _build/nrfx_twim.o
                0x000000000002b99c                nrfx_twim_uninit
 .text.nrfx_twim_xfer
                0x000000000002ba54      0x304 _build/nrfx_twim.o
                0x000000000002ba54                nrfx_twim_xfer
 .text.nrf_uart_event_clear
                0x000000000002bd58       0x10 _build/nrfx_uart.o
 .text.tx_byte  0x000000000002bd68       0x1e _build/nrfx_uart.o
 .text.rx_enable.isra.1
                0x000000000002bd86       0x20 _build/nrfx_uart.o
 .text.rx_byte  0x000000000002bda6       0x2c _build/nrfx_uart.o
 *fill*         0x000000000002bdd2        0x2 
 .text.nrf_gpio_pin_port_decode.isra.3.part.4
                0x000000000002bdd4       0x10 _build/nrfx_uart.o
 .text.rx_done_event.constprop.9
                0x000000000002bde4       0x20 _build/nrfx_uart.o
 .text.nrfx_uart_0_irq_handler
                0x000000000002be04      0x140 _build/nrfx_uart.o
                0x000000000002be04                nrfx_uart_0_irq_handler
 .text.nrfx_uart_init
                0x000000000002bf44      0x208 _build/nrfx_uart.o
                0x000000000002bf44                nrfx_uart_init
 .text.nrfx_uart_tx
                0x000000000002c14c       0xe0 _build/nrfx_uart.o
                0x000000000002c14c                nrfx_uart_tx
 .text.nrfx_uart_tx_in_progress
                0x000000000002c22c       0x18 _build/nrfx_uart.o
                0x000000000002c22c                nrfx_uart_tx_in_progress
 .text.nrfx_uart_rx
                0x000000000002c244      0x12c _build/nrfx_uart.o
                0x000000000002c244                nrfx_uart_rx
 .text.nrfx_uart_rx_ready
                0x000000000002c370        0xe _build/nrfx_uart.o
                0x000000000002c370                nrfx_uart_rx_ready
 *fill*         0x000000000002c37e        0x2 
 .text.nrfx_uart_rx_enable
                0x000000000002c380       0x2c _build/nrfx_uart.o
                0x000000000002c380                nrfx_uart_rx_enable
 .text.nrfx_uart_rx_abort
                0x000000000002c3ac       0x12 _build/nrfx_uart.o
                0x000000000002c3ac                nrfx_uart_rx_abort
 .text.nrf_uarte_event_clear
                0x000000000002c3be       0x10 _build/nrfx_uarte.o
 *fill*         0x000000000002c3ce        0x2 
 .text.nrf_gpio_pin_port_decode.isra.1.part.2
                0x000000000002c3d0       0x10 _build/nrfx_uarte.o
 .text.rx_done_event.constprop.8
                0x000000000002c3e0       0x20 _build/nrfx_uarte.o
 .text.nrfx_uarte_0_irq_handler
                0x000000000002c400       0xe8 _build/nrfx_uarte.o
                0x000000000002c400                nrfx_uarte_0_irq_handler
 .text.nrfx_uarte_init
                0x000000000002c4e8      0x218 _build/nrfx_uarte.o
                0x000000000002c4e8                nrfx_uarte_init
 .text.nrfx_uarte_tx
                0x000000000002c700       0xe8 _build/nrfx_uarte.o
                0x000000000002c700                nrfx_uarte_tx
 .text.nrfx_uarte_tx_in_progress
                0x000000000002c7e8       0x18 _build/nrfx_uarte.o
                0x000000000002c7e8                nrfx_uarte_tx_in_progress
 .text.nrfx_uarte_rx
                0x000000000002c800      0x130 _build/nrfx_uarte.o
                0x000000000002c800                nrfx_uarte_rx
 .text.nrfx_uarte_rx_ready
                0x000000000002c930        0xe _build/nrfx_uarte.o
                0x000000000002c930                nrfx_uarte_rx_ready
 *fill*         0x000000000002c93e        0x2 
 .text.nrfx_uarte_rx_abort
                0x000000000002c940       0x28 _build/nrfx_uarte.o
                0x000000000002c940                nrfx_uarte_rx_abort
 .text.sd_ble_gap_addr_get
                0x000000000002c968        0x4 _build/ble_advdata.o
 .text.sd_ble_gap_appearance_get
                0x000000000002c96c        0x4 _build/ble_advdata.o
 .text.sd_ble_gap_device_name_get
                0x000000000002c970        0x4 _build/ble_advdata.o
 .text.sd_ble_uuid_encode
                0x000000000002c974        0x4 _build/ble_advdata.o
 .text.uuid_list_sized_encode
                0x000000000002c978       0xa4 _build/ble_advdata.o
 .text.uuid_list_encode
                0x000000000002ca1c       0x34 _build/ble_advdata.o
 .text.ble_advdata_encode
                0x000000000002ca50      0x392 _build/ble_advdata.o
                0x000000000002ca50                ble_advdata_encode
 .text.ble_advdata_search
                0x000000000002cde2       0x38 _build/ble_advdata.o
                0x000000000002cde2                ble_advdata_search
 .text.ble_advdata_parse
                0x000000000002ce1a       0x20 _build/ble_advdata.o
                0x000000000002ce1a                ble_advdata_parse
 .text.sd_ble_gap_adv_set_configure
                0x000000000002ce3a        0x4 _build/ble_advertising.o
 .text.sd_ble_gap_adv_start
                0x000000000002ce3e        0x4 _build/ble_advertising.o
 .text.flags_set
                0x000000000002ce42       0x2c _build/ble_advertising.o
 .text.ble_advertising_conn_cfg_tag_set
                0x000000000002ce6e        0x6 _build/ble_advertising.o
                0x000000000002ce6e                ble_advertising_conn_cfg_tag_set
 .text.ble_advertising_init
                0x000000000002ce74       0xfe _build/ble_advertising.o
                0x000000000002ce74                ble_advertising_init
 .text.ble_advertising_start
                0x000000000002cf72      0x21c _build/ble_advertising.o
                0x000000000002cf72                ble_advertising_start
 .text.ble_advertising_on_ble_evt
                0x000000000002d18e       0x6a _build/ble_advertising.o
                0x000000000002d18e                ble_advertising_on_ble_evt
 .text.ble_advertising_on_sys_evt
                0x000000000002d1f8        0x2 _build/ble_advertising.o
                0x000000000002d1f8                ble_advertising_on_sys_evt
 .text.sd_ble_gap_conn_param_update
                0x000000000002d1fa        0x4 _build/ble_conn_params.o
 .text.sd_ble_gap_disconnect
                0x000000000002d1fe        0x4 _build/ble_conn_params.o
 .text.sd_ble_gap_ppcp_set
                0x000000000002d202        0x4 _build/ble_conn_params.o
 .text.sd_ble_gap_ppcp_get
                0x000000000002d206        0x4 _build/ble_conn_params.o
 *fill*         0x000000000002d20a        0x2 
 .text.instance_get
                0x000000000002d20c       0x14 _build/ble_conn_params.o
 .text.send_error_evt
                0x000000000002d220       0x10 _build/ble_conn_params.o
 .text.update_timeout_handler
                0x000000000002d230       0x6c _build/ble_conn_params.o
 .text.conn_params_negotiation
                0x000000000002d29c       0x48 _build/ble_conn_params.o
 .text.is_conn_params_ok.constprop.3
                0x000000000002d2e4       0x3a _build/ble_conn_params.o
 *fill*         0x000000000002d31e        0x2 
 .text.ble_evt_handler
                0x000000000002d320       0xe0 _build/ble_conn_params.o
 .text.ble_conn_params_init
                0x000000000002d400       0x74 _build/ble_conn_params.o
                0x000000000002d400                ble_conn_params_init
 .text.ble_srv_is_notification_enabled
                0x000000000002d474        0x8 _build/ble_srv_common.o
                0x000000000002d474                ble_srv_is_notification_enabled
 .text.sd_ble_gap_data_length_update
                0x000000000002d47c        0x4 _build/nrf_ble_gatt.o
 .text.sd_ble_gattc_exchange_mtu_request
                0x000000000002d480        0x4 _build/nrf_ble_gatt.o
 .text.sd_ble_gatts_exchange_mtu_reply
                0x000000000002d484        0x4 _build/nrf_ble_gatt.o
 .text.data_length_update
                0x000000000002d488       0x7c _build/nrf_ble_gatt.o
 .text.nrf_ble_gatt_init
                0x000000000002d504       0x2a _build/nrf_ble_gatt.o
                0x000000000002d504                nrf_ble_gatt_init
 *fill*         0x000000000002d52e        0x2 
 .text.nrf_ble_gatt_on_ble_evt
                0x000000000002d530      0x1b0 _build/nrf_ble_gatt.o
                0x000000000002d530                nrf_ble_gatt_on_ble_evt
 .text.sd_ble_gatts_rw_authorize_reply
                0x000000000002d6e0        0x4 _build/nrf_ble_qwr.o
 .text.sd_ble_user_mem_reply
                0x000000000002d6e4        0x4 _build/nrf_ble_qwr.o
 .text.user_mem_reply.part.0
                0x000000000002d6e8       0x24 _build/nrf_ble_qwr.o
 .text.nrf_ble_qwr_init
                0x000000000002d70c       0x24 _build/nrf_ble_qwr.o
                0x000000000002d70c                nrf_ble_qwr_init
 .text.nrf_ble_qwr_conn_handle_assign
                0x000000000002d730       0x16 _build/nrf_ble_qwr.o
                0x000000000002d730                nrf_ble_qwr_conn_handle_assign
 .text.nrf_ble_qwr_on_ble_evt
                0x000000000002d746       0xa0 _build/nrf_ble_qwr.o
                0x000000000002d746                nrf_ble_qwr_on_ble_evt
 .text.sd_softdevice_enable
                0x000000000002d7e6        0x4 _build/nrf_sdh.o
 *fill*         0x000000000002d7ea        0x2 
 .text.sdh_request_observer_notify
                0x000000000002d7ec       0x30 _build/nrf_sdh.o
 .text.sdh_state_observer_notify
                0x000000000002d81c       0x28 _build/nrf_sdh.o
 .text.softdevices_evt_irq_enable
                0x000000000002d844       0x40 _build/nrf_sdh.o
 .text.nrf_sdh_enable_request
                0x000000000002d884       0x78 _build/nrf_sdh.o
                0x000000000002d884                nrf_sdh_enable_request
 .text.nrf_sdh_is_enabled
                0x000000000002d8fc        0xc _build/nrf_sdh.o
                0x000000000002d8fc                nrf_sdh_is_enabled
 .text.nrf_sdh_evts_poll
                0x000000000002d908       0x28 _build/nrf_sdh.o
                0x000000000002d908                nrf_sdh_evts_poll
 .text.SWI2_EGU2_IRQHandler
                0x000000000002d930        0x4 _build/nrf_sdh.o
                0x000000000002d930                SWI2_EGU2_IRQHandler
 .text.sd_ble_enable
                0x000000000002d934        0x4 _build/nrf_sdh_ble.o
 .text.sd_ble_cfg_set
                0x000000000002d938        0x4 _build/nrf_sdh_ble.o
 .text.sd_ble_evt_get
                0x000000000002d93c        0x4 _build/nrf_sdh_ble.o
 .text.nrf_sdh_ble_evts_poll.part.0
                0x000000000002d940       0x58 _build/nrf_sdh_ble.o
 .text.nrf_sdh_ble_evts_poll
                0x000000000002d998       0x10 _build/nrf_sdh_ble.o
 .text.nrf_sdh_ble_default_cfg_set
                0x000000000002d9a8      0x1a4 _build/nrf_sdh_ble.o
                0x000000000002d9a8                nrf_sdh_ble_default_cfg_set
 .text.nrf_sdh_ble_enable
                0x000000000002db4c       0x94 _build/nrf_sdh_ble.o
                0x000000000002db4c                nrf_sdh_ble_enable
 .text.sd_ble_gap_addr_set
                0x000000000002dbe0        0x4 _build/simple_ble.o
 .text.sd_ble_gap_adv_set_configure
                0x000000000002dbe4        0x4 _build/simple_ble.o
 .text.sd_ble_gap_adv_stop
                0x000000000002dbe8        0x4 _build/simple_ble.o
 .text.sd_ble_gap_disconnect
                0x000000000002dbec        0x4 _build/simple_ble.o
 .text.sd_ble_gap_appearance_set
                0x000000000002dbf0        0x4 _build/simple_ble.o
 .text.sd_ble_gap_ppcp_set
                0x000000000002dbf4        0x4 _build/simple_ble.o
 .text.sd_ble_gap_device_name_set
                0x000000000002dbf8        0x4 _build/simple_ble.o
 .text.sd_ble_gap_sec_params_reply
                0x000000000002dbfc        0x4 _build/simple_ble.o
 .text.sd_ble_gap_sec_info_reply
                0x000000000002dc00        0x4 _build/simple_ble.o
 .text.sd_ble_gap_scan_start
                0x000000000002dc04        0x4 _build/simple_ble.o
 .text.sd_ble_gap_phy_update
                0x000000000002dc08        0x4 _build/simple_ble.o
 .text.sd_ble_gatts_sys_attr_set
                0x000000000002dc0c        0x4 _build/simple_ble.o
 .text.sd_power_system_off
                0x000000000002dc10        0x4 _build/simple_ble.o
 .text.on_adv_evt
                0x000000000002dc14        0x2 _build/simple_ble.o
 *fill*         0x000000000002dc16        0x2 
 .text.on_ble_evt
                0x000000000002dc18      0x1d0 _build/simple_ble.o
 .text.conn_params_error_handler
                0x000000000002dde8       0x10 _build/simple_ble.o
 .text.on_conn_params_evt
                0x000000000002ddf8       0x24 _build/simple_ble.o
 .text.qwr_error_handler
                0x000000000002de1c       0x10 _build/simple_ble.o
 .text.assert_nrf_callback
                0x000000000002de2c       0x20 _build/simple_ble.o
                0x000000000002de2c                assert_nrf_callback
 .text.ble_address_set
                0x000000000002de4c       0x78 _build/simple_ble.o
                0x000000000002de4c                ble_address_set
 .text.ble_stack_init
                0x000000000002dec4       0x4c _build/simple_ble.o
                0x000000000002dec4                ble_stack_init
 .text.gap_params_init
                0x000000000002df10       0x90 _build/simple_ble.o
                0x000000000002df10                gap_params_init
 .text.advertising_init
                0x000000000002dfa0       0x70 _build/simple_ble.o
                0x000000000002dfa0                advertising_init
 .text.conn_params_init
                0x000000000002e010       0x5c _build/simple_ble.o
                0x000000000002e010                conn_params_init
 .text.services_init
                0x000000000002e06c       0x30 _build/simple_ble.o
                0x000000000002e06c                services_init
 .text.initialize_app_timer
                0x000000000002e09c       0x18 _build/simple_ble.o
                0x000000000002e09c                initialize_app_timer
 .text.advertising_start
                0x000000000002e0b4       0x24 _build/simple_ble.o
                0x000000000002e0b4                advertising_start
 .text.advertising_stop
                0x000000000002e0d8       0x28 _build/simple_ble.o
                0x000000000002e0d8                advertising_stop
 .text.scanning_start
                0x000000000002e100       0x24 _build/simple_ble.o
                0x000000000002e100                scanning_start
 .text.simple_ble_init
                0x000000000002e124       0x90 _build/simple_ble.o
                0x000000000002e124                simple_ble_init
 .text.simple_ble_adv_only_name
                0x000000000002e1b4       0x74 _build/simple_ble.o
                0x000000000002e1b4                simple_ble_adv_only_name
 .text.simple_ble_set_adv
                0x000000000002e228       0x90 _build/simple_ble.o
                0x000000000002e228                simple_ble_set_adv
 .text.simple_ble_adv_manuf_data
                0x000000000002e2b8       0x40 _build/simple_ble.o
                0x000000000002e2b8                simple_ble_adv_manuf_data
 .text.errata_12
                0x000000000002e2f8       0x40 _build/system_nrf52.o
 .text.errata_16
                0x000000000002e338       0x34 _build/system_nrf52.o
 .text.SystemInit
                0x000000000002e36c      0x25c _build/system_nrf52.o
                0x000000000002e36c                SystemInit
 .text          0x000000000002e5c8       0x3c _build/gcc_startup_nrf52.os
                0x000000000002e5c8                Reset_Handler
                0x000000000002e5f0                NMI_Handler
                0x000000000002e5f4                MemoryManagement_Handler
                0x000000000002e5f6                BusFault_Handler
                0x000000000002e5f8                UsageFault_Handler
                0x000000000002e5fa                SVC_Handler
                0x000000000002e5fc                DebugMon_Handler
                0x000000000002e5fe                PendSV_Handler
                0x000000000002e600                SysTick_Handler
                0x000000000002e602                TIMER2_IRQHandler
                0x000000000002e602                RTC0_IRQHandler
                0x000000000002e602                RADIO_IRQHandler
                0x000000000002e602                PDM_IRQHandler
                0x000000000002e602                TEMP_IRQHandler
                0x000000000002e602                QDEC_IRQHandler
                0x000000000002e602                TIMER3_IRQHandler
                0x000000000002e602                FPU_IRQHandler
                0x000000000002e602                TIMER4_IRQHandler
                0x000000000002e602                I2S_IRQHandler
                0x000000000002e602                SWI4_EGU4_IRQHandler
                0x000000000002e602                ECB_IRQHandler
                0x000000000002e602                Default_Handler
                0x000000000002e602                CCM_AAR_IRQHandler
                0x000000000002e602                WDT_IRQHandler
                0x000000000002e602                SWI5_EGU5_IRQHandler
                0x000000000002e602                RNG_IRQHandler
                0x000000000002e602                RTC2_IRQHandler
                0x000000000002e602                SWI3_EGU3_IRQHandler
                0x000000000002e602                SWI1_EGU1_IRQHandler
                0x000000000002e602                SPIM2_SPIS2_SPI2_IRQHandler
                0x000000000002e602                NFCT_IRQHandler
                0x000000000002e602                MWU_IRQHandler
                0x000000000002e602                COMP_LPCOMP_IRQHandler
 .text.abs      0x000000000002e604        0x8 /usr/bin/../lib/gcc/arm-none-eabi/7.3.1/../../../../arm-none-eabi/lib/thumb/v7e-m/fpv4-sp/hard/libc.a(lib_a-abs.o)
                0x000000000002e604                abs
 .text.__assert_func
                0x000000000002e60c       0x3c /usr/bin/../lib/gcc/arm-none-eabi/7.3.1/../../../../arm-none-eabi/lib/thumb/v7e-m/fpv4-sp/hard/libc.a(lib_a-assert.o)
                0x000000000002e60c                __assert_func
 .text.exit     0x000000000002e648       0x20 /usr/bin/../lib/gcc/arm-none-eabi/7.3.1/../../../../arm-none-eabi/lib/thumb/v7e-m/fpv4-sp/hard/libc.a(lib_a-exit.o)
                0x000000000002e648                exit
 .text.fiprintf
                0x000000000002e668       0x28 /usr/bin/../lib/gcc/arm-none-eabi/7.3.1/../../../../arm-none-eabi/lib/thumb/v7e-m/fpv4-sp/hard/libc.a(lib_a-fiprintf.o)
                0x000000000002e668                fiprintf
 .text.__libc_init_array
                0x000000000002e690       0x48 /usr/bin/../lib/gcc/arm-none-eabi/7.3.1/../../../../arm-none-eabi/lib/thumb/v7e-m/fpv4-sp/hard/libc.a(lib_a-init.o)
                0x000000000002e690                __libc_init_array
 .text.__locale_mb_cur_max
                0x000000000002e6d8       0x1c /usr/bin/../lib/gcc/arm-none-eabi/7.3.1/../../../../arm-none-eabi/lib/thumb/v7e-m/fpv4-sp/hard/libc.a(lib_a-locale.o)
                0x000000000002e6d8                __locale_mb_cur_max
 .text.__locale_ctype_ptr
                0x000000000002e6f4       0x1c /usr/bin/../lib/gcc/arm-none-eabi/7.3.1/../../../../arm-none-eabi/lib/thumb/v7e-m/fpv4-sp/hard/libc.a(lib_a-locale.o)
                0x000000000002e6f4                __locale_ctype_ptr
 .text.__ascii_mbtowc
                0x000000000002e710       0x2c /usr/bin/../lib/gcc/arm-none-eabi/7.3.1/../../../../arm-none-eabi/lib/thumb/v7e-m/fpv4-sp/hard/libc.a(lib_a-mbtowc_r.o)
                0x000000000002e710                __ascii_mbtowc
 .text.memcmp   0x000000000002e73c       0x64 /usr/bin/../lib/gcc/arm-none-eabi/7.3.1/../../../../arm-none-eabi/lib/thumb/v7e-m/fpv4-sp/hard/libc.a(lib_a-memcmp.o)
                0x000000000002e73c                memcmp
 .text          0x000000000002e7a0      0x134 /usr/bin/../lib/gcc/arm-none-eabi/7.3.1/../../../../arm-none-eabi/lib/thumb/v7e-m/fpv4-sp/hard/libc.a(lib_a-memcpy.o)
                0x000000000002e7a0                memcpy
 .text.memset   0x000000000002e8d4       0x94 /usr/bin/../lib/gcc/arm-none-eabi/7.3.1/../../../../arm-none-eabi/lib/thumb/v7e-m/fpv4-sp/hard/libc.a(lib_a-memset.o)
                0x000000000002e8d4                memset
 .text.printf   0x000000000002e968       0x28 /usr/bin/../lib/gcc/arm-none-eabi/7.3.1/../../../../arm-none-eabi/lib/thumb/v7e-m/fpv4-sp/hard/libc.a(lib_a-printf.o)
                0x000000000002e968                printf
 .text.setbuf   0x000000000002e990       0x10 /usr/bin/../lib/gcc/arm-none-eabi/7.3.1/../../../../arm-none-eabi/lib/thumb/v7e-m/fpv4-sp/hard/libc.a(lib_a-setbuf.o)
                0x000000000002e990                setbuf
 .text.setvbuf  0x000000000002e9a0      0x180 /usr/bin/../lib/gcc/arm-none-eabi/7.3.1/../../../../arm-none-eabi/lib/thumb/v7e-m/fpv4-sp/hard/libc.a(lib_a-setvbuf.o)
                0x000000000002e9a0                setvbuf
 .text.strcpy   0x000000000002eb20       0xbc /usr/bin/../lib/gcc/arm-none-eabi/7.3.1/../../../../arm-none-eabi/lib/thumb/v7e-m/fpv4-sp/hard/libc.a(lib_a-strcpy.o)
                0x000000000002eb20                strcpy
 *fill*         0x000000000002ebdc       0x24 
 .text          0x000000000002ec00       0xdc /usr/bin/../lib/gcc/arm-none-eabi/7.3.1/../../../../arm-none-eabi/lib/thumb/v7e-m/fpv4-sp/hard/libc.a(lib_a-strlen.o)
                0x000000000002ec00                strlen
 .text.__sprint_r.part.0
                0x000000000002ecdc       0x78 /usr/bin/../lib/gcc/arm-none-eabi/7.3.1/../../../../arm-none-eabi/lib/thumb/v7e-m/fpv4-sp/hard/libc.a(lib_a-vfiprintf.o)
 .text.__sprint_r
                0x000000000002ed54       0x14 /usr/bin/../lib/gcc/arm-none-eabi/7.3.1/../../../../arm-none-eabi/lib/thumb/v7e-m/fpv4-sp/hard/libc.a(lib_a-vfiprintf.o)
                0x000000000002ed54                __sprint_r
 .text._vfiprintf_r
                0x000000000002ed68      0xce4 /usr/bin/../lib/gcc/arm-none-eabi/7.3.1/../../../../arm-none-eabi/lib/thumb/v7e-m/fpv4-sp/hard/libc.a(lib_a-vfiprintf.o)
                0x000000000002ed68                _vfiprintf_r
 .text.__sbprintf
                0x000000000002fa4c       0x84 /usr/bin/../lib/gcc/arm-none-eabi/7.3.1/../../../../arm-none-eabi/lib/thumb/v7e-m/fpv4-sp/hard/libc.a(lib_a-vfiprintf.o)
 .text._vfprintf_r
                0x000000000002fad0     0x1a7c /usr/bin/../lib/gcc/arm-none-eabi/7.3.1/../../../../arm-none-eabi/lib/thumb/v7e-m/fpv4-sp/hard/libc.a(lib_a-vfprintf.o)
                0x000000000002fad0                _vfprintf_r
 .text.__sbprintf
                0x000000000003154c       0x84 /usr/bin/../lib/gcc/arm-none-eabi/7.3.1/../../../../arm-none-eabi/lib/thumb/v7e-m/fpv4-sp/hard/libc.a(lib_a-vfprintf.o)
 .text.__ascii_wctomb
                0x00000000000315d0       0x1c /usr/bin/../lib/gcc/arm-none-eabi/7.3.1/../../../../arm-none-eabi/lib/thumb/v7e-m/fpv4-sp/hard/libc.a(lib_a-wctomb_r.o)
                0x00000000000315d0                __ascii_wctomb
 .text.__swsetup_r
                0x00000000000315ec       0xcc /usr/bin/../lib/gcc/arm-none-eabi/7.3.1/../../../../arm-none-eabi/lib/thumb/v7e-m/fpv4-sp/hard/libc.a(lib_a-wsetup.o)
                0x00000000000315ec                __swsetup_r
 .text.startup.register_fini
                0x00000000000316b8       0x14 /usr/bin/../lib/gcc/arm-none-eabi/7.3.1/../../../../arm-none-eabi/lib/thumb/v7e-m/fpv4-sp/hard/libc.a(lib_a-__call_atexit.o)
 .text.__call_exitprocs
                0x00000000000316cc       0xe8 /usr/bin/../lib/gcc/arm-none-eabi/7.3.1/../../../../arm-none-eabi/lib/thumb/v7e-m/fpv4-sp/hard/libc.a(lib_a-__call_atexit.o)
                0x00000000000316cc                __call_exitprocs
 .text.abort    0x00000000000317b4       0x10 /usr/bin/../lib/gcc/arm-none-eabi/7.3.1/../../../../arm-none-eabi/lib/thumb/v7e-m/fpv4-sp/hard/libc.a(lib_a-abort.o)
                0x00000000000317b4                abort
 .text.atexit   0x00000000000317c4        0xc /usr/bin/../lib/gcc/arm-none-eabi/7.3.1/../../../../arm-none-eabi/lib/thumb/v7e-m/fpv4-sp/hard/libc.a(lib_a-atexit.o)
                0x00000000000317c4                atexit
 .text.quorem   0x00000000000317d0      0x124 /usr/bin/../lib/gcc/arm-none-eabi/7.3.1/../../../../arm-none-eabi/lib/thumb/v7e-m/fpv4-sp/hard/libc.a(lib_a-dtoa.o)
 *fill*         0x00000000000318f4        0x4 
 .text._dtoa_r  0x00000000000318f8      0xe20 /usr/bin/../lib/gcc/arm-none-eabi/7.3.1/../../../../arm-none-eabi/lib/thumb/v7e-m/fpv4-sp/hard/libc.a(lib_a-dtoa.o)
                0x00000000000318f8                _dtoa_r
 .text.__sflush_r
                0x0000000000032718      0x154 /usr/bin/../lib/gcc/arm-none-eabi/7.3.1/../../../../arm-none-eabi/lib/thumb/v7e-m/fpv4-sp/hard/libc.a(lib_a-fflush.o)
                0x0000000000032718                __sflush_r
 .text._fflush_r
                0x000000000003286c       0x5c /usr/bin/../lib/gcc/arm-none-eabi/7.3.1/../../../../arm-none-eabi/lib/thumb/v7e-m/fpv4-sp/hard/libc.a(lib_a-fflush.o)
                0x000000000003286c                _fflush_r
 .text.std      0x00000000000328c8       0x50 /usr/bin/../lib/gcc/arm-none-eabi/7.3.1/../../../../arm-none-eabi/lib/thumb/v7e-m/fpv4-sp/hard/libc.a(lib_a-findfp.o)
 .text._cleanup_r
                0x0000000000032918        0xc /usr/bin/../lib/gcc/arm-none-eabi/7.3.1/../../../../arm-none-eabi/lib/thumb/v7e-m/fpv4-sp/hard/libc.a(lib_a-findfp.o)
                0x0000000000032918                _cleanup_r
 .text.__sinit  0x0000000000032924       0x58 /usr/bin/../lib/gcc/arm-none-eabi/7.3.1/../../../../arm-none-eabi/lib/thumb/v7e-m/fpv4-sp/hard/libc.a(lib_a-findfp.o)
                0x0000000000032924                __sinit
 .text.__sfp_lock_acquire
                0x000000000003297c        0xc /usr/bin/../lib/gcc/arm-none-eabi/7.3.1/../../../../arm-none-eabi/lib/thumb/v7e-m/fpv4-sp/hard/libc.a(lib_a-findfp.o)
                0x000000000003297c                __sfp_lock_acquire
 .text.__sfp_lock_release
                0x0000000000032988        0xc /usr/bin/../lib/gcc/arm-none-eabi/7.3.1/../../../../arm-none-eabi/lib/thumb/v7e-m/fpv4-sp/hard/libc.a(lib_a-findfp.o)
                0x0000000000032988                __sfp_lock_release
 .text.__libc_fini_array
                0x0000000000032994       0x34 /usr/bin/../lib/gcc/arm-none-eabi/7.3.1/../../../../arm-none-eabi/lib/thumb/v7e-m/fpv4-sp/hard/libc.a(lib_a-fini.o)
                0x0000000000032994                __libc_fini_array
 .text.__fputwc
                0x00000000000329c8       0xa0 /usr/bin/../lib/gcc/arm-none-eabi/7.3.1/../../../../arm-none-eabi/lib/thumb/v7e-m/fpv4-sp/hard/libc.a(lib_a-fputwc.o)
                0x00000000000329c8                __fputwc
 .text._fputwc_r
                0x0000000000032a68       0x64 /usr/bin/../lib/gcc/arm-none-eabi/7.3.1/../../../../arm-none-eabi/lib/thumb/v7e-m/fpv4-sp/hard/libc.a(lib_a-fputwc.o)
                0x0000000000032a68                _fputwc_r
 .text._malloc_trim_r
                0x0000000000032acc       0xa0 /usr/bin/../lib/gcc/arm-none-eabi/7.3.1/../../../../arm-none-eabi/lib/thumb/v7e-m/fpv4-sp/hard/libc.a(lib_a-freer.o)
                0x0000000000032acc                _malloc_trim_r
 .text._free_r  0x0000000000032b6c      0x1e8 /usr/bin/../lib/gcc/arm-none-eabi/7.3.1/../../../../arm-none-eabi/lib/thumb/v7e-m/fpv4-sp/hard/libc.a(lib_a-freer.o)
                0x0000000000032b6c                _free_r
 .text.__sfvwrite_r
                0x0000000000032d54      0x2fc /usr/bin/../lib/gcc/arm-none-eabi/7.3.1/../../../../arm-none-eabi/lib/thumb/v7e-m/fpv4-sp/hard/libc.a(lib_a-fvwrite.o)
                0x0000000000032d54                __sfvwrite_r
 .text._fwalk_reent
                0x0000000000033050       0x54 /usr/bin/../lib/gcc/arm-none-eabi/7.3.1/../../../../arm-none-eabi/lib/thumb/v7e-m/fpv4-sp/hard/libc.a(lib_a-fwalk.o)
                0x0000000000033050                _fwalk_reent
 .text._localeconv_r
                0x00000000000330a4       0x1c /usr/bin/../lib/gcc/arm-none-eabi/7.3.1/../../../../arm-none-eabi/lib/thumb/v7e-m/fpv4-sp/hard/libc.a(lib_a-localeconv.o)
                0x00000000000330a4                _localeconv_r
 .text.__retarget_lock_init_recursive
                0x00000000000330c0        0x4 /usr/bin/../lib/gcc/arm-none-eabi/7.3.1/../../../../arm-none-eabi/lib/thumb/v7e-m/fpv4-sp/hard/libc.a(lib_a-lock.o)
                0x00000000000330c0                __retarget_lock_init_recursive
 .text.__retarget_lock_close_recursive
                0x00000000000330c4        0x4 /usr/bin/../lib/gcc/arm-none-eabi/7.3.1/../../../../arm-none-eabi/lib/thumb/v7e-m/fpv4-sp/hard/libc.a(lib_a-lock.o)
                0x00000000000330c4                __retarget_lock_close_recursive
 .text.__retarget_lock_acquire_recursive
                0x00000000000330c8        0x4 /usr/bin/../lib/gcc/arm-none-eabi/7.3.1/../../../../arm-none-eabi/lib/thumb/v7e-m/fpv4-sp/hard/libc.a(lib_a-lock.o)
                0x00000000000330c8                __retarget_lock_acquire_recursive
 .text.__retarget_lock_release_recursive
                0x00000000000330cc        0x4 /usr/bin/../lib/gcc/arm-none-eabi/7.3.1/../../../../arm-none-eabi/lib/thumb/v7e-m/fpv4-sp/hard/libc.a(lib_a-lock.o)
                0x00000000000330cc                __retarget_lock_release_recursive
 .text.__swhatbuf_r
                0x00000000000330d0       0x5c /usr/bin/../lib/gcc/arm-none-eabi/7.3.1/../../../../arm-none-eabi/lib/thumb/v7e-m/fpv4-sp/hard/libc.a(lib_a-makebuf.o)
                0x00000000000330d0                __swhatbuf_r
 .text.__smakebuf_r
                0x000000000003312c       0x94 /usr/bin/../lib/gcc/arm-none-eabi/7.3.1/../../../../arm-none-eabi/lib/thumb/v7e-m/fpv4-sp/hard/libc.a(lib_a-makebuf.o)
                0x000000000003312c                __smakebuf_r
 .text.malloc   0x00000000000331c0       0x10 /usr/bin/../lib/gcc/arm-none-eabi/7.3.1/../../../../arm-none-eabi/lib/thumb/v7e-m/fpv4-sp/hard/libc.a(lib_a-malloc.o)
                0x00000000000331c0                malloc
 .text.free     0x00000000000331d0       0x10 /usr/bin/../lib/gcc/arm-none-eabi/7.3.1/../../../../arm-none-eabi/lib/thumb/v7e-m/fpv4-sp/hard/libc.a(lib_a-malloc.o)
                0x00000000000331d0                free
 .text._malloc_r
                0x00000000000331e0      0x548 /usr/bin/../lib/gcc/arm-none-eabi/7.3.1/../../../../arm-none-eabi/lib/thumb/v7e-m/fpv4-sp/hard/libc.a(lib_a-mallocr.o)
                0x00000000000331e0                _malloc_r
 *fill*         0x0000000000033728        0x8 
 .text          0x0000000000033730       0xa0 /usr/bin/../lib/gcc/arm-none-eabi/7.3.1/../../../../arm-none-eabi/lib/thumb/v7e-m/fpv4-sp/hard/libc.a(lib_a-memchr.o)
                0x0000000000033730                memchr
 .text.memmove  0x00000000000337d0       0xc8 /usr/bin/../lib/gcc/arm-none-eabi/7.3.1/../../../../arm-none-eabi/lib/thumb/v7e-m/fpv4-sp/hard/libc.a(lib_a-memmove.o)
                0x00000000000337d0                memmove
 .text.__malloc_lock
                0x0000000000033898        0xc /usr/bin/../lib/gcc/arm-none-eabi/7.3.1/../../../../arm-none-eabi/lib/thumb/v7e-m/fpv4-sp/hard/libc.a(lib_a-mlock.o)
                0x0000000000033898                __malloc_lock
 .text.__malloc_unlock
                0x00000000000338a4        0xc /usr/bin/../lib/gcc/arm-none-eabi/7.3.1/../../../../arm-none-eabi/lib/thumb/v7e-m/fpv4-sp/hard/libc.a(lib_a-mlock.o)
                0x00000000000338a4                __malloc_unlock
 .text._Balloc  0x00000000000338b0       0x4c /usr/bin/../lib/gcc/arm-none-eabi/7.3.1/../../../../arm-none-eabi/lib/thumb/v7e-m/fpv4-sp/hard/libc.a(lib_a-mprec.o)
                0x00000000000338b0                _Balloc
 .text._Bfree   0x00000000000338fc       0x14 /usr/bin/../lib/gcc/arm-none-eabi/7.3.1/../../../../arm-none-eabi/lib/thumb/v7e-m/fpv4-sp/hard/libc.a(lib_a-mprec.o)
                0x00000000000338fc                _Bfree
 .text.__multadd
                0x0000000000033910       0x80 /usr/bin/../lib/gcc/arm-none-eabi/7.3.1/../../../../arm-none-eabi/lib/thumb/v7e-m/fpv4-sp/hard/libc.a(lib_a-mprec.o)
                0x0000000000033910                __multadd
 .text.__hi0bits
                0x0000000000033990       0x40 /usr/bin/../lib/gcc/arm-none-eabi/7.3.1/../../../../arm-none-eabi/lib/thumb/v7e-m/fpv4-sp/hard/libc.a(lib_a-mprec.o)
                0x0000000000033990                __hi0bits
 .text.__lo0bits
                0x00000000000339d0       0x60 /usr/bin/../lib/gcc/arm-none-eabi/7.3.1/../../../../arm-none-eabi/lib/thumb/v7e-m/fpv4-sp/hard/libc.a(lib_a-mprec.o)
                0x00000000000339d0                __lo0bits
 .text.__i2b    0x0000000000033a30       0x14 /usr/bin/../lib/gcc/arm-none-eabi/7.3.1/../../../../arm-none-eabi/lib/thumb/v7e-m/fpv4-sp/hard/libc.a(lib_a-mprec.o)
                0x0000000000033a30                __i2b
 .text.__multiply
                0x0000000000033a44      0x14c /usr/bin/../lib/gcc/arm-none-eabi/7.3.1/../../../../arm-none-eabi/lib/thumb/v7e-m/fpv4-sp/hard/libc.a(lib_a-mprec.o)
                0x0000000000033a44                __multiply
 .text.__pow5mult
                0x0000000000033b90       0xa0 /usr/bin/../lib/gcc/arm-none-eabi/7.3.1/../../../../arm-none-eabi/lib/thumb/v7e-m/fpv4-sp/hard/libc.a(lib_a-mprec.o)
                0x0000000000033b90                __pow5mult
 .text.__lshift
                0x0000000000033c30       0xac /usr/bin/../lib/gcc/arm-none-eabi/7.3.1/../../../../arm-none-eabi/lib/thumb/v7e-m/fpv4-sp/hard/libc.a(lib_a-mprec.o)
                0x0000000000033c30                __lshift
 .text.__mcmp   0x0000000000033cdc       0x38 /usr/bin/../lib/gcc/arm-none-eabi/7.3.1/../../../../arm-none-eabi/lib/thumb/v7e-m/fpv4-sp/hard/libc.a(lib_a-mprec.o)
                0x0000000000033cdc                __mcmp
 .text.__mdiff  0x0000000000033d14       0xec /usr/bin/../lib/gcc/arm-none-eabi/7.3.1/../../../../arm-none-eabi/lib/thumb/v7e-m/fpv4-sp/hard/libc.a(lib_a-mprec.o)
                0x0000000000033d14                __mdiff
 .text.__d2b    0x0000000000033e00       0xc4 /usr/bin/../lib/gcc/arm-none-eabi/7.3.1/../../../../arm-none-eabi/lib/thumb/v7e-m/fpv4-sp/hard/libc.a(lib_a-mprec.o)
                0x0000000000033e00                __d2b
 .text._realloc_r
                0x0000000000033ec4      0x35c /usr/bin/../lib/gcc/arm-none-eabi/7.3.1/../../../../arm-none-eabi/lib/thumb/v7e-m/fpv4-sp/hard/libc.a(lib_a-reallocr.o)
                0x0000000000033ec4                _realloc_r
 .text.frexp    0x0000000000034220       0x68 /usr/bin/../lib/gcc/arm-none-eabi/7.3.1/../../../../arm-none-eabi/lib/thumb/v7e-m/fpv4-sp/hard/libc.a(lib_a-s_frexp.o)
                0x0000000000034220                frexp
 .text._sbrk_r  0x0000000000034288       0x24 /usr/bin/../lib/gcc/arm-none-eabi/7.3.1/../../../../arm-none-eabi/lib/thumb/v7e-m/fpv4-sp/hard/libc.a(lib_a-sbrkr.o)
                0x0000000000034288                _sbrk_r
 .text._raise_r
                0x00000000000342ac       0x58 /usr/bin/../lib/gcc/arm-none-eabi/7.3.1/../../../../arm-none-eabi/lib/thumb/v7e-m/fpv4-sp/hard/libc.a(lib_a-signal.o)
                0x00000000000342ac                _raise_r
 .text.raise    0x0000000000034304       0x10 /usr/bin/../lib/gcc/arm-none-eabi/7.3.1/../../../../arm-none-eabi/lib/thumb/v7e-m/fpv4-sp/hard/libc.a(lib_a-signal.o)
                0x0000000000034304                raise
 .text._kill_r  0x0000000000034314       0x28 /usr/bin/../lib/gcc/arm-none-eabi/7.3.1/../../../../arm-none-eabi/lib/thumb/v7e-m/fpv4-sp/hard/libc.a(lib_a-signalr.o)
                0x0000000000034314                _kill_r
 .text._getpid_r
                0x000000000003433c        0x4 /usr/bin/../lib/gcc/arm-none-eabi/7.3.1/../../../../arm-none-eabi/lib/thumb/v7e-m/fpv4-sp/hard/libc.a(lib_a-signalr.o)
                0x000000000003433c                _getpid_r
 .text.__sread  0x0000000000034340       0x24 /usr/bin/../lib/gcc/arm-none-eabi/7.3.1/../../../../arm-none-eabi/lib/thumb/v7e-m/fpv4-sp/hard/libc.a(lib_a-stdio.o)
                0x0000000000034340                __sread
 .text.__swrite
                0x0000000000034364       0x3c /usr/bin/../lib/gcc/arm-none-eabi/7.3.1/../../../../arm-none-eabi/lib/thumb/v7e-m/fpv4-sp/hard/libc.a(lib_a-stdio.o)
                0x0000000000034364                __swrite
 .text.__sseek  0x00000000000343a0       0x20 /usr/bin/../lib/gcc/arm-none-eabi/7.3.1/../../../../arm-none-eabi/lib/thumb/v7e-m/fpv4-sp/hard/libc.a(lib_a-stdio.o)
                0x00000000000343a0                __sseek
 .text.__sclose
                0x00000000000343c0        0x8 /usr/bin/../lib/gcc/arm-none-eabi/7.3.1/../../../../arm-none-eabi/lib/thumb/v7e-m/fpv4-sp/hard/libc.a(lib_a-stdio.o)
                0x00000000000343c0                __sclose
 .text.strncpy  0x00000000000343c8       0x64 /usr/bin/../lib/gcc/arm-none-eabi/7.3.1/../../../../arm-none-eabi/lib/thumb/v7e-m/fpv4-sp/hard/libc.a(lib_a-strncpy.o)
                0x00000000000343c8                strncpy
 .text.__swbuf_r
                0x000000000003442c       0xb0 /usr/bin/../lib/gcc/arm-none-eabi/7.3.1/../../../../arm-none-eabi/lib/thumb/v7e-m/fpv4-sp/hard/libc.a(lib_a-wbuf.o)
                0x000000000003442c                __swbuf_r
 .text._wcrtomb_r
                0x00000000000344dc       0x50 /usr/bin/../lib/gcc/arm-none-eabi/7.3.1/../../../../arm-none-eabi/lib/thumb/v7e-m/fpv4-sp/hard/libc.a(lib_a-wcrtomb.o)
                0x00000000000344dc                _wcrtomb_r
 .text.__register_exitproc
                0x000000000003452c       0xc0 /usr/bin/../lib/gcc/arm-none-eabi/7.3.1/../../../../arm-none-eabi/lib/thumb/v7e-m/fpv4-sp/hard/libc.a(lib_a-__atexit.o)
                0x000000000003452c                __register_exitproc
 .text._calloc_r
                0x00000000000345ec       0x68 /usr/bin/../lib/gcc/arm-none-eabi/7.3.1/../../../../arm-none-eabi/lib/thumb/v7e-m/fpv4-sp/hard/libc.a(lib_a-callocr.o)
                0x00000000000345ec                _calloc_r
 .text._close_r
                0x0000000000034654       0x24 /usr/bin/../lib/gcc/arm-none-eabi/7.3.1/../../../../arm-none-eabi/lib/thumb/v7e-m/fpv4-sp/hard/libc.a(lib_a-closer.o)
                0x0000000000034654                _close_r
 .text._fclose_r
                0x0000000000034678       0xd0 /usr/bin/../lib/gcc/arm-none-eabi/7.3.1/../../../../arm-none-eabi/lib/thumb/v7e-m/fpv4-sp/hard/libc.a(lib_a-fclose.o)
                0x0000000000034678                _fclose_r
 .text._fstat_r
                0x0000000000034748       0x28 /usr/bin/../lib/gcc/arm-none-eabi/7.3.1/../../../../arm-none-eabi/lib/thumb/v7e-m/fpv4-sp/hard/libc.a(lib_a-fstatr.o)
                0x0000000000034748                _fstat_r
 .text._isatty_r
                0x0000000000034770       0x24 /usr/bin/../lib/gcc/arm-none-eabi/7.3.1/../../../../arm-none-eabi/lib/thumb/v7e-m/fpv4-sp/hard/libc.a(lib_a-isattyr.o)
                0x0000000000034770                _isatty_r
 .text._lseek_r
                0x0000000000034794       0x2c /usr/bin/../lib/gcc/arm-none-eabi/7.3.1/../../../../arm-none-eabi/lib/thumb/v7e-m/fpv4-sp/hard/libc.a(lib_a-lseekr.o)
                0x0000000000034794                _lseek_r
 .text._read_r  0x00000000000347c0       0x2c /usr/bin/../lib/gcc/arm-none-eabi/7.3.1/../../../../arm-none-eabi/lib/thumb/v7e-m/fpv4-sp/hard/libc.a(lib_a-readr.o)
                0x00000000000347c0                _read_r
 .text._close   0x00000000000347ec       0x10 /usr/bin/../lib/gcc/arm-none-eabi/7.3.1/../../../../arm-none-eabi/lib/thumb/v7e-m/fpv4-sp/hard/libnosys.a(close.o)
                0x00000000000347ec                _close
 .text._fstat   0x00000000000347fc       0x10 /usr/bin/../lib/gcc/arm-none-eabi/7.3.1/../../../../arm-none-eabi/lib/thumb/v7e-m/fpv4-sp/hard/libnosys.a(fstat.o)
                0x00000000000347fc                _fstat
 .text._getpid  0x000000000003480c       0x10 /usr/bin/../lib/gcc/arm-none-eabi/7.3.1/../../../../arm-none-eabi/lib/thumb/v7e-m/fpv4-sp/hard/libnosys.a(getpid.o)
                0x000000000003480c                _getpid
 .text._isatty  0x000000000003481c       0x10 /usr/bin/../lib/gcc/arm-none-eabi/7.3.1/../../../../arm-none-eabi/lib/thumb/v7e-m/fpv4-sp/hard/libnosys.a(isatty.o)
                0x000000000003481c                _isatty
 .text._kill    0x000000000003482c       0x10 /usr/bin/../lib/gcc/arm-none-eabi/7.3.1/../../../../arm-none-eabi/lib/thumb/v7e-m/fpv4-sp/hard/libnosys.a(kill.o)
                0x000000000003482c                _kill
 .text._lseek   0x000000000003483c       0x10 /usr/bin/../lib/gcc/arm-none-eabi/7.3.1/../../../../arm-none-eabi/lib/thumb/v7e-m/fpv4-sp/hard/libnosys.a(lseek.o)
                0x000000000003483c                _lseek
 .text._read    0x000000000003484c       0x10 /usr/bin/../lib/gcc/arm-none-eabi/7.3.1/../../../../arm-none-eabi/lib/thumb/v7e-m/fpv4-sp/hard/libnosys.a(read.o)
                0x000000000003484c                _read
 .text._sbrk    0x000000000003485c       0x1c /usr/bin/../lib/gcc/arm-none-eabi/7.3.1/../../../../arm-none-eabi/lib/thumb/v7e-m/fpv4-sp/hard/libnosys.a(sbrk.o)
                0x000000000003485c                _sbrk
 .text._exit    0x0000000000034878        0x4 /usr/bin/../lib/gcc/arm-none-eabi/7.3.1/../../../../arm-none-eabi/lib/thumb/v7e-m/fpv4-sp/hard/libnosys.a(_exit.o)
                0x0000000000034878                _exit
 .text.round    0x000000000003487c       0xa4 /usr/bin/../lib/gcc/arm-none-eabi/7.3.1/../../../../arm-none-eabi/lib/thumb/v7e-m/fpv4-sp/hard/libm.a(lib_a-s_round.o)
                0x000000000003487c                round
 .text          0x0000000000034920      0x378 /usr/bin/../lib/gcc/arm-none-eabi/7.3.1/thumb/v7e-m/fpv4-sp/hard/libgcc.a(_arm_addsubdf3.o)
                0x0000000000034920                __aeabi_drsub
                0x0000000000034928                __aeabi_dsub
                0x0000000000034928                __subdf3
                0x000000000003492c                __adddf3
                0x000000000003492c                __aeabi_dadd
                0x0000000000034ba4                __aeabi_ui2d
                0x0000000000034ba4                __floatunsidf
                0x0000000000034bc4                __floatsidf
                0x0000000000034bc4                __aeabi_i2d
                0x0000000000034be8                __extendsfdf2
                0x0000000000034be8                __aeabi_f2d
                0x0000000000034c2c                __aeabi_ul2d
                0x0000000000034c2c                __floatundidf
                0x0000000000034c3c                __floatdidf
                0x0000000000034c3c                __aeabi_l2d
 .text          0x0000000000034c98      0x424 /usr/bin/../lib/gcc/arm-none-eabi/7.3.1/thumb/v7e-m/fpv4-sp/hard/libgcc.a(_arm_muldivdf3.o)
                0x0000000000034c98                __aeabi_dmul
                0x0000000000034c98                __muldf3
                0x0000000000034eec                __aeabi_ddiv
                0x0000000000034eec                __divdf3
 .text          0x00000000000350bc      0x110 /usr/bin/../lib/gcc/arm-none-eabi/7.3.1/thumb/v7e-m/fpv4-sp/hard/libgcc.a(_arm_cmpdf2.o)
                0x00000000000350bc                __gtdf2
                0x00000000000350bc                __gedf2
                0x00000000000350c4                __ltdf2
                0x00000000000350c4                __ledf2
                0x00000000000350cc                __cmpdf2
                0x00000000000350cc                __eqdf2
                0x00000000000350cc                __nedf2
                0x0000000000035148                __aeabi_cdrcmple
                0x0000000000035158                __aeabi_cdcmple
                0x0000000000035158                __aeabi_cdcmpeq
                0x0000000000035168                __aeabi_dcmpeq
                0x000000000003517c                __aeabi_dcmplt
                0x0000000000035190                __aeabi_dcmple
                0x00000000000351a4                __aeabi_dcmpge
                0x00000000000351b8                __aeabi_dcmpgt
 .text          0x00000000000351cc       0x2c /usr/bin/../lib/gcc/arm-none-eabi/7.3.1/thumb/v7e-m/fpv4-sp/hard/libgcc.a(_arm_unorddf2.o)
                0x00000000000351cc                __aeabi_dcmpun
                0x00000000000351cc                __unorddf2
 .text          0x00000000000351f8       0x50 /usr/bin/../lib/gcc/arm-none-eabi/7.3.1/thumb/v7e-m/fpv4-sp/hard/libgcc.a(_arm_fixdfsi.o)
                0x00000000000351f8                __fixdfsi
                0x00000000000351f8                __aeabi_d2iz
 .text          0x0000000000035248       0xa0 /usr/bin/../lib/gcc/arm-none-eabi/7.3.1/thumb/v7e-m/fpv4-sp/hard/libgcc.a(_arm_truncdfsf2.o)
                0x0000000000035248                __aeabi_d2f
                0x0000000000035248                __truncdfsf2
 .text          0x00000000000352e8       0x30 /usr/bin/../lib/gcc/arm-none-eabi/7.3.1/thumb/v7e-m/fpv4-sp/hard/libgcc.a(_aeabi_uldivmod.o)
                0x00000000000352e8                __aeabi_uldivmod
 .text          0x0000000000035318      0x2cc /usr/bin/../lib/gcc/arm-none-eabi/7.3.1/thumb/v7e-m/fpv4-sp/hard/libgcc.a(_udivmoddi4.o)
                0x0000000000035318                __udivmoddi4
 .text          0x00000000000355e4        0x4 /usr/bin/../lib/gcc/arm-none-eabi/7.3.1/thumb/v7e-m/fpv4-sp/hard/libgcc.a(_dvmd_tls.o)
                0x00000000000355e4                __aeabi_ldiv0
                0x00000000000355e4                __aeabi_idiv0
 *(.init)
 .init          0x00000000000355e8        0x4 /usr/bin/../lib/gcc/arm-none-eabi/7.3.1/thumb/v7e-m/fpv4-sp/hard/crti.o
                0x00000000000355e8                _init
 .init          0x00000000000355ec        0x8 /usr/bin/../lib/gcc/arm-none-eabi/7.3.1/thumb/v7e-m/fpv4-sp/hard/crtn.o
 *(.fini)
 .fini          0x00000000000355f4        0x4 /usr/bin/../lib/gcc/arm-none-eabi/7.3.1/thumb/v7e-m/fpv4-sp/hard/crti.o
                0x00000000000355f4                _fini
 .fini          0x00000000000355f8        0x8 /usr/bin/../lib/gcc/arm-none-eabi/7.3.1/thumb/v7e-m/fpv4-sp/hard/crtn.o
 *crtbegin.o(.ctors)
 *crtbegin?.o(.ctors)
 *(EXCLUDE_FILE(*crtend.o *crtend?.o) .ctors)
 *(SORT_BY_NAME(.ctors.*))
 *(.ctors)
 *crtbegin.o(.dtors)
 *crtbegin?.o(.dtors)
 *(EXCLUDE_FILE(*crtend.o *crtend?.o) .dtors)
 *(SORT_BY_NAME(.dtors.*))
 *(.dtors)
 *(.rodata*)
 .rodata        0x0000000000035600       0x10 _build/main.o
 .rodata.LEADER_address
                0x0000000000035610        0x6 _build/main.o
                0x0000000000035610                LEADER_address
 .rodata.__func__.13785
                0x0000000000035616       0x1a _build/main.o
 .rodata.adv_timer
                0x0000000000035630        0x4 _build/main.o
 .rodata.ble_evt_adv_report.str1.1
                0x0000000000035634       0x5e _build/main.o
 *fill*         0x0000000000035692        0xe 
 .rodata.delay_machine_code.10422
                0x00000000000356a0        0x6 _build/main.o
 .rodata.getResolution.str1.1
                0x00000000000356a6       0x1c _build/main.o
 .rodata.main.str1.1
                0x00000000000356c2       0x9a _build/main.o
                                         0xad (size before relaxing)
 .rodata.pixy_ftl_change_tolerance.str1.1
                0x000000000003575c       0x68 _build/main.o
 .rodata.pixy_spi_instance
                0x00000000000357c4       0x10 _build/main.o
 .rodata.pixy_timer
                0x00000000000357d4        0x4 _build/main.o
 .rodata.pixy_timer_callback.str1.1
                0x00000000000357d8       0x29 _build/main.o
 .rodata.str1.1
                0x0000000000035801        0x7 _build/main.o
 .rodata.timer_callback.str1.1
                0x0000000000035808       0x25 _build/main.o
 *fill*         0x000000000003582d        0x3 
 .rodata.twi_mngr_instance
                0x0000000000035830       0x18 _build/main.o
 .rodata        0x0000000000035848        0x8 _build/mpu9250.o
 .rodata.delay_machine_code.8617
                0x0000000000035850        0x6 _build/mpu9250.o
 *fill*         0x0000000000035856        0x2 
 .rodata.gyro_timer
                0x0000000000035858        0x8 _build/mpu9250.o
 .rodata.i2c_reg_write.str1.1
                0x0000000000035860       0x55 _build/mpu9250.o
 .rodata.kobukiReadFeedbackPacket.str1.1
                0x00000000000358b5       0x1c _build/kobukiUART.o
 .rodata.kobukiInit.str1.1
                0x00000000000358d1       0x5c _build/kobukiUtilities.o
 *fill*         0x000000000003592d        0x3 
 .rodata.m_uart0_drv_config
                0x0000000000035930       0x20 _build/kobukiUtilities.o
 .rodata.serial_buffs
                0x0000000000035950        0xc _build/kobukiUtilities.o
 .rodata.serial_config
                0x000000000003595c       0x14 _build/kobukiUtilities.o
 .rodata.serial_queues
                0x0000000000035970        0x8 _build/kobukiUtilities.o
 .rodata.serial_uart
                0x0000000000035978       0x20 _build/kobukiUtilities.o
 .rodata.serial_uart_rx_timer
                0x0000000000035998        0x4 _build/kobukiUtilities.o
 .rodata.serial_uart_tx_timer
                0x000000000003599c        0x4 _build/kobukiUtilities.o
 .rodata.app_error_fault_handler.str1.1
                0x00000000000359a0       0xb7 _build/better_error_handling.o
 *fill*         0x0000000000035a57        0x9 
 .rodata.delay_machine_code.8629
                0x0000000000035a60        0x6 _build/better_error_handling.o
 .rodata._DoInit.str1.1
                0x0000000000035a66       0x14 _build/SEGGER_RTT.o
 *fill*         0x0000000000035a7a        0x6 
 .rodata.delay_machine_code.9273
                0x0000000000035a80        0x6 _build/app_timer.o
 .rodata.app_util_critical_region_enter.str1.1
                0x0000000000035a86       0x55 _build/app_util_platform.o
 .rodata.HardFault_c_handler.str1.1
                0x0000000000035adb      0x12e _build/hardfault_implementation.o
 *fill*         0x0000000000035c09        0x3 
 .rodata.cfsr_msgs.9468
                0x0000000000035c0c       0x68 _build/hardfault_implementation.o
 .rodata.str1.1
                0x0000000000035c74      0x4c0 _build/hardfault_implementation.o
 .rodata.nrf_balloc_init.str1.1
                0x0000000000036134       0x50 _build/nrf_balloc.o
 .rodata.nrf_drv_clock_uninit.str1.1
                0x0000000000036184       0x4f _build/nrf_drv_clock.o
 .rodata.str1.1
                0x00000000000361d3        0x6 _build/nrf_drv_clock.o
 *fill*         0x00000000000361d9        0x3 
 .rodata        0x00000000000361dc       0x10 _build/nrf_drv_spi.o
 *fill*         0x00000000000361ec        0x4 
 .rodata.delay_machine_code.8617
                0x00000000000361f0        0x6 _build/nrf_drv_twi.o
 .rodata.nrf_gpio_pin_port_decode.isra.0.part.1.str1.1
                0x00000000000361f6       0x43 _build/nrf_drv_twi.o
 .rodata.nrf_fprintf_buffer_flush.str1.1
                0x0000000000036239       0x46 _build/nrf_fprintf.o
 .rodata._aV2C.7562
                0x000000000003627f       0x10 _build/nrf_fprintf_format.o
 .rodata.nrf_fprintf_fmt.str1.1
                0x000000000003628f       0x4d _build/nrf_fprintf_format.o
 .rodata.str1.1
                0x00000000000362dc        0xd _build/nrf_fstorage.o
 *fill*         0x00000000000362e9        0x7 
 .rodata.delay_machine_code.9549
                0x00000000000362f0        0x6 _build/nrf_log_backend_rtt.o
 *fill*         0x00000000000362f6        0x2 
 .rodata.nrf_log_backend_rtt_api
                0x00000000000362f8        0xc _build/nrf_log_backend_rtt.o
                0x00000000000362f8                nrf_log_backend_rtt_api
 .rodata.nrf_log_default_backends_init.str1.1
                0x0000000000036304       0x5f _build/nrf_log_default_backends.o
 .rodata.str1.1
                0x0000000000036363       0x10 _build/nrf_log_default_backends.o
 .rodata.buf_prealloc.str1.1
                0x0000000000036373       0x57 _build/nrf_log_frontend.o
 *fill*         0x00000000000363ca        0x2 
 .rodata.m_log_push_ringbuf
                0x00000000000363cc        0xc _build/nrf_log_frontend.o
 .rodata.nrf_log_frontend_dequeue.str1.1
                0x00000000000363d8       0x11 _build/nrf_log_frontend.o
 .rodata.str1.1
                0x00000000000363e9        0x4 _build/nrf_log_frontend.o
 *fill*         0x00000000000363ed        0x3 
 .rodata.m_colors
                0x00000000000363f0       0x24 _build/nrf_log_str_formatter.o
 .rodata.nrf_log_hexdump_entry_process.str1.1
                0x0000000000036414        0xf _build/nrf_log_str_formatter.o
                                         0x11 (size before relaxing)
 .rodata.postfix_process.str1.1
                0x0000000000036423        0x8 _build/nrf_log_str_formatter.o
                                          0xb (size before relaxing)
 .rodata.prefix_process.str1.1
                0x000000000003642b       0x2a _build/nrf_log_str_formatter.o
 *fill*         0x0000000000036455        0x3 
 .rodata.severity_names
                0x0000000000036458       0x14 _build/nrf_log_str_formatter.o
 .rodata.str1.1
                0x000000000003646c       0x4b _build/nrf_log_str_formatter.o
                                         0x51 (size before relaxing)
 .rodata.memobj_op.str1.1
                0x00000000000364b7       0x50 _build/nrf_memobj.o
 *fill*         0x0000000000036507        0x1 
 .rodata.pwr_mgmt_data
                0x0000000000036508        0xc _build/nrf_pwr_mgmt.o
 .rodata.str1.1
                0x0000000000036514        0x9 _build/nrf_pwr_mgmt.o
 .rodata.nrf_queue_next_idx.str1.1
                0x000000000003651d       0x4e _build/nrf_queue.o
 .rodata.nrf_section_iter_init.str1.1
                0x000000000003656b       0x69 _build/nrf_section_iter.o
 .rodata.nrf_mtx_unlock.str1.1
                0x00000000000365d4       0x4c _build/nrf_serial.o
 .rodata.nrf_serial_init.str1.1
                0x0000000000036620       0x4e _build/nrf_serial.o
 .rodata.uart_event_handler.str1.1
                0x000000000003666e       0x50 _build/nrf_serial.o
 .rodata.m_unknown_str
                0x00000000000366be       0x13 _build/nrf_strerror.o
 *fill*         0x00000000000366d1        0x3 
 .rodata.nrf_strerror_array
                0x00000000000366d4      0x128 _build/nrf_strerror.o
 .rodata.str1.1
                0x00000000000367fc      0x3ba _build/nrf_strerror.o
 .rodata.transaction_end_signal.str1.1
                0x0000000000036bb6       0x54 _build/nrf_twi_mngr.o
 .rodata.nrfx_clock_init.str1.1
                0x0000000000036c0a       0x4d _build/nrfx_clock.o
 .rodata.str1.1
                0x0000000000036c57        0x6 _build/nrfx_clock.o
 .rodata.nrf_gpio_pin_port_decode.isra.0.part.1.str1.1
                0x0000000000036c5d       0x43 _build/nrfx_gpiote.o
 .rodata.nrfx_gpiote_out_init.str1.1
                0x0000000000036c5d       0x4e _build/nrfx_gpiote.o
 .rodata.str1.1
                0x0000000000036cab        0x7 _build/nrfx_gpiote.o
 .rodata.str1.1
                0x0000000000036cb2        0x4 _build/nrfx_ppi.o
 .rodata.UARTE0_UART0_IRQHandler.str1.1
                0x0000000000036cb6       0x4f _build/nrfx_prs.o
 .rodata.str1.1
                0x0000000000036d05        0x4 _build/nrfx_prs.o
 .rodata.str1.1
                0x0000000000036d09        0x4 _build/nrfx_pwm.o
 .rodata.str1.1
                0x0000000000036d0d        0x6 _build/nrfx_saadc.o
 .rodata.SPIM1_SPIS1_TWIM1_TWIS1_SPI1_TWI1_IRQHandler.str1.1
                0x0000000000036d13       0x4c _build/nrfx_spim.o
 .rodata.nrf_gpio_pin_port_decode.isra.0.part.1.str1.1
                0x0000000000036d5f       0x43 _build/nrfx_spim.o
 .rodata.nrfx_spim_init.str1.1
                0x0000000000036d5f       0x44 _build/nrfx_spim.o
 .rodata.str1.1
                0x0000000000036da3        0x5 _build/nrfx_spim.o
 .rodata.nrfx_timer_init.str1.1
                0x0000000000036da8       0x4d _build/nrfx_timer.o
                                         0x91 (size before relaxing)
 .rodata.str1.1
                0x0000000000036df5        0x6 _build/nrfx_timer.o
 .rodata.SPIM0_SPIS0_TWIM0_TWIS0_SPI0_TWI0_IRQHandler.str1.1
                0x0000000000036dfb       0x4c _build/nrfx_twim.o
 .rodata.nrfx_twim_init.str1.1
                0x0000000000036e47       0x87 _build/nrfx_twim.o
 .rodata.str1.1
                0x0000000000036e47        0x5 _build/nrfx_twim.o
 .rodata.nrf_gpio_pin_port_decode.isra.3.part.4.str1.1
                0x0000000000036e4c       0x43 _build/nrfx_uart.o
 .rodata.nrfx_uart_init.str1.1
                0x0000000000036e4c       0x4c _build/nrfx_uart.o
                                         0x90 (size before relaxing)
 .rodata.str1.1
                0x0000000000036e98        0x5 _build/nrfx_uart.o
 .rodata.nrf_gpio_pin_port_decode.isra.1.part.2.str1.1
                0x0000000000036e9d       0x43 _build/nrfx_uarte.o
 .rodata.nrfx_uarte_init.str1.1
                0x0000000000036e9d       0x4d _build/nrfx_uarte.o
                                         0x91 (size before relaxing)
 .rodata.str1.1
                0x0000000000036eea        0x6 _build/nrfx_uarte.o
 .rodata.data_length_update.str1.1
                0x0000000000036ef0       0xdf _build/nrf_ble_gatt.o
 .rodata.nrf_ble_gatt_on_ble_evt.str1.1
                0x0000000000036fcf       0x60 _build/nrf_ble_gatt.o
 .rodata.str1.1
                0x000000000003702f        0xd _build/nrf_ble_gatt.o
 .rodata        0x000000000003703c        0x4 _build/nrf_sdh.o
 .rodata.sdh_req_observers
                0x0000000000037040        0xc _build/nrf_sdh.o
 .rodata.sdh_stack_observers
                0x000000000003704c        0xc _build/nrf_sdh.o
 .rodata.sdh_state_observers
                0x0000000000037058        0xc _build/nrf_sdh.o
 .rodata.softdevices_evt_irq_enable.str1.1
                0x0000000000037064       0x4e _build/nrf_sdh.o
 .rodata.str1.1
                0x00000000000370b2        0x8 _build/nrf_sdh.o
 .rodata.nrf_sdh_ble_default_cfg_set.str1.1
                0x00000000000370ba      0x1c9 _build/nrf_sdh_ble.o
 .rodata.nrf_sdh_ble_enable.str1.1
                0x0000000000037283       0xa7 _build/nrf_sdh_ble.o
 .rodata.nrf_sdh_ble_evts_poll.part.0.str1.1
                0x000000000003732a       0x52 _build/nrf_sdh_ble.o
 .rodata.sdh_ble_observers
                0x000000000003737c        0xc _build/nrf_sdh_ble.o
 .rodata.str1.1
                0x0000000000037388        0xc _build/nrf_sdh_ble.o
 .rodata.CONN_SUP_TIMEOUT
                0x0000000000037394        0x4 _build/simple_ble.o
                0x0000000000037394                CONN_SUP_TIMEOUT
 .rodata.FIRST_CONN_PARAMS_UPDATE_DELAY
                0x0000000000037398        0x4 _build/simple_ble.o
                0x0000000000037398                FIRST_CONN_PARAMS_UPDATE_DELAY
 .rodata.SLAVE_LATENCY
                0x000000000003739c        0x4 _build/simple_ble.o
                0x000000000003739c                SLAVE_LATENCY
 .rodata.assert_nrf_callback.str1.1
                0x00000000000373a0       0x25 _build/simple_ble.o
 .rodata.on_ble_evt.str1.1
                0x00000000000373c5       0x51 _build/simple_ble.o
 .rodata.simple_ble_init.str1.1
                0x0000000000037416       0x4b _build/simple_ble.o
 *fill*         0x0000000000037461        0x3 
 .rodata.__assert_func.str1.4
                0x0000000000037464       0x3f /usr/bin/../lib/gcc/arm-none-eabi/7.3.1/../../../../arm-none-eabi/lib/thumb/v7e-m/fpv4-sp/hard/libc.a(lib_a-assert.o)
                                         0x43 (size before relaxing)
 *fill*         0x00000000000374a3        0x1 
 .rodata._global_impure_ptr
                0x00000000000374a4        0x4 /usr/bin/../lib/gcc/arm-none-eabi/7.3.1/../../../../arm-none-eabi/lib/thumb/v7e-m/fpv4-sp/hard/libc.a(lib_a-impure.o)
                0x00000000000374a4                _global_impure_ptr
 .rodata._setlocale_r.str1.4
                0x00000000000374a8        0xa /usr/bin/../lib/gcc/arm-none-eabi/7.3.1/../../../../arm-none-eabi/lib/thumb/v7e-m/fpv4-sp/hard/libc.a(lib_a-locale.o)
                                          0xd (size before relaxing)
 *fill*         0x00000000000374b2        0x2 
 .rodata.str1.4
                0x00000000000374b4        0x2 /usr/bin/../lib/gcc/arm-none-eabi/7.3.1/../../../../arm-none-eabi/lib/thumb/v7e-m/fpv4-sp/hard/libc.a(lib_a-locale.o)
 *fill*         0x00000000000374b6        0x2 
 .rodata._vfiprintf_r.str1.4
                0x00000000000374b8       0x2f /usr/bin/../lib/gcc/arm-none-eabi/7.3.1/../../../../arm-none-eabi/lib/thumb/v7e-m/fpv4-sp/hard/libc.a(lib_a-vfiprintf.o)
 *fill*         0x00000000000374e7        0x1 
 .rodata.blanks.8583
                0x00000000000374e8       0x10 /usr/bin/../lib/gcc/arm-none-eabi/7.3.1/../../../../arm-none-eabi/lib/thumb/v7e-m/fpv4-sp/hard/libc.a(lib_a-vfiprintf.o)
 .rodata.zeroes.8584
                0x00000000000374f8       0x10 /usr/bin/../lib/gcc/arm-none-eabi/7.3.1/../../../../arm-none-eabi/lib/thumb/v7e-m/fpv4-sp/hard/libc.a(lib_a-vfiprintf.o)
 .rodata._vfprintf_r.str1.4
                0x0000000000037508       0x12 /usr/bin/../lib/gcc/arm-none-eabi/7.3.1/../../../../arm-none-eabi/lib/thumb/v7e-m/fpv4-sp/hard/libc.a(lib_a-vfprintf.o)
                                         0x42 (size before relaxing)
 *fill*         0x000000000003751a        0x2 
 .rodata.blanks.8605
                0x000000000003751c       0x10 /usr/bin/../lib/gcc/arm-none-eabi/7.3.1/../../../../arm-none-eabi/lib/thumb/v7e-m/fpv4-sp/hard/libc.a(lib_a-vfprintf.o)
 .rodata.zeroes.8606
                0x000000000003752c       0x10 /usr/bin/../lib/gcc/arm-none-eabi/7.3.1/../../../../arm-none-eabi/lib/thumb/v7e-m/fpv4-sp/hard/libc.a(lib_a-vfprintf.o)
 .rodata._ctype_
                0x000000000003753c      0x101 /usr/bin/../lib/gcc/arm-none-eabi/7.3.1/../../../../arm-none-eabi/lib/thumb/v7e-m/fpv4-sp/hard/libc.a(lib_a-ctype_.o)
                0x000000000003753c                _ctype_
 *fill*         0x000000000003763d        0x3 
 .rodata._dtoa_r.str1.4
                0x0000000000037640       0x10 /usr/bin/../lib/gcc/arm-none-eabi/7.3.1/../../../../arm-none-eabi/lib/thumb/v7e-m/fpv4-sp/hard/libc.a(lib_a-dtoa.o)
                                         0x12 (size before relaxing)
 .rodata.__mprec_bigtens